Archive member included because of file (symbol)

c:/program files/gnu tools arm embedded/4.9 2014q4/bin/../lib/gcc/arm-none-eabi/4.9.3/../../../../arm-none-eabi/lib/armv7e-m\libg.a(lib_a-calloc.o)
                              build/obj/ArrayCopy.o (calloc)
c:/program files/gnu tools arm embedded/4.9 2014q4/bin/../lib/gcc/arm-none-eabi/4.9.3/../../../../arm-none-eabi/lib/armv7e-m\libg.a(lib_a-callocr.o)
                              c:/program files/gnu tools arm embedded/4.9 2014q4/bin/../lib/gcc/arm-none-eabi/4.9.3/../../../../arm-none-eabi/lib/armv7e-m\libg.a(lib_a-calloc.o) (_calloc_r)
c:/program files/gnu tools arm embedded/4.9 2014q4/bin/../lib/gcc/arm-none-eabi/4.9.3/../../../../arm-none-eabi/lib/armv7e-m\libg.a(lib_a-impure.o)
                              c:/program files/gnu tools arm embedded/4.9 2014q4/bin/../lib/gcc/arm-none-eabi/4.9.3/../../../../arm-none-eabi/lib/armv7e-m\libg.a(lib_a-calloc.o) (_impure_ptr)
c:/program files/gnu tools arm embedded/4.9 2014q4/bin/../lib/gcc/arm-none-eabi/4.9.3/../../../../arm-none-eabi/lib/armv7e-m\libg.a(lib_a-malloc.o)
                              build/obj/ArrayCopy.o (free)
c:/program files/gnu tools arm embedded/4.9 2014q4/bin/../lib/gcc/arm-none-eabi/4.9.3/../../../../arm-none-eabi/lib/armv7e-m\libg.a(lib_a-mallocr.o)
                              c:/program files/gnu tools arm embedded/4.9 2014q4/bin/../lib/gcc/arm-none-eabi/4.9.3/../../../../arm-none-eabi/lib/armv7e-m\libg.a(lib_a-callocr.o) (_malloc_r)
c:/program files/gnu tools arm embedded/4.9 2014q4/bin/../lib/gcc/arm-none-eabi/4.9.3/../../../../arm-none-eabi/lib/armv7e-m\libg.a(lib_a-memcpy.o)
                              build/obj/ArrayCopy.o (memcpy)
c:/program files/gnu tools arm embedded/4.9 2014q4/bin/../lib/gcc/arm-none-eabi/4.9.3/../../../../arm-none-eabi/lib/armv7e-m\libg.a(lib_a-memset.o)
                              build/obj/syscalls.o (memset)
c:/program files/gnu tools arm embedded/4.9 2014q4/bin/../lib/gcc/arm-none-eabi/4.9.3/../../../../arm-none-eabi/lib/armv7e-m\libg.a(lib_a-mlock.o)
                              c:/program files/gnu tools arm embedded/4.9 2014q4/bin/../lib/gcc/arm-none-eabi/4.9.3/../../../../arm-none-eabi/lib/armv7e-m\libg.a(lib_a-mallocr.o) (__malloc_lock)
c:/program files/gnu tools arm embedded/4.9 2014q4/bin/../lib/gcc/arm-none-eabi/4.9.3/../../../../arm-none-eabi/lib/armv7e-m\libg.a(lib_a-freer.o)
                              c:/program files/gnu tools arm embedded/4.9 2014q4/bin/../lib/gcc/arm-none-eabi/4.9.3/../../../../arm-none-eabi/lib/armv7e-m\libg.a(lib_a-malloc.o) (_free_r)

Discarded input sections

 .data          0x00000000        0x0 build/obj/chcoreasm_v7m.o
 .bss           0x00000000        0x0 build/obj/chcoreasm_v7m.o
 .text          0x00000000        0x0 build/obj/crt0.o
 .data          0x00000000        0x0 build/obj/crt0.o
 .bss           0x00000000        0x0 build/obj/crt0.o
 .text.__early_init
                0x00000000       0x10 build/obj/crt0.o
 .text          0x00000000        0x0 build/obj/vectors.o
 .data          0x00000000        0x0 build/obj/vectors.o
 .bss           0x00000000        0x0 build/obj/vectors.o
 .text          0x00000000        0x0 build/obj/chcore.o
 .data          0x00000000        0x0 build/obj/chcore.o
 .bss           0x00000000        0x0 build/obj/chcore.o
 .debug_info    0x00000000      0x5bf build/obj/chcore.o
 .debug_abbrev  0x00000000      0x132 build/obj/chcore.o
 .debug_aranges
                0x00000000       0x18 build/obj/chcore.o
 .debug_line    0x00000000      0x1ba build/obj/chcore.o
 .debug_str     0x00000000      0x513 build/obj/chcore.o
 .comment       0x00000000       0x71 build/obj/chcore.o
 .ARM.attributes
                0x00000000       0x33 build/obj/chcore.o
 .text          0x00000000        0x0 build/obj/chcore_v7m.o
 .data          0x00000000        0x0 build/obj/chcore_v7m.o
 .bss           0x00000000        0x0 build/obj/chcore_v7m.o
 .text          0x00000000        0x0 build/obj/chsys.o
 .data          0x00000000        0x0 build/obj/chsys.o
 .bss           0x00000000        0x0 build/obj/chsys.o
 .text.chSysHalt
                0x00000000       0x10 build/obj/chsys.o
 .text.chSysGetStatusAndLockX
                0x00000000       0x20 build/obj/chsys.o
 .text.chSysRestoreStatusX
                0x00000000       0x20 build/obj/chsys.o
 .text.chSysIsCounterWithinX
                0x00000000       0x20 build/obj/chsys.o
 .text.chSysPolledDelayX
                0x00000000       0x30 build/obj/chsys.o
 .text          0x00000000        0x0 build/obj/chdebug.o
 .data          0x00000000        0x0 build/obj/chdebug.o
 .bss           0x00000000        0x0 build/obj/chdebug.o
 .debug_info    0x00000000      0x5bf build/obj/chdebug.o
 .debug_abbrev  0x00000000      0x132 build/obj/chdebug.o
 .debug_aranges
                0x00000000       0x18 build/obj/chdebug.o
 .debug_line    0x00000000      0x1ba build/obj/chdebug.o
 .debug_str     0x00000000      0x50b build/obj/chdebug.o
[...]
Memory Configuration

Name             Origin             Length             Attributes
flash            0x08000000         0x00080000
ram              0x20000000         0x00018000
*default*        0x00000000         0xffffffff

Linker script and memory map

LOAD build/obj/chcoreasm_v7m.o
LOAD build/obj/crt0.o
LOAD build/obj/vectors.o
LOAD build/obj/chcore.o
LOAD build/obj/chcore_v7m.o
LOAD build/obj/chsys.o
LOAD build/obj/chdebug.o
LOAD build/obj/chtm.o
LOAD build/obj/chstats.o
LOAD build/obj/chschd.o
LOAD build/obj/chvt.o
LOAD build/obj/chthreads.o
LOAD build/obj/chdynamic.o
LOAD build/obj/chregistry.o
LOAD build/obj/chsem.o
LOAD build/obj/chmtx.o
LOAD build/obj/chcond.o
LOAD build/obj/chevents.o
LOAD build/obj/chmsg.o
LOAD build/obj/chmboxes.o
LOAD build/obj/chqueues.o
LOAD build/obj/chmemcore.o
LOAD build/obj/chheap.o
LOAD build/obj/chmempools.o
LOAD build/obj/test.o
LOAD build/obj/testthd.o
LOAD build/obj/testsem.o
LOAD build/obj/testmtx.o
LOAD build/obj/testmsg.o
LOAD build/obj/testmbox.o
LOAD build/obj/testevt.o
LOAD build/obj/testheap.o
LOAD build/obj/testpools.o
LOAD build/obj/testdyn.o
LOAD build/obj/testqueues.o
LOAD build/obj/testbmk.o
LOAD build/obj/hal.o
LOAD build/obj/hal_queues.o
LOAD build/obj/hal_mmcsd.o
LOAD build/obj/adc.o
LOAD build/obj/can.o
LOAD build/obj/dac.o
LOAD build/obj/ext.o
LOAD build/obj/gpt.o
LOAD build/obj/i2c.o
LOAD build/obj/i2s.o
LOAD build/obj/icu.o
LOAD build/obj/mac.o
LOAD build/obj/mmc_spi.o
LOAD build/obj/pal.o
LOAD build/obj/pwm.o
LOAD build/obj/rtc.o
LOAD build/obj/sdc.o
LOAD build/obj/serial.o
LOAD build/obj/serial_usb.o
LOAD build/obj/spi.o
LOAD build/obj/st.o
LOAD build/obj/uart.o
LOAD build/obj/usb.o
LOAD build/obj/osal.o
LOAD build/obj/nvic.o
LOAD build/obj/stm32_dma.o
LOAD build/obj/hal_lld.o
LOAD build/obj/adc_lld.o
LOAD build/obj/ext_lld_isr.o
LOAD build/obj/can_lld.o
LOAD build/obj/ext_lld.o
LOAD build/obj/mac_lld.o
LOAD build/obj/sdc_lld.o
LOAD build/obj/dac_lld.o
LOAD build/obj/pal_lld.o
LOAD build/obj/i2c_lld.o
LOAD build/obj/usb_lld.o
LOAD build/obj/rtc_lld.o
LOAD build/obj/i2s_lld.o
LOAD build/obj/spi_lld.o
LOAD build/obj/gpt_lld.o
LOAD build/obj/icu_lld.o
LOAD build/obj/pwm_lld.o
LOAD build/obj/st_lld.o
LOAD build/obj/serial_lld.o
LOAD build/obj/uart_lld.o
LOAD build/obj/board.o
LOAD build/obj/syscalls.o
LOAD build/obj/chprintf.o
LOAD build/obj/stubs.o
LOAD build/obj/ITM_trace.o
LOAD build/obj/ArrayCopy.o
LOAD build/obj/ArrayList.o
LOAD build/obj/main.o
                0x20000000                __ram_start__ = ORIGIN (ram)
                0x00018000                __ram_size__ = 0x18000
                0x20018000                __ram_end__ = (__ram_start__ + __ram_size__)
                0x00000000                . = 0x0
                0x00000000                _text = .

startup         0x08000000      0x1c0
 *(vectors)
 vectors        0x08000000      0x1c0 build/obj/vectors.o
                0x08000000                _vectors

constructors    0x080001c0        0x0
                0x080001c0                PROVIDE (__init_array_start, .)
 *(SORT(.init_array.*))
 *(.init_array)
                0x080001c0                PROVIDE (__init_array_end, .)

destructors     0x080001c0        0x0
                0x080001c0                PROVIDE (__fini_array_start, .)
 *(.fini_array)
 *(SORT(.fini_array.*))
                0x080001c0                PROVIDE (__fini_array_end, .)

.text           0x080001c0     0x2894
 *(.text.startup.*)
 .text.startup.main
                0x080001c0       0xb0 build/obj/main.o
                0x080001c0                main
 *(.text)
 .text          0x08000270       0x26 build/obj/chcoreasm_v7m.o
                0x08000270                _port_switch
                0x08000280                _port_thread_start
                0x0800028e                _port_switch_from_isr
                0x08000292                _port_exit_from_isr
 *fill*         0x08000296        0xa 
 .text          0x080002a0      0x134 c:/program files/gnu tools arm embedded/4.9 2014q4/bin/../lib/gcc/arm-none-eabi/4.9.3/../../../../arm-none-eabi/lib/armv7e-m\libg.a(lib_a-memcpy.o)
                0x080002a0                memcpy
 *(.text.*)
 *fill*         0x080003d4        0xc 
 .text.__late_init
                0x080003e0       0x10 build/obj/crt0.o
                0x080003e0                __late_init
 .text._default_exit
                0x080003f0       0x10 build/obj/crt0.o
                0x080003f0                _default_exit
 .text.Reset_Handler
                0x08000400      0x100 build/obj/crt0.o
                0x08000400                Reset_Handler
 .text._unhandled_exception
                0x08000500       0x10 build/obj/vectors.o
                0x08000500                Vector58
                0x08000500                VectorE8
                0x08000500                Vector9C
                0x08000500                VectorAC
                0x08000500                DebugMon_Handler
                0x08000500                Vector1A0
                0x08000500                Vector5C
                0x08000500                Vector11C
                0x08000500                HardFault_Handler
                0x08000500                Vector1B8
                0x08000500                Vector19C
                0x08000500                Vector8C
                0x08000500                SysTick_Handler
                0x08000500                VectorDC
                0x08000500                PendSV_Handler
                0x08000500                Vector168
                0x08000500                NMI_Handler
                0x08000500                Vector110
                0x08000500                Vector120
                0x08000500                VectorC8
                0x08000500                Vector94
                0x08000500                VectorA8
                0x08000500                VectorB4
                0x08000500                Vector74
                0x08000500                Vector160
                0x08000500                Vector1B0
                0x08000500                UsageFault_Handler
                0x08000500                VectorEC
                0x08000500                Vector40
                0x08000500                VectorF8
                0x08000500                Vector108
                0x08000500                VectorBC
                0x08000500                Vector190
                0x08000500                Vector150
                0x08000500                Vector124
                0x08000500                Vector148
                0x08000500                Vector188
                0x08000500                Vector198
                0x08000500                Vector118
                0x08000500                Vector64
                0x08000500                VectorCC
                0x08000500                Vector54
                0x08000500                Vector98
                0x08000500                Vector138
                0x08000500                Vector24
                0x08000500                Vector1AC
                0x08000500                Vector178
                0x08000500                Vector84
                0x08000500                Vector1A4
                0x08000500                VectorD0
                0x08000500                Vector1B4
                0x08000500                Vector140
                0x08000500                VectorE4
                0x08000500                VectorC0
                0x08000500                Vector158
                0x08000500                Vector130
                0x08000500                Vector134
                0x08000500                VectorF0
                0x08000500                Vector12C
                0x08000500                Vector13C
                0x08000500                Vector100
                0x08000500                VectorE0
                0x08000500                VectorF4
                0x08000500                MemManage_Handler
                0x08000500                Vector6C
                0x08000500                VectorA0
                0x08000500                VectorC4
                0x08000500                Vector7C
                0x08000500                Vector180
                0x08000500                Vector90
                0x08000500                Vector114
                0x08000500                Vector164
                0x08000500                Vector60
                0x08000500                Vector1C
                0x08000500                Vector1BC
                0x08000500                Vector17C
                0x08000500                Vector48
                0x08000500                Vector1A8
                0x08000500                Vector16C
                0x08000500                Vector70
                0x08000500                VectorD4
                0x08000500                Vector4C
                0x08000500                Vector144
                0x08000500                Vector80
                0x08000500                Vector15C
                0x08000500                Vector68
                0x08000500                Vector78
                0x08000500                _unhandled_exception
                0x08000500                Vector170
                0x08000500                Vector88
                0x08000500                Vector104
                0x08000500                Vector184
                0x08000500                Vector10C
                0x08000500                Vector14C
                0x08000500                BusFault_Handler
                0x08000500                Vector50
                0x08000500                Vector194
                0x08000500                Vector154
                0x08000500                Vector44
                0x08000500                Vector28
                0x08000500                VectorB8
                0x08000500                VectorFC
                0x08000500                Vector34
                0x08000500                Vector128
                0x08000500                VectorA4
                0x08000500                Vector20
                0x08000500                Vector18C
                0x08000500                Vector174
 .text.SVC_Handler
                0x08000510       0x20 build/obj/chcore_v7m.o
                0x08000510                SVC_Handler
 .text._port_irq_epilogue
                0x08000530       0x50 build/obj/chcore_v7m.o
                0x08000530                _port_irq_epilogue
 .text._idle_thread
                0x08000580       0x20 build/obj/chsys.o
 .text.chSysInit
                0x080005a0       0xa0 build/obj/chsys.o
                0x080005a0                chSysInit
 .text.chSysTimerHandlerI
                0x08000640       0x80 build/obj/chsys.o
                0x08000640                chSysTimerHandlerI
 .text.chTMStartMeasurementX
                0x080006c0       0x10 build/obj/chtm.o
                0x080006c0                chTMStartMeasurementX
 .text.chTMStopMeasurementX
                0x080006d0       0x50 build/obj/chtm.o
                0x080006d0                chTMStopMeasurementX
 .text._tm_init
                0x08000720       0x40 build/obj/chtm.o
                0x08000720                _tm_init
 .text.wakeup   0x08000760       0x70 build/obj/chschd.o
 .text._scheduler_init
                0x080007d0       0x20 build/obj/chschd.o
                0x080007d0                _scheduler_init
 .text.chSchReadyI
                0x080007f0       0x30 build/obj/chschd.o
                0x080007f0                chSchReadyI
 .text.chSchGoSleepS
                0x08000820       0x30 build/obj/chschd.o
                0x08000820                chSchGoSleepS
 .text.chSchGoSleepTimeoutS
                0x08000850       0x50 build/obj/chschd.o
                0x08000850                chSchGoSleepTimeoutS
 .text.chSchWakeupS
                0x080008a0       0x60 build/obj/chschd.o
                0x080008a0                chSchWakeupS
 .text.chSchIsPreemptionRequired
                0x08000900       0x20 build/obj/chschd.o
                0x08000900                chSchIsPreemptionRequired
 .text.chSchDoRescheduleAhead
                0x08000920       0x40 build/obj/chschd.o
                0x08000920                chSchDoRescheduleAhead
 .text.chSchDoReschedule
                0x08000960       0x10 build/obj/chschd.o
                0x08000960                chSchDoReschedule
 .text._vt_init
                0x08000970       0x20 build/obj/chvt.o
                0x08000970                _vt_init
 .text.chVTDoSetI
                0x08000990       0x70 build/obj/chvt.o
                0x08000990                chVTDoSetI
 .text.chVTDoResetI
                0x08000a00       0x50 build/obj/chvt.o
                0x08000a00                chVTDoResetI
 .text._thread_init
                0x08000a50       0x40 build/obj/chthreads.o
                0x08000a50                _thread_init
 .text.chThdCreateStatic
                0x08000a90       0x80 build/obj/chthreads.o
                0x08000a90                chThdCreateStatic
 .text.chThdSleep
                0x08000b10       0x20 build/obj/chthreads.o
                0x08000b10                chThdSleep
 .text.chThdExitS
                0x08000b30       0x40 build/obj/chthreads.o
                0x08000b30                chThdExitS
 .text.chThdExit
                0x08000b70       0x10 build/obj/chthreads.o
                0x08000b70                chThdExit
 .text.chThdEnqueueTimeoutS
                0x08000b80       0x30 build/obj/chthreads.o
                0x08000b80                chThdEnqueueTimeoutS
 .text.chThdDequeueNextI
                0x08000bb0       0x20 build/obj/chthreads.o
                0x08000bb0                chThdDequeueNextI
 .text.chMtxObjectInit
                0x08000bd0       0x10 build/obj/chmtx.o
                0x08000bd0                chMtxObjectInit
 .text.chMtxLockS
                0x08000be0       0xd0 build/obj/chmtx.o
                0x08000be0                chMtxLockS
 .text.chMtxLock
                0x08000cb0       0x20 build/obj/chmtx.o
                0x08000cb0                chMtxLock
 .text.chMtxUnlock
                0x08000cd0       0x60 build/obj/chmtx.o
                0x08000cd0                chMtxUnlock
 .text.chEvtSignalI
                0x08000d30       0x30 build/obj/chevents.o
                0x08000d30                chEvtSignalI
 .text.chEvtBroadcastFlagsI
                0x08000d60       0x30 build/obj/chevents.o
                0x08000d60                chEvtBroadcastFlagsI
 .text.chIQObjectInit
                0x08000d90       0x20 build/obj/chqueues.o
                0x08000d90                chIQObjectInit
 .text.chIQPutI
                0x08000db0       0x40 build/obj/chqueues.o
                0x08000db0                chIQPutI
 .text.chIQGetTimeout
                0x08000df0       0x50 build/obj/chqueues.o
                0x08000df0                chIQGetTimeout
 .text.chIQReadTimeout
                0x08000e40       0x80 build/obj/chqueues.o
                0x08000e40                chIQReadTimeout
 .text.chOQObjectInit
                0x08000ec0       0x20 build/obj/chqueues.o
                0x08000ec0                chOQObjectInit
 .text.chOQPutTimeout
                0x08000ee0       0x50 build/obj/chqueues.o
                0x08000ee0                chOQPutTimeout
 .text.chOQGetI
                0x08000f30       0x40 build/obj/chqueues.o
                0x08000f30                chOQGetI
 .text.chOQWriteTimeout
                0x08000f70       0x90 build/obj/chqueues.o
                0x08000f70                chOQWriteTimeout
 .text._core_init
                0x08001000       0x30 build/obj/chmemcore.o
                0x08001000                _core_init
 .text.chCoreAlloc
                0x08001030       0x40 build/obj/chmemcore.o
                0x08001030                chCoreAlloc
 .text.chprintf.constprop.0
                0x08001070       0x30 build/obj/chheap.o
 .text._heap_init
                0x080010a0       0x20 build/obj/chheap.o
                0x080010a0                _heap_init
 .text.chHeapAlloc
                0x080010c0      0x100 build/obj/chheap.o
                0x080010c0                chHeapAlloc
 .text.chprintf.constprop.0
                0x080011c0       0x30 build/obj/hal.o
 .text.halInit  0x080011f0       0x50 build/obj/hal.o
                0x080011f0                halInit
 .text.readt    0x08001240       0x10 build/obj/serial.o
 .text.read     0x08001250       0x10 build/obj/serial.o
 .text.writet   0x08001260       0x10 build/obj/serial.o
 .text.write    0x08001270       0x10 build/obj/serial.o
 .text.gett     0x08001280       0x10 build/obj/serial.o
 .text.get      0x08001290       0x10 build/obj/serial.o
 .text.putt     0x080012a0       0x10 build/obj/serial.o
 .text.put      0x080012b0       0x10 build/obj/serial.o
 .text.sdInit   0x080012c0       0x10 build/obj/serial.o
                0x080012c0                sdInit
 .text.sdObjectInit
                0x080012d0       0x40 build/obj/serial.o
                0x080012d0                sdObjectInit
 .text.sdIncomingDataI
                0x08001310       0x40 build/obj/serial.o
                0x08001310                sdIncomingDataI
 .text.stInit   0x08001350       0x10 build/obj/st.o
                0x08001350                stInit
 .text.stStartAlarm
                0x08001360       0x10 build/obj/st.o
                0x08001360                stStartAlarm
 .text.stStopAlarm
                0x08001370       0x10 build/obj/st.o
                0x08001370                stStopAlarm
 .text.stSetAlarm
                0x08001380       0x10 build/obj/st.o
                0x08001380                stSetAlarm
 .text.nvicEnableVector
                0x08001390       0x40 build/obj/nvic.o
                0x08001390                nvicEnableVector
 .text.hal_lld_init
                0x080013d0       0x70 build/obj/hal_lld.o
                0x080013d0                hal_lld_init
 .text.stm32_clock_init
                0x08001440       0xc0 build/obj/hal_lld.o
                0x08001440                stm32_clock_init
 .text._pal_lld_init
                0x08001500      0x110 build/obj/pal_lld.o
                0x08001500                _pal_lld_init
 .text.VectorB0
                0x08001610       0x20 build/obj/st_lld.o
                0x08001610                VectorB0
 .text.st_lld_init
                0x08001630       0x40 build/obj/st_lld.o
                0x08001630                st_lld_init
 .text.notify2  0x08001670       0x10 build/obj/serial_lld.o
 .text.VectorD8
                0x08001680      0x120 build/obj/serial_lld.o
                0x08001680                VectorD8
 .text.sd_lld_init
                0x080017a0       0x20 build/obj/serial_lld.o
                0x080017a0                sd_lld_init
 .text.__early_init
                0x080017c0       0x10 build/obj/board.o
                0x080017c0                __early_init
 .text.boardInit
                0x080017d0       0x10 build/obj/board.o
                0x080017d0                boardInit
 .text._sbrk_r  0x080017e0       0x20 build/obj/syscalls.o
                0x080017e0                _sbrk_r
 .text.long_to_string_with_divisor.constprop.0
                0x08001800       0x50 build/obj/chprintf.o
 .text.chvprintf
                0x08001850      0x310 build/obj/chprintf.o
                0x08001850                chvprintf
 .text.get      0x08001b60       0x10 build/obj/ITM_trace.o
 .text.reads    0x08001b70       0x10 build/obj/ITM_trace.o
 .text.put      0x08001b80       0x10 build/obj/ITM_trace.o
 .text.writes   0x08001b90       0x20 build/obj/ITM_trace.o
 .text.itmObjectInit
                0x08001bb0       0x10 build/obj/ITM_trace.o
                0x08001bb0                itmObjectInit
 .text.arrayCopy
                0x08001bc0       0x90 build/obj/ArrayCopy.o
                0x08001bc0                arrayCopy
 .text.chprintf.constprop.2
                0x08001c50       0x30 build/obj/ArrayList.o
 .text.initWithSizeAndIncRate
                0x08001c80       0x30 build/obj/ArrayList.o
                0x08001c80                initWithSizeAndIncRate
 .text.init     0x08001cb0       0x10 build/obj/ArrayList.o
                0x08001cb0                init
 .text.add      0x08001cc0       0x90 build/obj/ArrayList.o
                0x08001cc0                add
 .text.insert   0x08001d50       0x50 build/obj/ArrayList.o
                0x08001d50                insert
 .text.print    0x08001da0       0x70 build/obj/ArrayList.o
                0x08001da0                print
 .text.Thread1  0x08001e10       0x40 build/obj/main.o
 .text.chprintf.constprop.3
                0x08001e50       0x30 build/obj/main.o
 .text.Debug_ITMDebugEnable
                0x08001e80       0x40 build/obj/main.o
                0x08001e80                Debug_ITMDebugEnable
 .text.Debug_ITMDebugOutputChar
                0x08001ec0       0x30 build/obj/main.o
                0x08001ec0                Debug_ITMDebugOutputChar
 .text.calloc   0x08001ef0       0x10 c:/program files/gnu tools arm embedded/4.9 2014q4/bin/../lib/gcc/arm-none-eabi/4.9.3/../../../../arm-none-eabi/lib/armv7e-m\libg.a(lib_a-calloc.o)
                0x08001ef0                calloc
 .text._calloc_r
                0x08001f00       0x60 c:/program files/gnu tools arm embedded/4.9 2014q4/bin/../lib/gcc/arm-none-eabi/4.9.3/../../../../arm-none-eabi/lib/armv7e-m\libg.a(lib_a-callocr.o)
                0x08001f00                _calloc_r
 .text.free     0x08001f60       0x10 c:/program files/gnu tools arm embedded/4.9 2014q4/bin/../lib/gcc/arm-none-eabi/4.9.3/../../../../arm-none-eabi/lib/armv7e-m\libg.a(lib_a-malloc.o)
                0x08001f60                free
 .text._malloc_r
                0x08001f70      0x51c c:/program files/gnu tools arm embedded/4.9 2014q4/bin/../lib/gcc/arm-none-eabi/4.9.3/../../../../arm-none-eabi/lib/armv7e-m\libg.a(lib_a-mallocr.o)
                0x08001f70                _malloc_r
 *fill*         0x0800248c        0x4 
 .text.memset   0x08002490       0x9c c:/program files/gnu tools arm embedded/4.9 2014q4/bin/../lib/gcc/arm-none-eabi/4.9.3/../../../../arm-none-eabi/lib/armv7e-m\libg.a(lib_a-memset.o)
                0x08002490                memset
 *fill*         0x0800252c        0x4 
 .text.__malloc_lock
                0x08002530        0x4 c:/program files/gnu tools arm embedded/4.9 2014q4/bin/../lib/gcc/arm-none-eabi/4.9.3/../../../../arm-none-eabi/lib/armv7e-m\libg.a(lib_a-mlock.o)
                0x08002530                __malloc_lock
 *fill*         0x08002534        0xc 
 .text.__malloc_unlock
                0x08002540        0x4 c:/program files/gnu tools arm embedded/4.9 2014q4/bin/../lib/gcc/arm-none-eabi/4.9.3/../../../../arm-none-eabi/lib/armv7e-m\libg.a(lib_a-mlock.o)
                0x08002540                __malloc_unlock
 *fill*         0x08002544        0xc 
 .text._malloc_trim_r
                0x08002550       0x9c c:/program files/gnu tools arm embedded/4.9 2014q4/bin/../lib/gcc/arm-none-eabi/4.9.3/../../../../arm-none-eabi/lib/armv7e-m\libg.a(lib_a-freer.o)
                0x08002550                _malloc_trim_r
 *fill*         0x080025ec        0x4 
 .text._free_r  0x080025f0      0x1b0 c:/program files/gnu tools arm embedded/4.9 2014q4/bin/../lib/gcc/arm-none-eabi/4.9.3/../../../../arm-none-eabi/lib/armv7e-m\libg.a(lib_a-freer.o)
                0x080025f0                _free_r
 *(.rodata)
 *(.rodata.*)
 .rodata.str1.4
                0x080027a0        0x5 build/obj/chsys.o
                                  0x8 (size before relaxing)
 *fill*         0x080027a5        0xb 
 .rodata.ch_debug
                0x080027b0       0x18 build/obj/chregistry.o
                0x080027b0                ch_debug
 *fill*         0x080027c8        0x8 
 .rodata.str1.4
                0x080027d0       0x76 build/obj/chheap.o
                                 0x78 (size before relaxing)
 *fill*         0x08002846        0xa 
 .rodata.str1.4
                0x08002850       0x1c build/obj/hal.o
 *fill*         0x0800286c        0x4 
 .rodata.vmt    0x08002870       0x20 build/obj/serial.o
 .rodata.pal_default_config
                0x08002890       0xa8 build/obj/board.o
                0x08002890                pal_default_config
 *fill*         0x08002938        0x8 
 .rodata.str1.4
                0x08002940        0x7 build/obj/chprintf.o
                                  0x8 (size before relaxing)
 *fill*         0x08002947        0x9 
 .rodata.vmt    0x08002950       0x10 build/obj/ITM_trace.o
 .rodata.str1.4
                0x08002960       0xbb build/obj/ArrayList.o
                                 0xc0 (size before relaxing)
 *fill*         0x08002a1b        0x5 
 .rodata.str1.4
                0x08002a20       0x2a build/obj/main.o
                                 0x2c (size before relaxing)
 *fill*         0x08002a4a        0x6 
 .rodata.str1.4
                0x08002a50        0x4 c:/program files/gnu tools arm embedded/4.9 2014q4/bin/../lib/gcc/arm-none-eabi/4.9.3/../../../../arm-none-eabi/lib/armv7e-m\libg.a(lib_a-impure.o)
 *(.glue_7t)
 .glue_7t       0x00000000        0x0 linker stubs
 *(.glue_7)
 .glue_7        0x00000000        0x0 linker stubs
 *(.gcc*)

.vfp11_veneer   0x08002a54        0x0
 .vfp11_veneer  0x00000000        0x0 linker stubs

.v4_bx          0x08002a54        0x0
 .v4_bx         0x00000000        0x0 linker stubs

.iplt           0x08002a54        0x0
 .iplt          0x00000000        0x0 build/obj/chcoreasm_v7m.o

.rel.dyn        0x08002a54        0x0
 .rel.iplt      0x00000000        0x0 build/obj/chcoreasm_v7m.o

.ARM.extab
 *(.ARM.extab* .gnu.linkonce.armextab.*)

.ARM.exidx      0x08002a54        0x0
                0x08002a54                PROVIDE (__exidx_start, .)
 *(.ARM.exidx* .gnu.linkonce.armexidx.*)
                0x08002a54                PROVIDE (__exidx_end, .)

.eh_frame_hdr
 *(.eh_frame_hdr)

.eh_frame
 *(.eh_frame)

.textalign      0x08002a54        0x4
                0x08002a58                . = ALIGN (0x8)
 *fill*         0x08002a54        0x4 
                0x08002a58                . = ALIGN (0x4)
                0x08002a58                _etext = .
                0x08002a58                _textdata = _etext

.stacks         0x20000000      0x800
                0x20000000                . = ALIGN (0x8)
                0x20000000                __main_stack_base__ = .
                0x20000400                . = (. + __main_stack_size__)
 *fill*         0x20000000      0x400 
                0x20000400                . = ALIGN (0x8)
                0x20000400                __main_stack_end__ = .
                0x20000400                __process_stack_base__ = .
                0x20000400                __main_thread_stack_base__ = .
                0x20000800                . = (. + __process_stack_size__)
 *fill*         0x20000400      0x400 
                0x20000800                . = ALIGN (0x8)
                0x20000800                __process_stack_end__ = .
                0x20000800                __main_thread_stack_end__ = .

.data           0x20000800      0x83c load address 0x08002a58
                0x20000800                . = ALIGN (0x4)
                0x20000800                PROVIDE (_data, .)
 *(.data)
 *(.data.*)
 .data.impure_data
                0x20000800      0x428 c:/program files/gnu tools arm embedded/4.9 2014q4/bin/../lib/gcc/arm-none-eabi/4.9.3/../../../../arm-none-eabi/lib/armv7e-m\libg.a(lib_a-impure.o)
 .data._impure_ptr
                0x20000c28        0x4 c:/program files/gnu tools arm embedded/4.9 2014q4/bin/../lib/gcc/arm-none-eabi/4.9.3/../../../../arm-none-eabi/lib/armv7e-m\libg.a(lib_a-impure.o)
                0x20000c28                _impure_ptr
 .data.__malloc_av_
                0x20000c2c      0x408 c:/program files/gnu tools arm embedded/4.9 2014q4/bin/../lib/gcc/arm-none-eabi/4.9.3/../../../../arm-none-eabi/lib/armv7e-m\libg.a(lib_a-mallocr.o)
                0x20000c2c                __malloc_av_
 .data.__malloc_trim_threshold
                0x20001034        0x4 c:/program files/gnu tools arm embedded/4.9 2014q4/bin/../lib/gcc/arm-none-eabi/4.9.3/../../../../arm-none-eabi/lib/armv7e-m\libg.a(lib_a-mallocr.o)
                0x20001034                __malloc_trim_threshold
 .data.__malloc_sbrk_base
                0x20001038        0x4 c:/program files/gnu tools arm embedded/4.9 2014q4/bin/../lib/gcc/arm-none-eabi/4.9.3/../../../../arm-none-eabi/lib/armv7e-m\libg.a(lib_a-mallocr.o)
                0x20001038                __malloc_sbrk_base
 *(.ramtext)
                0x2000103c                . = ALIGN (0x4)
                0x2000103c                PROVIDE (_edata, .)

.igot.plt       0x2000103c        0x0 load address 0x08003294
 .igot.plt      0x00000000        0x0 build/obj/chcoreasm_v7m.o

.bss            0x2000103c      0x378
                0x2000103c                . = ALIGN (0x4)
                0x2000103c                PROVIDE (_bss_start, .)
 *(.bss)
 *(.bss.*)
 *fill*         0x2000103c        0x4 
 .bss.ch        0x20001040      0x150 build/obj/chschd.o
                0x20001040                ch
 .bss.endmem    0x20001190        0x4 build/obj/chmemcore.o
 .bss.nextmem   0x20001194        0x4 build/obj/chmemcore.o
 .bss.default_heap
                0x20001198       0x20 build/obj/chheap.o
 .bss.SD2       0x200011b8       0x78 build/obj/serial_lld.o
                0x200011b8                SD2
 .bss.waThread1
                0x20001230      0x148 build/obj/main.o
 .bss.Debug_ITMDebug
                0x20001378        0x4 build/obj/main.o
 .bss.itm_port  0x2000137c        0x4 build/obj/main.o
                0x2000137c                itm_port
 .bss.__malloc_max_total_mem
                0x20001380        0x4 c:/program files/gnu tools arm embedded/4.9 2014q4/bin/../lib/gcc/arm-none-eabi/4.9.3/../../../../arm-none-eabi/lib/armv7e-m\libg.a(lib_a-mallocr.o)
                0x20001380                __malloc_max_total_mem
 .bss.__malloc_max_sbrked_mem
                0x20001384        0x4 c:/program files/gnu tools arm embedded/4.9 2014q4/bin/../lib/gcc/arm-none-eabi/4.9.3/../../../../arm-none-eabi/lib/armv7e-m\libg.a(lib_a-mallocr.o)
                0x20001384                __malloc_max_sbrked_mem
 .bss.__malloc_top_pad
                0x20001388        0x4 c:/program files/gnu tools arm embedded/4.9 2014q4/bin/../lib/gcc/arm-none-eabi/4.9.3/../../../../arm-none-eabi/lib/armv7e-m\libg.a(lib_a-mallocr.o)
                0x20001388                __malloc_top_pad
 .bss.__malloc_current_mallinfo
                0x2000138c       0x28 c:/program files/gnu tools arm embedded/4.9 2014q4/bin/../lib/gcc/arm-none-eabi/4.9.3/../../../../arm-none-eabi/lib/armv7e-m\libg.a(lib_a-mallocr.o)
                0x2000138c                __malloc_current_mallinfo
 *(COMMON)
                0x200013b4                . = ALIGN (0x4)
                0x200013b4                PROVIDE (_bss_end, .)
                0x200013b4                PROVIDE (end, .)
                0x200013b4                _end = .
                0x200013b4                __heap_base__ = _end
                0x20018000                __heap_end__ = __ram_end__
                0x00000400                __process_stack_size__ = 0x400
                0x00000400                __main_stack_size__ = 0x400
START GROUP
LOAD c:/program files/gnu tools arm embedded/4.9 2014q4/bin/../lib/gcc/arm-none-eabi/4.9.3/armv7e-m\libgcc.a
LOAD c:/program files/gnu tools arm embedded/4.9 2014q4/bin/../lib/gcc/arm-none-eabi/4.9.3/../../../../arm-none-eabi/lib/armv7e-m\libg.a
LOAD c:/program files/gnu tools arm embedded/4.9 2014q4/bin/../lib/gcc/arm-none-eabi/4.9.3/../../../../arm-none-eabi/lib/armv7e-m\libc.a
END GROUP
OUTPUT(build/ch.elf elf32-littlearm)

.ARM.attributes
                0x00000000       0x2f
 .ARM.attributes
                0x00000000       0x21 build/obj/chcoreasm_v7m.o
 .ARM.attributes
                0x00000021       0x33 build/obj/crt0.o
 .ARM.attributes
                0x00000054       0x33 build/obj/vectors.o
 .ARM.attributes
                0x00000087       0x33 build/obj/chcore_v7m.o
 .ARM.attributes
                0x000000ba       0x33 build/obj/chsys.o
 .ARM.attributes
                0x000000ed       0x33 build/obj/chtm.o
 .ARM.attributes
                0x00000120       0x33 build/obj/chschd.o
 .ARM.attributes
                0x00000153       0x33 build/obj/chvt.o
 .ARM.attributes
                0x00000186       0x33 build/obj/chthreads.o
 .ARM.attributes
                0x000001b9       0x33 build/obj/chregistry.o
 .ARM.attributes
                0x000001ec       0x33 build/obj/chmtx.o
 .ARM.attributes
                0x0000021f       0x33 build/obj/chevents.o
 .ARM.attributes
                0x00000252       0x33 build/obj/chqueues.o
 .ARM.attributes
                0x00000285       0x33 build/obj/chmemcore.o
 .ARM.attributes
                0x000002b8       0x33 build/obj/chheap.o
 .ARM.attributes
                0x000002eb       0x33 build/obj/hal.o
 .ARM.attributes
                0x0000031e       0x33 build/obj/serial.o
 .ARM.attributes
                0x00000351       0x33 build/obj/st.o
 .ARM.attributes
                0x00000384       0x33 build/obj/nvic.o
 .ARM.attributes
                0x000003b7       0x33 build/obj/hal_lld.o
 .ARM.attributes
                0x000003ea       0x33 build/obj/pal_lld.o
 .ARM.attributes
                0x0000041d       0x33 build/obj/st_lld.o
 .ARM.attributes
                0x00000450       0x33 build/obj/serial_lld.o
 .ARM.attributes
                0x00000483       0x33 build/obj/board.o
 .ARM.attributes
                0x000004b6       0x33 build/obj/syscalls.o
 .ARM.attributes
                0x000004e9       0x33 build/obj/chprintf.o
 .ARM.attributes
                0x0000051c       0x33 build/obj/ITM_trace.o
 .ARM.attributes
                0x0000054f       0x33 build/obj/ArrayCopy.o
 .ARM.attributes
                0x00000582       0x33 build/obj/ArrayList.o
 .ARM.attributes
                0x000005b5       0x33 build/obj/main.o
 .ARM.attributes
                0x000005e8       0x2e c:/program files/gnu tools arm embedded/4.9 2014q4/bin/../lib/gcc/arm-none-eabi/4.9.3/../../../../arm-none-eabi/lib/armv7e-m\libg.a(lib_a-calloc.o)
 .ARM.attributes
                0x00000616       0x2e c:/program files/gnu tools arm embedded/4.9 2014q4/bin/../lib/gcc/arm-none-eabi/4.9.3/../../../../arm-none-eabi/lib/armv7e-m\libg.a(lib_a-callocr.o)
 .ARM.attributes
                0x00000644       0x2e c:/program files/gnu tools arm embedded/4.9 2014q4/bin/../lib/gcc/arm-none-eabi/4.9.3/../../../../arm-none-eabi/lib/armv7e-m\libg.a(lib_a-impure.o)
 .ARM.attributes
                0x00000672       0x2e c:/program files/gnu tools arm embedded/4.9 2014q4/bin/../lib/gcc/arm-none-eabi/4.9.3/../../../../arm-none-eabi/lib/armv7e-m\libg.a(lib_a-malloc.o)
 .ARM.attributes
                0x000006a0       0x2e c:/program files/gnu tools arm embedded/4.9 2014q4/bin/../lib/gcc/arm-none-eabi/4.9.3/../../../../arm-none-eabi/lib/armv7e-m\libg.a(lib_a-mallocr.o)
 .ARM.attributes
                0x000006ce       0x1c c:/program files/gnu tools arm embedded/4.9 2014q4/bin/../lib/gcc/arm-none-eabi/4.9.3/../../../../arm-none-eabi/lib/armv7e-m\libg.a(lib_a-memcpy.o)
 .ARM.attributes
                0x000006ea       0x2e c:/program files/gnu tools arm embedded/4.9 2014q4/bin/../lib/gcc/arm-none-eabi/4.9.3/../../../../arm-none-eabi/lib/armv7e-m\libg.a(lib_a-memset.o)
 .ARM.attributes
                0x00000718       0x2e c:/program files/gnu tools arm embedded/4.9 2014q4/bin/../lib/gcc/arm-none-eabi/4.9.3/../../../../arm-none-eabi/lib/armv7e-m\libg.a(lib_a-mlock.o)
 .ARM.attributes
                0x00000746       0x2e c:/program files/gnu tools arm embedded/4.9 2014q4/bin/../lib/gcc/arm-none-eabi/4.9.3/../../../../arm-none-eabi/lib/armv7e-m\libg.a(lib_a-freer.o)

.comment        0x00000000       0x70
 .comment       0x00000000       0x70 build/obj/crt0.o
                                 0x71 (size before relaxing)
 .comment       0x00000000       0x71 build/obj/vectors.o
 .comment       0x00000000       0x71 build/obj/chcore_v7m.o
 .comment       0x00000000       0x71 build/obj/chsys.o
 .comment       0x00000000       0x71 build/obj/chtm.o
 .comment       0x00000000       0x71 build/obj/chschd.o
 .comment       0x00000000       0x71 build/obj/chvt.o
 .comment       0x00000000       0x71 build/obj/chthreads.o
 .comment       0x00000000       0x71 build/obj/chregistry.o
 .comment       0x00000000       0x71 build/obj/chmtx.o
 .comment       0x00000000       0x71 build/obj/chevents.o
 .comment       0x00000000       0x71 build/obj/chqueues.o
 .comment       0x00000000       0x71 build/obj/chmemcore.o
 .comment       0x00000000       0x71 build/obj/chheap.o
 .comment       0x00000000       0x71 build/obj/hal.o
 .comment       0x00000000       0x71 build/obj/serial.o
 .comment       0x00000000       0x71 build/obj/st.o
 .comment       0x00000000       0x71 build/obj/nvic.o
 .comment       0x00000000       0x71 build/obj/hal_lld.o
 .comment       0x00000000       0x71 build/obj/pal_lld.o
 .comment       0x00000000       0x71 build/obj/st_lld.o
 .comment       0x00000000       0x71 build/obj/serial_lld.o
 .comment       0x00000000       0x71 build/obj/board.o
 .comment       0x00000000       0x71 build/obj/syscalls.o
 .comment       0x00000000       0x71 build/obj/chprintf.o
 .comment       0x00000000       0x71 build/obj/ITM_trace.o
 .comment       0x00000000       0x71 build/obj/ArrayCopy.o
 .comment       0x00000000       0x71 build/obj/ArrayList.o
 .comment       0x00000000       0x71 build/obj/main.o

.debug_info     0x00000000    0x16331
 .debug_info    0x00000000      0x2b2 build/obj/crt0.o
 .debug_info    0x000002b2      0x1e7 build/obj/vectors.o
 .debug_info    0x00000499      0x9ea build/obj/chcore_v7m.o
 .debug_info    0x00000e83     0x172b build/obj/chsys.o
 .debug_info    0x000025ae      0x952 build/obj/chtm.o
 .debug_info    0x00002f00      0xd53 build/obj/chschd.o
 .debug_info    0x00003c53      0x931 build/obj/chvt.o
 .debug_info    0x00004584     0x1bcd build/obj/chthreads.o
 .debug_info    0x00006151      0x902 build/obj/chregistry.o
 .debug_info    0x00006a53      0xf89 build/obj/chmtx.o
 .debug_info    0x000079dc     0x1544 build/obj/chevents.o
 .debug_info    0x00008f20     0x1067 build/obj/chqueues.o
 .debug_info    0x00009f87      0x7ed build/obj/chmemcore.o
 .debug_info    0x0000a774      0xc53 build/obj/chheap.o
 .debug_info    0x0000b3c7      0x9be build/obj/hal.o
 .debug_info    0x0000bd85     0x146f build/obj/serial.o
 .debug_info    0x0000d1f4      0x88b build/obj/st.o
 .debug_info    0x0000da7f      0x940 build/obj/nvic.o
 .debug_info    0x0000e3bf      0x85a build/obj/hal_lld.o
 .debug_info    0x0000ec19      0xb68 build/obj/pal_lld.o
 .debug_info    0x0000f781      0xa5e build/obj/st_lld.o
 .debug_info    0x000101df     0x13ff build/obj/serial_lld.o
 .debug_info    0x000115de      0x6eb build/obj/board.o
 .debug_info    0x00011cc9     0x1162 build/obj/syscalls.o
 .debug_info    0x00012e2b      0xb7a build/obj/chprintf.o
 .debug_info    0x000139a5      0x83d build/obj/ITM_trace.o
 .debug_info    0x000141e2      0x2a8 build/obj/ArrayCopy.o
 .debug_info    0x0001448a     0x109c build/obj/ArrayList.o
 .debug_info    0x00015526      0xe0b build/obj/main.o

.debug_abbrev   0x00000000     0x4f6a
 .debug_abbrev  0x00000000       0xe5 build/obj/crt0.o
 .debug_abbrev  0x000000e5       0xc7 build/obj/vectors.o
 .debug_abbrev  0x000001ac      0x237 build/obj/chcore_v7m.o
 .debug_abbrev  0x000003e3      0x507 build/obj/chsys.o
 .debug_abbrev  0x000008ea      0x284 build/obj/chtm.o
 .debug_abbrev  0x00000b6e      0x3e0 build/obj/chschd.o
 .debug_abbrev  0x00000f4e      0x2a8 build/obj/chvt.o
 .debug_abbrev  0x000011f6      0x4c5 build/obj/chthreads.o
 .debug_abbrev  0x000016bb      0x245 build/obj/chregistry.o
 .debug_abbrev  0x00001900      0x3ee build/obj/chmtx.o
 .debug_abbrev  0x00001cee      0x3c5 build/obj/chevents.o
 .debug_abbrev  0x000020b3      0x3ed build/obj/chqueues.o
 .debug_abbrev  0x000024a0      0x28f build/obj/chmemcore.o
 .debug_abbrev  0x0000272f      0x343 build/obj/chheap.o
 .debug_abbrev  0x00002a72      0x282 build/obj/hal.o
 .debug_abbrev  0x00002cf4      0x3a6 build/obj/serial.o
 .debug_abbrev  0x0000309a      0x224 build/obj/st.o
 .debug_abbrev  0x000032be      0x1c7 build/obj/nvic.o
 .debug_abbrev  0x00003485      0x1a0 build/obj/hal_lld.o
 .debug_abbrev  0x00003625      0x219 build/obj/pal_lld.o
 .debug_abbrev  0x0000383e      0x226 build/obj/st_lld.o
 .debug_abbrev  0x00003a64      0x3ae build/obj/serial_lld.o
 .debug_abbrev  0x00003e12      0x198 build/obj/board.o
 .debug_abbrev  0x00003faa      0x24b build/obj/syscalls.o
 .debug_abbrev  0x000041f5      0x314 build/obj/chprintf.o
 .debug_abbrev  0x00004509      0x240 build/obj/ITM_trace.o
 .debug_abbrev  0x00004749      0x130 build/obj/ArrayCopy.o
 .debug_abbrev  0x00004879      0x3d7 build/obj/ArrayList.o
 .debug_abbrev  0x00004c50      0x31a build/obj/main.o

.debug_loc      0x00000000     0x4adb
 .debug_loc     0x00000000       0xba build/obj/crt0.o
 .debug_loc     0x000000ba       0xc1 build/obj/chcore_v7m.o
 .debug_loc     0x0000017b      0x276 build/obj/chsys.o
 .debug_loc     0x000003f1       0xb7 build/obj/chtm.o
 .debug_loc     0x000004a8      0x32f build/obj/chschd.o
 .debug_loc     0x000007d7      0x1d7 build/obj/chvt.o
 .debug_loc     0x000009ae      0xa33 build/obj/chthreads.o
 .debug_loc     0x000013e1       0x3f build/obj/chregistry.o
 .debug_loc     0x00001420      0x5e2 build/obj/chmtx.o
 .debug_loc     0x00001a02      0x61d build/obj/chevents.o
 .debug_loc     0x0000201f      0x578 build/obj/chqueues.o
 .debug_loc     0x00002597       0xb0 build/obj/chmemcore.o
 .debug_loc     0x00002647      0x3bd build/obj/chheap.o
 .debug_loc     0x00002a04       0x21 build/obj/hal.o
 .debug_loc     0x00002a25      0x5b2 build/obj/serial.o
 .debug_loc     0x00002fd7       0xcd build/obj/nvic.o
 .debug_loc     0x000030a4      0x129 build/obj/pal_lld.o
 .debug_loc     0x000031cd      0x3c8 build/obj/serial_lld.o
 .debug_loc     0x00003595      0x183 build/obj/syscalls.o
 .debug_loc     0x00003718      0x909 build/obj/chprintf.o
 .debug_loc     0x00004021      0x170 build/obj/ITM_trace.o
 .debug_loc     0x00004191      0x3de build/obj/ArrayCopy.o
 .debug_loc     0x0000456f      0x4a8 build/obj/ArrayList.o
 .debug_loc     0x00004a17       0xc4 build/obj/main.o

.debug_aranges  0x00000000      0x838
 .debug_aranges
                0x00000000       0x38 build/obj/crt0.o
 .debug_aranges
                0x00000038       0x20 build/obj/vectors.o
 .debug_aranges
                0x00000058       0x28 build/obj/chcore_v7m.o
 .debug_aranges
                0x00000080       0x58 build/obj/chsys.o
 .debug_aranges
                0x000000d8       0x40 build/obj/chtm.o
 .debug_aranges
                0x00000118       0x70 build/obj/chschd.o
 .debug_aranges
                0x00000188       0x30 build/obj/chvt.o
 .debug_aranges
                0x000001b8       0xc0 build/obj/chthreads.o
 .debug_aranges
                0x00000278       0x28 build/obj/chregistry.o
 .debug_aranges
                0x000002a0       0x58 build/obj/chmtx.o
 .debug_aranges
                0x000002f8       0xa0 build/obj/chevents.o
 .debug_aranges
                0x00000398       0x68 build/obj/chqueues.o
 .debug_aranges
                0x00000400       0x38 build/obj/chmemcore.o
 .debug_aranges
                0x00000438       0x48 build/obj/chheap.o
 .debug_aranges
                0x00000480       0x28 build/obj/hal.o
 .debug_aranges
                0x000004a8       0x88 build/obj/serial.o
 .debug_aranges
                0x00000530       0x40 build/obj/st.o
 .debug_aranges
                0x00000570       0x30 build/obj/nvic.o
 .debug_aranges
                0x000005a0       0x28 build/obj/hal_lld.o
 .debug_aranges
                0x000005c8       0x28 build/obj/pal_lld.o
 .debug_aranges
                0x000005f0       0x28 build/obj/st_lld.o
 .debug_aranges
                0x00000618       0x40 build/obj/serial_lld.o
 .debug_aranges
                0x00000658       0x28 build/obj/board.o
 .debug_aranges
                0x00000680       0x50 build/obj/syscalls.o
 .debug_aranges
                0x000006d0       0x30 build/obj/chprintf.o
 .debug_aranges
                0x00000700       0x40 build/obj/ITM_trace.o
 .debug_aranges
                0x00000740       0x20 build/obj/ArrayCopy.o
 .debug_aranges
                0x00000760       0x90 build/obj/ArrayList.o
 .debug_aranges
                0x000007f0       0x48 build/obj/main.o

.debug_ranges   0x00000000     0x10a0
 .debug_ranges  0x00000000       0x58 build/obj/crt0.o
 .debug_ranges  0x00000058       0x10 build/obj/vectors.o
 .debug_ranges  0x00000068       0x18 build/obj/chcore_v7m.o
 .debug_ranges  0x00000080      0x168 build/obj/chsys.o
 .debug_ranges  0x000001e8       0xc0 build/obj/chtm.o
 .debug_ranges  0x000002a8      0x1c0 build/obj/chschd.o
 .debug_ranges  0x00000468       0xa8 build/obj/chvt.o
 .debug_ranges  0x00000510      0x250 build/obj/chthreads.o
 .debug_ranges  0x00000760       0x18 build/obj/chregistry.o
 .debug_ranges  0x00000778      0x1a8 build/obj/chmtx.o
 .debug_ranges  0x00000920       0xd8 build/obj/chevents.o
 .debug_ranges  0x000009f8      0x138 build/obj/chqueues.o
 .debug_ranges  0x00000b30       0x28 build/obj/chmemcore.o
 .debug_ranges  0x00000b58       0x38 build/obj/chheap.o
 .debug_ranges  0x00000b90       0x18 build/obj/hal.o
 .debug_ranges  0x00000ba8       0xc0 build/obj/serial.o
 .debug_ranges  0x00000c68       0x30 build/obj/st.o
 .debug_ranges  0x00000c98       0x20 build/obj/nvic.o
 .debug_ranges  0x00000cb8       0x38 build/obj/hal_lld.o
 .debug_ranges  0x00000cf0       0xd8 build/obj/pal_lld.o
 .debug_ranges  0x00000dc8       0x18 build/obj/st_lld.o
 .debug_ranges  0x00000de0       0xd8 build/obj/serial_lld.o
 .debug_ranges  0x00000eb8       0x18 build/obj/board.o
 .debug_ranges  0x00000ed0       0x40 build/obj/syscalls.o
 .debug_ranges  0x00000f10       0x38 build/obj/chprintf.o
 .debug_ranges  0x00000f48       0x30 build/obj/ITM_trace.o
 .debug_ranges  0x00000f78       0x28 build/obj/ArrayCopy.o
 .debug_ranges  0x00000fa0       0xb0 build/obj/ArrayList.o
 .debug_ranges  0x00001050       0x50 build/obj/main.o

.debug_line     0x00000000     0x63ce
 .debug_line    0x00000000      0x18c build/obj/crt0.o
 .debug_line    0x0000018c      0x153 build/obj/vectors.o
 .debug_line    0x000002df      0x243 build/obj/chcore_v7m.o
 .debug_line    0x00000522      0x54f build/obj/chsys.o
 .debug_line    0x00000a71      0x2c3 build/obj/chtm.o
 .debug_line    0x00000d34      0x4e8 build/obj/chschd.o
 .debug_line    0x0000121c      0x316 build/obj/chvt.o
 .debug_line    0x00001532      0x738 build/obj/chthreads.o
 .debug_line    0x00001c6a      0x2d1 build/obj/chregistry.o
 .debug_line    0x00001f3b      0x473 build/obj/chmtx.o
 .debug_line    0x000023ae      0x4f3 build/obj/chevents.o
 .debug_line    0x000028a1      0x492 build/obj/chqueues.o
 .debug_line    0x00002d33      0x2c9 build/obj/chmemcore.o
 .debug_line    0x00002ffc      0x3d7 build/obj/chheap.o
 .debug_line    0x000033d3      0x3bb build/obj/hal.o
 .debug_line    0x0000378e      0x48f build/obj/serial.o
 .debug_line    0x00003c1d      0x285 build/obj/st.o
 .debug_line    0x00003ea2      0x229 build/obj/nvic.o
 .debug_line    0x000040cb      0x29a build/obj/hal_lld.o
 .debug_line    0x00004365      0x2b2 build/obj/pal_lld.o
 .debug_line    0x00004617      0x2ed build/obj/st_lld.o
 .debug_line    0x00004904      0x47c build/obj/serial_lld.o
 .debug_line    0x00004d80      0x2d8 build/obj/board.o
 .debug_line    0x00005058      0x35b build/obj/syscalls.o
 .debug_line    0x000053b3      0x3b8 build/obj/chprintf.o
 .debug_line    0x0000576b      0x295 build/obj/ITM_trace.o
 .debug_line    0x00005a00      0x18a build/obj/ArrayCopy.o
 .debug_line    0x00005b8a      0x47e build/obj/ArrayList.o
 .debug_line    0x00006008      0x3c6 build/obj/main.o

.debug_str      0x00000000     0x29aa
 .debug_str     0x00000000      0x2cd build/obj/crt0.o
                                0x312 (size before relaxing)
 .debug_str     0x000002cd      0x167 build/obj/vectors.o
                                0x343 (size before relaxing)
 .debug_str     0x00000434      0x430 build/obj/chcore_v7m.o
                                0x64d (size before relaxing)
 .debug_str     0x00000864      0x8ff build/obj/chsys.o
                                0xedd (size before relaxing)
 .debug_str     0x00001163       0xb7 build/obj/chtm.o
                                0x683 (size before relaxing)
 .debug_str     0x0000121a      0x15b build/obj/chschd.o
                                0x723 (size before relaxing)
 .debug_str     0x00001375       0x4b build/obj/chvt.o
                                0x60d (size before relaxing)
 .debug_str     0x000013c0      0x20f build/obj/chthreads.o
                                0x8a4 (size before relaxing)
 .debug_str     0x000015cf       0x41 build/obj/chregistry.o
                                0x68f (size before relaxing)
 .debug_str     0x00001610       0xa9 build/obj/chmtx.o
                                0x660 (size before relaxing)
 .debug_str     0x000016b9      0x1f0 build/obj/chevents.o
                                0x780 (size before relaxing)
 .debug_str     0x000018a9      0x172 build/obj/chqueues.o
                                0x708 (size before relaxing)
 .debug_str     0x00001a1b       0x73 build/obj/chmemcore.o
                                0x5c1 (size before relaxing)
 .debug_str     0x00001a8e      0x143 build/obj/chheap.o
                                0x69a (size before relaxing)
 .debug_str     0x00001bd1       0xdd build/obj/hal.o
                                0x679 (size before relaxing)
 .debug_str     0x00001cae      0x18f build/obj/serial.o
                                0x8d1 (size before relaxing)
 .debug_str     0x00001e3d       0x77 build/obj/st.o
                                0x5e0 (size before relaxing)
 .debug_str     0x00001eb4       0x6b build/obj/nvic.o
                                0x62c (size before relaxing)
 .debug_str     0x00001f1f      0x146 build/obj/hal_lld.o
                                0x68d (size before relaxing)
 .debug_str     0x00002065       0xc7 build/obj/pal_lld.o
                                0x75b (size before relaxing)
 .debug_str     0x0000212c       0x74 build/obj/st_lld.o
                                0x759 (size before relaxing)
 .debug_str     0x000021a0       0x78 build/obj/serial_lld.o
                                0x9a3 (size before relaxing)
 .debug_str     0x00002218       0x30 build/obj/board.o
                                0x5d2 (size before relaxing)
 .debug_str     0x00002248      0x4b8 build/obj/syscalls.o
                                0xa1c (size before relaxing)
 .debug_str     0x00002700       0xd7 build/obj/chprintf.o
                                0x64e (size before relaxing)
 .debug_str     0x000027d7       0x45 build/obj/ITM_trace.o
                                0x562 (size before relaxing)
 .debug_str     0x0000281c       0x45 build/obj/ArrayCopy.o
                                0x220 (size before relaxing)
 .debug_str     0x00002861       0xc0 build/obj/ArrayList.o
                                0x70f (size before relaxing)
 .debug_str     0x00002921       0x89 build/obj/main.o
                                0x749 (size before relaxing)

.debug_frame    0x00000000     0x1790
 .debug_frame   0x00000000       0x50 build/obj/crt0.o
 .debug_frame   0x00000050       0x20 build/obj/vectors.o
 .debug_frame   0x00000070       0x3c build/obj/chcore_v7m.o
 .debug_frame   0x000000ac      0x104 build/obj/chsys.o
 .debug_frame   0x000001b0       0xc8 build/obj/chtm.o
 .debug_frame   0x00000278      0x168 build/obj/chschd.o
 .debug_frame   0x000003e0       0x80 build/obj/chvt.o
 .debug_frame   0x00000460      0x27c build/obj/chthreads.o
 .debug_frame   0x000006dc       0x3c build/obj/chregistry.o
 .debug_frame   0x00000718       0xf8 build/obj/chmtx.o
 .debug_frame   0x00000810      0x1d0 build/obj/chevents.o
 .debug_frame   0x000009e0      0x16c build/obj/chqueues.o
 .debug_frame   0x00000b4c       0x68 build/obj/chmemcore.o
 .debug_frame   0x00000bb4       0xf8 build/obj/chheap.o
 .debug_frame   0x00000cac       0x74 build/obj/hal.o
 .debug_frame   0x00000d20      0x14c build/obj/serial.o
 .debug_frame   0x00000e6c       0x60 build/obj/st.o
 .debug_frame   0x00000ecc       0x58 build/obj/nvic.o
 .debug_frame   0x00000f24       0x3c build/obj/hal_lld.o
 .debug_frame   0x00000f60       0x64 build/obj/pal_lld.o
 .debug_frame   0x00000fc4       0x58 build/obj/st_lld.o
 .debug_frame   0x0000101c       0xa8 build/obj/serial_lld.o
 .debug_frame   0x000010c4       0x30 build/obj/board.o
 .debug_frame   0x000010f4       0x98 build/obj/syscalls.o
 .debug_frame   0x0000118c       0xc8 build/obj/chprintf.o
 .debug_frame   0x00001254       0x7c build/obj/ITM_trace.o
 .debug_frame   0x000012d0       0x7c build/obj/ArrayCopy.o
 .debug_frame   0x0000134c      0x1dc build/obj/ArrayList.o
 .debug_frame   0x00001528       0xc0 build/obj/main.o
 .debug_frame   0x000015e8       0x20 c:/program files/gnu tools arm embedded/4.9 2014q4/bin/../lib/gcc/arm-none-eabi/4.9.3/../../../../arm-none-eabi/lib/armv7e-m\libg.a(lib_a-calloc.o)
 .debug_frame   0x00001608       0x28 c:/program files/gnu tools arm embedded/4.9 2014q4/bin/../lib/gcc/arm-none-eabi/4.9.3/../../../../arm-none-eabi/lib/armv7e-m\libg.a(lib_a-callocr.o)
 .debug_frame   0x00001630       0x30 c:/program files/gnu tools arm embedded/4.9 2014q4/bin/../lib/gcc/arm-none-eabi/4.9.3/../../../../arm-none-eabi/lib/armv7e-m\libg.a(lib_a-malloc.o)
 .debug_frame   0x00001660       0x58 c:/program files/gnu tools arm embedded/4.9 2014q4/bin/../lib/gcc/arm-none-eabi/4.9.3/../../../../arm-none-eabi/lib/armv7e-m\libg.a(lib_a-mallocr.o)
 .debug_frame   0x000016b8       0x34 c:/program files/gnu tools arm embedded/4.9 2014q4/bin/../lib/gcc/arm-none-eabi/4.9.3/../../../../arm-none-eabi/lib/armv7e-m\libg.a(lib_a-memset.o)
 .debug_frame   0x000016ec       0x30 c:/program files/gnu tools arm embedded/4.9 2014q4/bin/../lib/gcc/arm-none-eabi/4.9.3/../../../../arm-none-eabi/lib/armv7e-m\libg.a(lib_a-mlock.o)
 .debug_frame   0x0000171c       0x74 c:/program files/gnu tools arm embedded/4.9 2014q4/bin/../lib/gcc/arm-none-eabi/4.9.3/../../../../arm-none-eabi/lib/armv7e-m\libg.a(lib_a-freer.o)

Cross Reference Table

Symbol                                            File
BusFault_Handler                                  build/obj/vectors.o
DebugMon_Handler                                  build/obj/vectors.o
Debug_ITMDebugEnable                              build/obj/main.o
Debug_ITMDebugOutputChar                          build/obj/main.o
                                                  build/obj/ITM_trace.o
Debug_ITMDebugOutputString                        build/obj/main.o
HardFault_Handler                                 build/obj/vectors.o
MemManage_Handler                                 build/obj/vectors.o
NMI_Handler                                       build/obj/vectors.o
PendSV_Handler                                    build/obj/vectors.o
Reset_Handler                                     build/obj/crt0.o
SD2                                               build/obj/serial_lld.o
SVC_Handler                                       build/obj/chcore_v7m.o
                                                  build/obj/vectors.o
SysTick_Handler                                   build/obj/vectors.o
TestThread                                        build/obj/test.o
UsageFault_Handler                                build/obj/vectors.o
Vector100                                         build/obj/vectors.o
Vector104                                         build/obj/vectors.o
Vector108                                         build/obj/vectors.o
Vector10C                                         build/obj/vectors.o
Vector110                                         build/obj/vectors.o
Vector114                                         build/obj/vectors.o
Vector118                                         build/obj/vectors.o
Vector11C                                         build/obj/vectors.o
Vector120                                         build/obj/vectors.o
Vector124                                         build/obj/vectors.o
Vector128                                         build/obj/vectors.o
Vector12C                                         build/obj/vectors.o
Vector130                                         build/obj/vectors.o
Vector134                                         build/obj/vectors.o
Vector138                                         build/obj/vectors.o
Vector13C                                         build/obj/vectors.o
Vector140                                         build/obj/vectors.o
Vector144                                         build/obj/vectors.o
Vector148                                         build/obj/vectors.o
Vector14C                                         build/obj/vectors.o
Vector150                                         build/obj/vectors.o
Vector154                                         build/obj/vectors.o
Vector158                                         build/obj/vectors.o
Vector15C                                         build/obj/vectors.o
Vector160                                         build/obj/vectors.o
Vector164                                         build/obj/vectors.o
Vector168                                         build/obj/vectors.o
Vector16C                                         build/obj/vectors.o
Vector170                                         build/obj/vectors.o
Vector174                                         build/obj/vectors.o
Vector178                                         build/obj/vectors.o
Vector17C                                         build/obj/vectors.o
Vector180                                         build/obj/vectors.o
Vector184                                         build/obj/vectors.o
Vector188                                         build/obj/vectors.o
Vector18C                                         build/obj/vectors.o
Vector190                                         build/obj/vectors.o
Vector194                                         build/obj/vectors.o
Vector198                                         build/obj/vectors.o
Vector19C                                         build/obj/vectors.o
Vector1A0                                         build/obj/vectors.o
Vector1A4                                         build/obj/vectors.o
Vector1A8                                         build/obj/vectors.o
Vector1AC                                         build/obj/vectors.o
Vector1B0                                         build/obj/vectors.o
Vector1B4                                         build/obj/vectors.o
Vector1B8                                         build/obj/vectors.o
Vector1BC                                         build/obj/vectors.o
Vector1C                                          build/obj/vectors.o
Vector20                                          build/obj/vectors.o
Vector24                                          build/obj/vectors.o
Vector28                                          build/obj/vectors.o
Vector34                                          build/obj/vectors.o
Vector40                                          build/obj/vectors.o
Vector44                                          build/obj/vectors.o
Vector48                                          build/obj/vectors.o
Vector4C                                          build/obj/vectors.o
Vector50                                          build/obj/vectors.o
Vector54                                          build/obj/vectors.o
Vector58                                          build/obj/vectors.o
Vector5C                                          build/obj/vectors.o
Vector60                                          build/obj/vectors.o
Vector64                                          build/obj/vectors.o
Vector68                                          build/obj/vectors.o
Vector6C                                          build/obj/vectors.o
Vector70                                          build/obj/vectors.o
Vector74                                          build/obj/vectors.o
Vector78                                          build/obj/vectors.o
Vector7C                                          build/obj/vectors.o
Vector80                                          build/obj/vectors.o
Vector84                                          build/obj/vectors.o
Vector88                                          build/obj/vectors.o
Vector8C                                          build/obj/vectors.o
Vector90                                          build/obj/vectors.o
Vector94                                          build/obj/vectors.o
Vector98                                          build/obj/vectors.o
Vector9C                                          build/obj/vectors.o
VectorA0                                          build/obj/vectors.o
VectorA4                                          build/obj/vectors.o
VectorA8                                          build/obj/vectors.o
VectorAC                                          build/obj/vectors.o
VectorB0                                          build/obj/st_lld.o
                                                  build/obj/vectors.o
VectorB4                                          build/obj/vectors.o
VectorB8                                          build/obj/vectors.o
VectorBC                                          build/obj/vectors.o
VectorC0                                          build/obj/vectors.o
VectorC4                                          build/obj/vectors.o
VectorC8                                          build/obj/vectors.o
VectorCC                                          build/obj/vectors.o
VectorD0                                          build/obj/vectors.o
VectorD4                                          build/obj/vectors.o
VectorD8                                          build/obj/serial_lld.o
                                                  build/obj/vectors.o
VectorDC                                          build/obj/vectors.o
VectorE0                                          build/obj/vectors.o
VectorE4                                          build/obj/vectors.o
VectorE8                                          build/obj/vectors.o
VectorEC                                          build/obj/vectors.o
VectorF0                                          build/obj/vectors.o
VectorF4                                          build/obj/vectors.o
VectorF8                                          build/obj/vectors.o
VectorFC                                          build/obj/vectors.o
__cxa_guard_abort                                 build/obj/stubs.o
__cxa_guard_acquire                               build/obj/stubs.o
__cxa_guard_release                               build/obj/stubs.o
__cxa_pure_virtual                                build/obj/stubs.o
__dso_handle                                      build/obj/stubs.o
__early_init                                      build/obj/board.o
                                                  build/obj/crt0.o
__fini_array_end                                  build/obj/crt0.o
__fini_array_start                                build/obj/crt0.o
__heap_base__                                     build/obj/chmemcore.o
__heap_end__                                      build/obj/chmemcore.o
__init_array_end                                  build/obj/crt0.o
__init_array_start                                build/obj/crt0.o
__late_init                                       build/obj/crt0.o
__main_stack_base__                               build/obj/crt0.o
__main_stack_end__                                build/obj/vectors.o
                                                  build/obj/crt0.o
__malloc_av_                                      c:/program files/gnu tools arm embedded/4.9 2014q4/bin/../lib/gcc/arm-none-eabi/4.9.3/../../../../arm-none-eabi/lib/armv7e-m\libg.a(lib_a-mallocr.o)
                                                  c:/program files/gnu tools arm embedded/4.9 2014q4/bin/../lib/gcc/arm-none-eabi/4.9.3/../../../../arm-none-eabi/lib/armv7e-m\libg.a(lib_a-freer.o)
__malloc_current_mallinfo                         c:/program files/gnu tools arm embedded/4.9 2014q4/bin/../lib/gcc/arm-none-eabi/4.9.3/../../../../arm-none-eabi/lib/armv7e-m\libg.a(lib_a-mallocr.o)
                                                  c:/program files/gnu tools arm embedded/4.9 2014q4/bin/../lib/gcc/arm-none-eabi/4.9.3/../../../../arm-none-eabi/lib/armv7e-m\libg.a(lib_a-freer.o)
__malloc_lock                                     c:/program files/gnu tools arm embedded/4.9 2014q4/bin/../lib/gcc/arm-none-eabi/4.9.3/../../../../arm-none-eabi/lib/armv7e-m\libg.a(lib_a-mlock.o)
                                                  c:/program files/gnu tools arm embedded/4.9 2014q4/bin/../lib/gcc/arm-none-eabi/4.9.3/../../../../arm-none-eabi/lib/armv7e-m\libg.a(lib_a-freer.o)
                                                  c:/program files/gnu tools arm embedded/4.9 2014q4/bin/../lib/gcc/arm-none-eabi/4.9.3/../../../../arm-none-eabi/lib/armv7e-m\libg.a(lib_a-mallocr.o)
__malloc_max_sbrked_mem                           c:/program files/gnu tools arm embedded/4.9 2014q4/bin/../lib/gcc/arm-none-eabi/4.9.3/../../../../arm-none-eabi/lib/armv7e-m\libg.a(lib_a-mallocr.o)
__malloc_max_total_mem                            c:/program files/gnu tools arm embedded/4.9 2014q4/bin/../lib/gcc/arm-none-eabi/4.9.3/../../../../arm-none-eabi/lib/armv7e-m\libg.a(lib_a-mallocr.o)
__malloc_sbrk_base                                c:/program files/gnu tools arm embedded/4.9 2014q4/bin/../lib/gcc/arm-none-eabi/4.9.3/../../../../arm-none-eabi/lib/armv7e-m\libg.a(lib_a-mallocr.o)
                                                  c:/program files/gnu tools arm embedded/4.9 2014q4/bin/../lib/gcc/arm-none-eabi/4.9.3/../../../../arm-none-eabi/lib/armv7e-m\libg.a(lib_a-freer.o)
__malloc_top_pad                                  c:/program files/gnu tools arm embedded/4.9 2014q4/bin/../lib/gcc/arm-none-eabi/4.9.3/../../../../arm-none-eabi/lib/armv7e-m\libg.a(lib_a-mallocr.o)
                                                  c:/program files/gnu tools arm embedded/4.9 2014q4/bin/../lib/gcc/arm-none-eabi/4.9.3/../../../../arm-none-eabi/lib/armv7e-m\libg.a(lib_a-freer.o)
__malloc_trim_threshold                           c:/program files/gnu tools arm embedded/4.9 2014q4/bin/../lib/gcc/arm-none-eabi/4.9.3/../../../../arm-none-eabi/lib/armv7e-m\libg.a(lib_a-mallocr.o)
                                                  c:/program files/gnu tools arm embedded/4.9 2014q4/bin/../lib/gcc/arm-none-eabi/4.9.3/../../../../arm-none-eabi/lib/armv7e-m\libg.a(lib_a-freer.o)
__malloc_unlock                                   c:/program files/gnu tools arm embedded/4.9 2014q4/bin/../lib/gcc/arm-none-eabi/4.9.3/../../../../arm-none-eabi/lib/armv7e-m\libg.a(lib_a-mlock.o)
                                                  c:/program files/gnu tools arm embedded/4.9 2014q4/bin/../lib/gcc/arm-none-eabi/4.9.3/../../../../arm-none-eabi/lib/armv7e-m\libg.a(lib_a-freer.o)
                                                  c:/program files/gnu tools arm embedded/4.9 2014q4/bin/../lib/gcc/arm-none-eabi/4.9.3/../../../../arm-none-eabi/lib/armv7e-m\libg.a(lib_a-mallocr.o)
__process_stack_base__                            build/obj/crt0.o
__process_stack_end__                             build/obj/crt0.o
__register_exitproc                               build/obj/stubs.o
_bss_end                                          build/obj/crt0.o
_bss_start                                        build/obj/crt0.o
_calloc_r                                         c:/program files/gnu tools arm embedded/4.9 2014q4/bin/../lib/gcc/arm-none-eabi/4.9.3/../../../../arm-none-eabi/lib/armv7e-m\libg.a(lib_a-callocr.o)
                                                  c:/program files/gnu tools arm embedded/4.9 2014q4/bin/../lib/gcc/arm-none-eabi/4.9.3/../../../../arm-none-eabi/lib/armv7e-m\libg.a(lib_a-calloc.o)
_close_r                                          build/obj/syscalls.o
_core_init                                        build/obj/chmemcore.o
                                                  build/obj/chsys.o
_data                                             build/obj/crt0.o
_default_exit                                     build/obj/crt0.o
_edata                                            build/obj/crt0.o
_exit                                             build/obj/stubs.o
_free_r                                           c:/program files/gnu tools arm embedded/4.9 2014q4/bin/../lib/gcc/arm-none-eabi/4.9.3/../../../../arm-none-eabi/lib/armv7e-m\libg.a(lib_a-freer.o)
                                                  c:/program files/gnu tools arm embedded/4.9 2014q4/bin/../lib/gcc/arm-none-eabi/4.9.3/../../../../arm-none-eabi/lib/armv7e-m\libg.a(lib_a-mallocr.o)
                                                  c:/program files/gnu tools arm embedded/4.9 2014q4/bin/../lib/gcc/arm-none-eabi/4.9.3/../../../../arm-none-eabi/lib/armv7e-m\libg.a(lib_a-malloc.o)
_fstat_r                                          build/obj/syscalls.o
_getpid                                           build/obj/stubs.o
_global_impure_ptr                                c:/program files/gnu tools arm embedded/4.9 2014q4/bin/../lib/gcc/arm-none-eabi/4.9.3/../../../../arm-none-eabi/lib/armv7e-m\libg.a(lib_a-impure.o)
_heap_init                                        build/obj/chheap.o
                                                  build/obj/chsys.o
_impure_ptr                                       c:/program files/gnu tools arm embedded/4.9 2014q4/bin/../lib/gcc/arm-none-eabi/4.9.3/../../../../arm-none-eabi/lib/armv7e-m\libg.a(lib_a-impure.o)
                                                  c:/program files/gnu tools arm embedded/4.9 2014q4/bin/../lib/gcc/arm-none-eabi/4.9.3/../../../../arm-none-eabi/lib/armv7e-m\libg.a(lib_a-malloc.o)
                                                  c:/program files/gnu tools arm embedded/4.9 2014q4/bin/../lib/gcc/arm-none-eabi/4.9.3/../../../../arm-none-eabi/lib/armv7e-m\libg.a(lib_a-calloc.o)
_isatty_r                                         build/obj/syscalls.o
_kill                                             build/obj/stubs.o
_lseek_r                                          build/obj/syscalls.o
_malloc_r                                         c:/program files/gnu tools arm embedded/4.9 2014q4/bin/../lib/gcc/arm-none-eabi/4.9.3/../../../../arm-none-eabi/lib/armv7e-m\libg.a(lib_a-mallocr.o)
                                                  c:/program files/gnu tools arm embedded/4.9 2014q4/bin/../lib/gcc/arm-none-eabi/4.9.3/../../../../arm-none-eabi/lib/armv7e-m\libg.a(lib_a-malloc.o)
                                                  c:/program files/gnu tools arm embedded/4.9 2014q4/bin/../lib/gcc/arm-none-eabi/4.9.3/../../../../arm-none-eabi/lib/armv7e-m\libg.a(lib_a-callocr.o)
_malloc_trim_r                                    c:/program files/gnu tools arm embedded/4.9 2014q4/bin/../lib/gcc/arm-none-eabi/4.9.3/../../../../arm-none-eabi/lib/armv7e-m\libg.a(lib_a-freer.o)
_open_r                                           build/obj/stubs.o
_pal_lld_init                                     build/obj/pal_lld.o
                                                  build/obj/hal.o
_pal_lld_setgroupmode                             build/obj/pal_lld.o
                                                  build/obj/pal.o
_port_exit_from_isr                               build/obj/chcoreasm_v7m.o
                                                  build/obj/chcore_v7m.o
_port_irq_epilogue                                build/obj/chcore_v7m.o
                                                  build/obj/serial_lld.o
                                                  build/obj/st_lld.o
_port_switch                                      build/obj/chcoreasm_v7m.o
                                                  build/obj/chschd.o
_port_switch_from_isr                             build/obj/chcoreasm_v7m.o
                                                  build/obj/chcore_v7m.o
_port_thread_start                                build/obj/chcoreasm_v7m.o
                                                  build/obj/chthreads.o
_read_r                                           build/obj/syscalls.o
_sbrk_r                                           build/obj/syscalls.o
                                                  c:/program files/gnu tools arm embedded/4.9 2014q4/bin/../lib/gcc/arm-none-eabi/4.9.3/../../../../arm-none-eabi/lib/armv7e-m\libg.a(lib_a-freer.o)
                                                  c:/program files/gnu tools arm embedded/4.9 2014q4/bin/../lib/gcc/arm-none-eabi/4.9.3/../../../../arm-none-eabi/lib/armv7e-m\libg.a(lib_a-mallocr.o)
_scheduler_init                                   build/obj/chschd.o
                                                  build/obj/chsys.o
_test_assert                                      build/obj/test.o
                                                  build/obj/testqueues.o
                                                  build/obj/testdyn.o
                                                  build/obj/testpools.o
                                                  build/obj/testheap.o
                                                  build/obj/testevt.o
                                                  build/obj/testmbox.o
                                                  build/obj/testmtx.o
                                                  build/obj/testsem.o
                                                  build/obj/testthd.o
_test_assert_sequence                             build/obj/test.o
                                                  build/obj/testqueues.o
                                                  build/obj/testdyn.o
                                                  build/obj/testevt.o
                                                  build/obj/testmbox.o
                                                  build/obj/testmsg.o
                                                  build/obj/testmtx.o
                                                  build/obj/testsem.o
                                                  build/obj/testthd.o
_test_assert_time_window                          build/obj/test.o
                                                  build/obj/testevt.o
                                                  build/obj/testsem.o
                                                  build/obj/testthd.o
_test_fail                                        build/obj/test.o
_textdata                                         build/obj/crt0.o
_thread_init                                      build/obj/chthreads.o
                                                  build/obj/chsys.o
_tm_init                                          build/obj/chtm.o
                                                  build/obj/chsys.o
_unhandled_exception                              build/obj/vectors.o
_vectors                                          build/obj/vectors.o
_vt_init                                          build/obj/chvt.o
                                                  build/obj/chsys.o
_write_r                                          build/obj/syscalls.o
add                                               build/obj/ArrayList.o
                                                  build/obj/main.o
arrayCopy                                         build/obj/ArrayCopy.o
                                                  build/obj/ArrayList.o
boardInit                                         build/obj/board.o
                                                  build/obj/hal.o
calloc                                            c:/program files/gnu tools arm embedded/4.9 2014q4/bin/../lib/gcc/arm-none-eabi/4.9.3/../../../../arm-none-eabi/lib/armv7e-m\libg.a(lib_a-calloc.o)
                                                  build/obj/ArrayList.o
                                                  build/obj/ArrayCopy.o
ch                                                build/obj/chschd.o
                                                  build/obj/main.o
                                                  build/obj/testbmk.o
                                                  build/obj/testqueues.o
                                                  build/obj/testdyn.o
                                                  build/obj/testevt.o
                                                  build/obj/testmsg.o
                                                  build/obj/testmtx.o
                                                  build/obj/testsem.o
                                                  build/obj/testthd.o
                                                  build/obj/chmsg.o
                                                  build/obj/chevents.o
                                                  build/obj/chcond.o
                                                  build/obj/chmtx.o
                                                  build/obj/chsem.o
                                                  build/obj/chregistry.o
                                                  build/obj/chthreads.o
                                                  build/obj/chvt.o
                                                  build/obj/chtm.o
                                                  build/obj/chsys.o
chCondBroadcast                                   build/obj/chcond.o
                                                  build/obj/testmtx.o
chCondBroadcastI                                  build/obj/chcond.o
chCondObjectInit                                  build/obj/chcond.o
                                                  build/obj/testmtx.o
chCondSignal                                      build/obj/chcond.o
                                                  build/obj/testmtx.o
chCondSignalI                                     build/obj/chcond.o
                                                  build/obj/testmtx.o
chCondWait                                        build/obj/chcond.o
                                                  build/obj/testmtx.o
chCondWaitS                                       build/obj/chcond.o
chCondWaitTimeout                                 build/obj/chcond.o
                                                  build/obj/testmtx.o
chCondWaitTimeoutS                                build/obj/chcond.o
chCoreAlloc                                       build/obj/chmemcore.o
                                                  build/obj/syscalls.o
                                                  build/obj/chheap.o
chCoreAllocI                                      build/obj/chmemcore.o
chCoreGetStatusX                                  build/obj/chmemcore.o
                                                  build/obj/testheap.o
chDbgPanic                                        build/obj/stubs.o
chEvtAddEvents                                    build/obj/chevents.o
                                                  build/obj/testevt.o
chEvtBroadcastFlags                               build/obj/chevents.o
                                                  build/obj/testevt.o
chEvtBroadcastFlagsI                              build/obj/chevents.o
                                                  build/obj/serial_lld.o
                                                  build/obj/serial.o
chEvtDispatch                                     build/obj/chevents.o
                                                  build/obj/testevt.o
chEvtGetAndClearEvents                            build/obj/chevents.o
                                                  build/obj/testevt.o
chEvtGetAndClearFlags                             build/obj/chevents.o
chEvtGetAndClearFlagsI                            build/obj/chevents.o
chEvtRegisterMaskWithFlags                        build/obj/chevents.o
                                                  build/obj/testevt.o
chEvtSignal                                       build/obj/chevents.o
                                                  build/obj/testevt.o
chEvtSignalI                                      build/obj/chevents.o
chEvtUnregister                                   build/obj/chevents.o
                                                  build/obj/testevt.o
chEvtWaitAll                                      build/obj/chevents.o
                                                  build/obj/testevt.o
chEvtWaitAllTimeout                               build/obj/chevents.o
                                                  build/obj/testevt.o
chEvtWaitAny                                      build/obj/chevents.o
                                                  build/obj/testevt.o
chEvtWaitAnyTimeout                               build/obj/chevents.o
                                                  build/obj/testevt.o
chEvtWaitOne                                      build/obj/chevents.o
                                                  build/obj/testevt.o
chEvtWaitOneTimeout                               build/obj/chevents.o
                                                  build/obj/testevt.o
chHeapAlloc                                       build/obj/chheap.o
                                                  build/obj/ArrayList.o
                                                  build/obj/testdyn.o
                                                  build/obj/testheap.o
                                                  build/obj/chdynamic.o
chHeapFree                                        build/obj/chheap.o
                                                  build/obj/testdyn.o
                                                  build/obj/testheap.o
                                                  build/obj/chdynamic.o
chHeapObjectInit                                  build/obj/chheap.o
                                                  build/obj/testdyn.o
                                                  build/obj/testheap.o
chHeapStatus                                      build/obj/chheap.o
                                                  build/obj/testdyn.o
                                                  build/obj/testheap.o
chIQGetTimeout                                    build/obj/chqueues.o
                                                  build/obj/serial.o
                                                  build/obj/testbmk.o
                                                  build/obj/testqueues.o
chIQObjectInit                                    build/obj/chqueues.o
                                                  build/obj/serial.o
                                                  build/obj/testbmk.o
                                                  build/obj/testqueues.o
chIQPutI                                          build/obj/chqueues.o
                                                  build/obj/serial.o
                                                  build/obj/testbmk.o
                                                  build/obj/testqueues.o
chIQReadTimeout                                   build/obj/chqueues.o
                                                  build/obj/serial.o
                                                  build/obj/testqueues.o
chIQResetI                                        build/obj/chqueues.o
                                                  build/obj/serial.o
                                                  build/obj/testqueues.o
chMBFetch                                         build/obj/chmboxes.o
                                                  build/obj/testmbox.o
chMBFetchI                                        build/obj/chmboxes.o
                                                  build/obj/testmbox.o
chMBFetchS                                        build/obj/chmboxes.o
chMBObjectInit                                    build/obj/chmboxes.o
                                                  build/obj/testmbox.o
chMBPost                                          build/obj/chmboxes.o
                                                  build/obj/testmbox.o
chMBPostAhead                                     build/obj/chmboxes.o
                                                  build/obj/testmbox.o
chMBPostAheadI                                    build/obj/chmboxes.o
                                                  build/obj/testmbox.o
chMBPostAheadS                                    build/obj/chmboxes.o
chMBPostI                                         build/obj/chmboxes.o
                                                  build/obj/testmbox.o
chMBPostS                                         build/obj/chmboxes.o
chMBReset                                         build/obj/chmboxes.o
                                                  build/obj/testmbox.o
chMBResetI                                        build/obj/chmboxes.o
chMsgRelease                                      build/obj/chmsg.o
                                                  build/obj/testbmk.o
                                                  build/obj/testmsg.o
chMsgSend                                         build/obj/chmsg.o
                                                  build/obj/testbmk.o
                                                  build/obj/testmsg.o
chMsgWait                                         build/obj/chmsg.o
                                                  build/obj/testbmk.o
                                                  build/obj/testmsg.o
chMtxLock                                         build/obj/chmtx.o
                                                  build/obj/testbmk.o
                                                  build/obj/testmtx.o
                                                  build/obj/chheap.o
chMtxLockS                                        build/obj/chmtx.o
                                                  build/obj/chcond.o
chMtxObjectInit                                   build/obj/chmtx.o
                                                  build/obj/testbmk.o
                                                  build/obj/testmtx.o
                                                  build/obj/chheap.o
chMtxTryLock                                      build/obj/chmtx.o
                                                  build/obj/testmtx.o
chMtxTryLockS                                     build/obj/chmtx.o
chMtxUnlock                                       build/obj/chmtx.o
                                                  build/obj/testbmk.o
                                                  build/obj/testmtx.o
                                                  build/obj/chheap.o
chMtxUnlockAll                                    build/obj/chmtx.o
                                                  build/obj/testmtx.o
chMtxUnlockS                                      build/obj/chmtx.o
                                                  build/obj/testmtx.o
                                                  build/obj/chcond.o
chOQGetI                                          build/obj/chqueues.o
                                                  build/obj/serial_lld.o
                                                  build/obj/serial.o
                                                  build/obj/testqueues.o
chOQObjectInit                                    build/obj/chqueues.o
                                                  build/obj/serial.o
                                                  build/obj/testqueues.o
chOQPutTimeout                                    build/obj/chqueues.o
                                                  build/obj/serial.o
                                                  build/obj/testqueues.o
chOQResetI                                        build/obj/chqueues.o
                                                  build/obj/serial.o
                                                  build/obj/testqueues.o
chOQWriteTimeout                                  build/obj/chqueues.o
                                                  build/obj/serial.o
                                                  build/obj/testqueues.o
chPoolAlloc                                       build/obj/chmempools.o
                                                  build/obj/testdyn.o
                                                  build/obj/testpools.o
                                                  build/obj/chdynamic.o
chPoolAllocI                                      build/obj/chmempools.o
chPoolFree                                        build/obj/chmempools.o
                                                  build/obj/testdyn.o
                                                  build/obj/testpools.o
                                                  build/obj/chdynamic.o
chPoolFreeI                                       build/obj/chmempools.o
chPoolLoadArray                                   build/obj/chmempools.o
                                                  build/obj/testpools.o
chPoolObjectInit                                  build/obj/chmempools.o
                                                  build/obj/testdyn.o
                                                  build/obj/testpools.o
chRegFirstThread                                  build/obj/chregistry.o
                                                  build/obj/testdyn.o
chRegNextThread                                   build/obj/chregistry.o
                                                  build/obj/testdyn.o
chSchDoReschedule                                 build/obj/chschd.o
                                                  build/obj/chcoreasm_v7m.o
chSchDoRescheduleAhead                            build/obj/chschd.o
chSchDoRescheduleBehind                           build/obj/chschd.o
                                                  build/obj/chthreads.o
chSchGoSleepS                                     build/obj/chschd.o
                                                  build/obj/testbmk.o
                                                  build/obj/chmsg.o
                                                  build/obj/chevents.o
                                                  build/obj/chcond.o
                                                  build/obj/chmtx.o
                                                  build/obj/chsem.o
                                                  build/obj/chthreads.o
chSchGoSleepTimeoutS                              build/obj/chschd.o
                                                  build/obj/chevents.o
                                                  build/obj/chcond.o
                                                  build/obj/chsem.o
                                                  build/obj/chthreads.o
chSchIsPreemptionRequired                         build/obj/chschd.o
                                                  build/obj/chcore_v7m.o
chSchReadyI                                       build/obj/chschd.o
                                                  build/obj/chmsg.o
                                                  build/obj/chevents.o
                                                  build/obj/chcond.o
                                                  build/obj/chmtx.o
                                                  build/obj/chsem.o
                                                  build/obj/chthreads.o
chSchRescheduleS                                  build/obj/chschd.o
                                                  build/obj/serial.o
                                                  build/obj/testmtx.o
                                                  build/obj/testsem.o
                                                  build/obj/chmboxes.o
                                                  build/obj/chevents.o
                                                  build/obj/chcond.o
                                                  build/obj/chmtx.o
                                                  build/obj/chsem.o
                                                  build/obj/chthreads.o
                                                  build/obj/chsys.o
chSchWakeupS                                      build/obj/chschd.o
                                                  build/obj/testbmk.o
                                                  build/obj/chmsg.o
                                                  build/obj/chcond.o
                                                  build/obj/chmtx.o
                                                  build/obj/chsem.o
                                                  build/obj/chdynamic.o
                                                  build/obj/chthreads.o
chSemAddCounterI                                  build/obj/chsem.o
                                                  build/obj/testsem.o
chSemObjectInit                                   build/obj/chsem.o
                                                  build/obj/testbmk.o
                                                  build/obj/testsem.o
                                                  build/obj/chmboxes.o
chSemReset                                        build/obj/chsem.o
                                                  build/obj/testbmk.o
                                                  build/obj/testsem.o
chSemResetI                                       build/obj/chsem.o
                                                  build/obj/chmboxes.o
chSemSignal                                       build/obj/chsem.o
                                                  build/obj/testbmk.o
                                                  build/obj/testsem.o
chSemSignalI                                      build/obj/chsem.o
                                                  build/obj/testsem.o
                                                  build/obj/chmboxes.o
chSemSignalWait                                   build/obj/chsem.o