
Discarded input sections

 .data          0x00000000        0x0 build/obj/chcoreasm_v7m.o
 .bss           0x00000000        0x0 build/obj/chcoreasm_v7m.o
 .text          0x00000000        0x0 build/obj/crt0.o (symbol from plugin)
 .text          0x00000000        0x0 C:\cygwin\tmp\ccgQoufg.ltrans0.ltrans.o
 .data          0x00000000        0x0 C:\cygwin\tmp\ccgQoufg.ltrans0.ltrans.o
 .bss           0x00000000        0x0 C:\cygwin\tmp\ccgQoufg.ltrans0.ltrans.o
 .text          0x00000000        0x0 C:\cygwin\tmp\ccgQoufg.ltrans1.ltrans.o
 .data          0x00000000        0x0 C:\cygwin\tmp\ccgQoufg.ltrans1.ltrans.o
 .bss           0x00000000        0x0 C:\cygwin\tmp\ccgQoufg.ltrans1.ltrans.o
 .text          0x00000000        0x0 C:\cygwin\tmp\ccgQoufg.ltrans2.ltrans.o
 .data          0x00000000        0x0 C:\cygwin\tmp\ccgQoufg.ltrans2.ltrans.o
 .bss           0x00000000        0x0 C:\cygwin\tmp\ccgQoufg.ltrans2.ltrans.o
 .text          0x00000000        0x0 C:\cygwin\tmp\ccgQoufg.ltrans3.ltrans.o
 .data          0x00000000        0x0 C:\cygwin\tmp\ccgQoufg.ltrans3.ltrans.o
 .bss           0x00000000        0x0 C:\cygwin\tmp\ccgQoufg.ltrans3.ltrans.o
 .text          0x00000000        0x0 C:\cygwin\tmp\ccgQoufg.ltrans4.ltrans.o
 .data          0x00000000        0x0 C:\cygwin\tmp\ccgQoufg.ltrans4.ltrans.o
 .bss           0x00000000        0x0 C:\cygwin\tmp\ccgQoufg.ltrans4.ltrans.o
 .text          0x00000000        0x0 C:\cygwin\tmp\ccgQoufg.ltrans5.ltrans.o
 .data          0x00000000        0x0 C:\cygwin\tmp\ccgQoufg.ltrans5.ltrans.o
 .bss           0x00000000        0x0 C:\cygwin\tmp\ccgQoufg.ltrans5.ltrans.o
 .text          0x00000000        0x0 C:\cygwin\tmp\ccgQoufg.ltrans6.ltrans.o
 .data          0x00000000        0x0 C:\cygwin\tmp\ccgQoufg.ltrans6.ltrans.o
 .bss           0x00000000        0x0 C:\cygwin\tmp\ccgQoufg.ltrans6.ltrans.o
 .text          0x00000000        0x0 build/obj/vectors.o (symbol from plugin)
 .text          0x00000000        0x0 build/obj/chcore.o (symbol from plugin)
 .text          0x00000000        0x0 build/obj/chcore_v7m.o (symbol from plugin)
 .text          0x00000000        0x0 build/obj/chsys.o (symbol from plugin)
 .text          0x00000000        0x0 build/obj/chdebug.o (symbol from plugin)
 .text          0x00000000        0x0 build/obj/chtm.o (symbol from plugin)
 .text          0x00000000        0x0 build/obj/chstats.o (symbol from plugin)
 .text          0x00000000        0x0 build/obj/chschd.o (symbol from plugin)
 .text          0x00000000        0x0 build/obj/chvt.o (symbol from plugin)
 .text          0x00000000        0x0 build/obj/chthreads.o (symbol from plugin)
 .text          0x00000000        0x0 build/obj/chdynamic.o (symbol from plugin)
 .text          0x00000000        0x0 build/obj/chregistry.o (symbol from plugin)
 .text          0x00000000        0x0 build/obj/chsem.o (symbol from plugin)
 .text          0x00000000        0x0 build/obj/chmtx.o (symbol from plugin)
 .text          0x00000000        0x0 build/obj/chcond.o (symbol from plugin)
 .text          0x00000000        0x0 build/obj/chevents.o (symbol from plugin)
 .text          0x00000000        0x0 build/obj/chmsg.o (symbol from plugin)
 .text          0x00000000        0x0 build/obj/chmboxes.o (symbol from plugin)
 .text          0x00000000        0x0 build/obj/chqueues.o (symbol from plugin)
 .text          0x00000000        0x0 build/obj/chmemcore.o (symbol from plugin)
 .text          0x00000000        0x0 build/obj/chheap.o (symbol from plugin)
 .text          0x00000000        0x0 build/obj/chmempools.o (symbol from plugin)
 .text          0x00000000        0x0 build/obj/test.o (symbol from plugin)
 .text          0x00000000        0x0 build/obj/testthd.o (symbol from plugin)
 .text          0x00000000        0x0 build/obj/testsem.o (symbol from plugin)
 .text          0x00000000        0x0 build/obj/testmtx.o (symbol from plugin)
 .text          0x00000000        0x0 build/obj/testmsg.o (symbol from plugin)
 .text          0x00000000        0x0 build/obj/testmbox.o (symbol from plugin)
 .text          0x00000000        0x0 build/obj/testevt.o (symbol from plugin)
 .text          0x00000000        0x0 build/obj/testheap.o (symbol from plugin)
 .text          0x00000000        0x0 build/obj/testpools.o (symbol from plugin)
 .text          0x00000000        0x0 build/obj/testdyn.o (symbol from plugin)
 .text          0x00000000        0x0 build/obj/testqueues.o (symbol from plugin)
 .text          0x00000000        0x0 build/obj/testbmk.o (symbol from plugin)
 .text          0x00000000        0x0 build/obj/hal.o (symbol from plugin)
 .text          0x00000000        0x0 build/obj/hal_queues.o (symbol from plugin)
 .text          0x00000000        0x0 build/obj/hal_mmcsd.o (symbol from plugin)
 .text          0x00000000        0x0 build/obj/adc.o (symbol from plugin)
 .text          0x00000000        0x0 build/obj/can.o (symbol from plugin)
[...]
Memory Configuration

Name             Origin             Length             Attributes
flash            0x08000000         0x00080000
ram              0x20000000         0x00020000
*default*        0x00000000         0xffffffff

Linker script and memory map

LOAD build/obj/chcoreasm_v7m.o
LOAD build/obj/crt0.o
LOAD C:\cygwin\tmp\ccgQoufg.ltrans0.ltrans.o
LOAD C:\cygwin\tmp\ccgQoufg.ltrans1.ltrans.o
LOAD C:\cygwin\tmp\ccgQoufg.ltrans2.ltrans.o
LOAD C:\cygwin\tmp\ccgQoufg.ltrans3.ltrans.o
LOAD C:\cygwin\tmp\ccgQoufg.ltrans4.ltrans.o
LOAD C:\cygwin\tmp\ccgQoufg.ltrans5.ltrans.o
LOAD C:\cygwin\tmp\ccgQoufg.ltrans6.ltrans.o
LOAD c:/program files/gcc-arm-none-eabi-4_9-2014/bin/../lib/gcc/arm-none-eabi/4.9.3/armv7e-m\libgcc.a
LOAD c:/program files/gcc-arm-none-eabi-4_9-2014/bin/../lib/gcc/arm-none-eabi/4.9.3/../../../../arm-none-eabi/lib/armv7e-m\libg.a
LOAD c:/program files/gcc-arm-none-eabi-4_9-2014/bin/../lib/gcc/arm-none-eabi/4.9.3/../../../../arm-none-eabi/lib/armv7e-m\libc.a
LOAD build/obj/vectors.o
LOAD build/obj/chcore.o
LOAD build/obj/chcore_v7m.o
LOAD build/obj/chsys.o
LOAD build/obj/chdebug.o
LOAD build/obj/chtm.o
LOAD build/obj/chstats.o
LOAD build/obj/chschd.o
LOAD build/obj/chvt.o
LOAD build/obj/chthreads.o
LOAD build/obj/chdynamic.o
LOAD build/obj/chregistry.o
LOAD build/obj/chsem.o
LOAD build/obj/chmtx.o
LOAD build/obj/chcond.o
LOAD build/obj/chevents.o
LOAD build/obj/chmsg.o
LOAD build/obj/chmboxes.o
LOAD build/obj/chqueues.o
LOAD build/obj/chmemcore.o
LOAD build/obj/chheap.o
LOAD build/obj/chmempools.o
LOAD build/obj/test.o
LOAD build/obj/testthd.o
LOAD build/obj/testsem.o
LOAD build/obj/testmtx.o
LOAD build/obj/testmsg.o
LOAD build/obj/testmbox.o
LOAD build/obj/testevt.o
LOAD build/obj/testheap.o
LOAD build/obj/testpools.o
LOAD build/obj/testdyn.o
LOAD build/obj/testqueues.o
LOAD build/obj/testbmk.o
LOAD build/obj/hal.o
LOAD build/obj/hal_queues.o
LOAD build/obj/hal_mmcsd.o
LOAD build/obj/adc.o
LOAD build/obj/can.o
LOAD build/obj/dac.o
LOAD build/obj/ext.o
LOAD build/obj/gpt.o
LOAD build/obj/i2c.o
LOAD build/obj/i2s.o
LOAD build/obj/icu.o
LOAD build/obj/mac.o
LOAD build/obj/mmc_spi.o
LOAD build/obj/pal.o
LOAD build/obj/pwm.o
LOAD build/obj/rtc.o
LOAD build/obj/sdc.o
LOAD build/obj/serial.o
LOAD build/obj/serial_usb.o
LOAD build/obj/spi.o
LOAD build/obj/st.o
LOAD build/obj/uart.o
LOAD build/obj/usb.o
LOAD build/obj/osal.o
LOAD build/obj/nvic.o
LOAD build/obj/stm32_dma.o
LOAD build/obj/hal_lld.o
LOAD build/obj/adc_lld.o
LOAD build/obj/ext_lld_isr.o
LOAD build/obj/can_lld.o
LOAD build/obj/ext_lld.o
LOAD build/obj/mac_lld.o
LOAD build/obj/sdc_lld.o
LOAD build/obj/dac_lld.o
LOAD build/obj/pal_lld.o
LOAD build/obj/i2c_lld.o
LOAD build/obj/usb_lld.o
LOAD build/obj/rtc_lld.o
LOAD build/obj/i2s_lld.o
LOAD build/obj/spi_lld.o
LOAD build/obj/gpt_lld.o
LOAD build/obj/icu_lld.o
LOAD build/obj/pwm_lld.o
LOAD build/obj/st_lld.o
LOAD build/obj/serial_lld.o
LOAD build/obj/uart_lld.o
LOAD build/obj/board.o
LOAD build/obj/main.o
                0x20000000                __ram_start__ = ORIGIN (ram)
                0x00020000                __ram_size__ = 0x20000
                0x20020000                __ram_end__ = (__ram_start__ + __ram_size__)
                0x00000000                . = 0x0
                0x00000000                _text = .

startup         0x08000000      0x1c0
 *(vectors)
 vectors        0x08000000      0x1c0 C:\cygwin\tmp\ccgQoufg.ltrans1.ltrans.o
                0x08000000                _vectors

constructors    0x080001c0        0x0
                0x080001c0                PROVIDE (__init_array_start, .)
 *(SORT(.init_array.*))
 *(.init_array)
                0x080001c0                PROVIDE (__init_array_end, .)

destructors     0x080001c0        0x0
                0x080001c0                PROVIDE (__fini_array_start, .)
 *(.fini_array)
 *(SORT(.fini_array.*))
                0x080001c0                PROVIDE (__fini_array_end, .)

.text           0x080001c0     0x639c
 *(.text.startup.*)
 .text.startup.main
                0x080001c0      0x720 C:\cygwin\tmp\ccgQoufg.ltrans1.ltrans.o
                0x080001c0                main
 *(.text)
 .text          0x080008e0       0x26 build/obj/chcoreasm_v7m.o
                0x080008e0                _port_switch
                0x080008f0                _port_thread_start
                0x080008fe                _port_switch_from_isr
                0x08000902                _port_exit_from_isr
 *(.text.*)
 *fill*         0x08000906        0xa 
 .text.tmr.lto_priv.62
                0x08000910       0x10 C:\cygwin\tmp\ccgQoufg.ltrans0.ltrans.o
                0x08000910                tmr.lto_priv.62
 .text.chCoreAlloc
                0x08000920       0x40 C:\cygwin\tmp\ccgQoufg.ltrans0.ltrans.o
                0x08000920                chCoreAlloc
 .text.wakeup.lto_priv.133
                0x08000960       0x70 C:\cygwin\tmp\ccgQoufg.ltrans0.ltrans.o
                0x08000960                wakeup.lto_priv.133
 .text._idle_thread.lto_priv.63
                0x080009d0       0x20 C:\cygwin\tmp\ccgQoufg.ltrans0.ltrans.o
                0x080009d0                _idle_thread.lto_priv.63
 .text.SVC_Handler
                0x080009f0       0x20 C:\cygwin\tmp\ccgQoufg.ltrans0.ltrans.o
                0x080009f0                SVC_Handler
 .text.chSchDoRescheduleAhead
                0x08000a10       0x40 C:\cygwin\tmp\ccgQoufg.ltrans0.ltrans.o
 .text.Reset_Handler
                0x08000a50      0x190 C:\cygwin\tmp\ccgQoufg.ltrans0.ltrans.o
                0x08000a50                Reset_Handler
 .text.print_line.lto_priv.119
                0x08000be0       0x30 C:\cygwin\tmp\ccgQoufg.ltrans0.ltrans.o
                0x08000be0                print_line.lto_priv.119
 .text.test_terminate_threads
                0x08000c10       0x30 C:\cygwin\tmp\ccgQoufg.ltrans0.ltrans.o
                0x08000c10                test_terminate_threads
 .text._test_assert_time_window
                0x08000c40       0x40 C:\cygwin\tmp\ccgQoufg.ltrans0.ltrans.o
                0x08000c40                _test_assert_time_window
 .text._test_assert_sequence
                0x08000c80       0x50 C:\cygwin\tmp\ccgQoufg.ltrans0.ltrans.o
                0x08000c80                _test_assert_sequence
 .text._test_assert
                0x08000cd0       0x30 C:\cygwin\tmp\ccgQoufg.ltrans0.ltrans.o
                0x08000cd0                _test_assert
 .text.test_emit_token
                0x08000d00       0x20 C:\cygwin\tmp\ccgQoufg.ltrans0.ltrans.o
                0x08000d00                test_emit_token
 .text.thread   0x08000d20       0x10 C:\cygwin\tmp\ccgQoufg.ltrans0.ltrans.o
 .text.test_println
                0x08000d30       0x40 C:\cygwin\tmp\ccgQoufg.ltrans0.ltrans.o
                0x08000d30                test_println
 .text.test_print
                0x08000d70       0x20 C:\cygwin\tmp\ccgQoufg.ltrans0.ltrans.o
                0x08000d70                test_print
 .text.test_printn
                0x08000d90       0x60 C:\cygwin\tmp\ccgQoufg.ltrans0.ltrans.o
                0x08000d90                test_printn
 .text.chPoolAlloc
                0x08000df0       0x30 C:\cygwin\tmp\ccgQoufg.ltrans0.ltrans.o
                0x08000df0                chPoolAlloc
 .text.chEvtUnregister
                0x08000e20       0x30 C:\cygwin\tmp\ccgQoufg.ltrans0.ltrans.o
                0x08000e20                chEvtUnregister
 .text.chThdYield
                0x08000e50       0x60 C:\cygwin\tmp\ccgQoufg.ltrans0.ltrans.o
                0x08000e50                chThdYield
 .text.chVTDoResetI
                0x08000eb0       0x60 C:\cygwin\tmp\ccgQoufg.ltrans0.ltrans.o
                0x08000eb0                chVTDoResetI
 .text.chVTDoSetI
                0x08000f10       0x70 C:\cygwin\tmp\ccgQoufg.ltrans0.ltrans.o
                0x08000f10                chVTDoSetI
 .text.chSchDoReschedule
                0x08000f80       0x10 C:\cygwin\tmp\ccgQoufg.ltrans0.ltrans.o
                0x08000f80                chSchDoReschedule
 .text.chSchRescheduleS
                0x08000f90       0x20 C:\cygwin\tmp\ccgQoufg.ltrans0.ltrans.o
                0x08000f90                chSchRescheduleS
 .text.chThdSetPriority
                0x08000fb0       0x30 C:\cygwin\tmp\ccgQoufg.ltrans0.ltrans.o
                0x08000fb0                chThdSetPriority
 .text.chSchWakeupS
                0x08000fe0       0x60 C:\cygwin\tmp\ccgQoufg.ltrans0.ltrans.o
                0x08000fe0                chSchWakeupS
 .text.chMtxUnlock
                0x08001040       0x60 C:\cygwin\tmp\ccgQoufg.ltrans0.ltrans.o
                0x08001040                chMtxUnlock
 .text.chSemSignal
                0x080010a0       0x40 C:\cygwin\tmp\ccgQoufg.ltrans0.ltrans.o
                0x080010a0                chSemSignal
 .text.chThdCreateStatic
                0x080010e0       0x80 C:\cygwin\tmp\ccgQoufg.ltrans0.ltrans.o
                0x080010e0                chThdCreateStatic
 .text.chSchGoSleepS
                0x08001160       0x30 C:\cygwin\tmp\ccgQoufg.ltrans0.ltrans.o
                0x08001160                chSchGoSleepS
 .text.chMsgWait
                0x08001190       0x40 C:\cygwin\tmp\ccgQoufg.ltrans0.ltrans.o
                0x08001190                chMsgWait
 .text.chSemWait
                0x080011d0       0x50 C:\cygwin\tmp\ccgQoufg.ltrans0.ltrans.o
                0x080011d0                chSemWait
 .text.chSchGoSleepTimeoutS
                0x08001220       0x50 C:\cygwin\tmp\ccgQoufg.ltrans0.ltrans.o
                0x08001220                chSchGoSleepTimeoutS
 .text.chSemWaitTimeoutS
                0x08001270       0x40 C:\cygwin\tmp\ccgQoufg.ltrans0.ltrans.o
                0x08001270                chSemWaitTimeoutS
 .text.chThdEnqueueTimeoutS
                0x080012b0       0x30 C:\cygwin\tmp\ccgQoufg.ltrans0.ltrans.o
 .text.chOQWriteTimeout
                0x080012e0       0x90 C:\cygwin\tmp\ccgQoufg.ltrans0.ltrans.o
                0x080012e0                chOQWriteTimeout
 .text.chOQPutTimeout
                0x08001370       0x50 C:\cygwin\tmp\ccgQoufg.ltrans0.ltrans.o
                0x08001370                chOQPutTimeout
 .text.chIQReadTimeout
                0x080013c0       0x80 C:\cygwin\tmp\ccgQoufg.ltrans0.ltrans.o
                0x080013c0                chIQReadTimeout
 .text.chIQGetTimeout
                0x08001440       0x50 C:\cygwin\tmp\ccgQoufg.ltrans0.ltrans.o
                0x08001440                chIQGetTimeout
 .text.chThdSleep
                0x08001490       0x20 C:\cygwin\tmp\ccgQoufg.ltrans0.ltrans.o
                0x08001490                chThdSleep
 .text.test_wait_tick
                0x080014b0       0x20 C:\cygwin\tmp\ccgQoufg.ltrans0.ltrans.o
                0x080014b0                test_wait_tick
 .text.chSchReadyI
                0x080014d0       0x30 C:\cygwin\tmp\ccgQoufg.ltrans0.ltrans.o
                0x080014d0                chSchReadyI
 .text.chIQPutI
                0x08001500       0x50 C:\cygwin\tmp\ccgQoufg.ltrans0.ltrans.o
                0x08001500                chIQPutI
 .text.chOQGetI
                0x08001550       0x50 C:\cygwin\tmp\ccgQoufg.ltrans0.ltrans.o
                0x08001550                chOQGetI
 .text.chMsgSend
                0x080015a0       0x40 C:\cygwin\tmp\ccgQoufg.ltrans0.ltrans.o
                0x080015a0                chMsgSend
 .text.chEvtSignalI
                0x080015e0       0x30 C:\cygwin\tmp\ccgQoufg.ltrans0.ltrans.o
                0x080015e0                chEvtSignalI
 .text.chEvtBroadcastFlagsI
                0x08001610       0x30 C:\cygwin\tmp\ccgQoufg.ltrans0.ltrans.o
                0x08001610                chEvtBroadcastFlagsI
 .text.chMtxUnlockAll
                0x08001640       0x60 C:\cygwin\tmp\ccgQoufg.ltrans0.ltrans.o
                0x08001640                chMtxUnlockAll
 .text.chMtxUnlockS
                0x080016a0       0x50 C:\cygwin\tmp\ccgQoufg.ltrans0.ltrans.o
                0x080016a0                chMtxUnlockS
 .text.chMtxLockS
                0x080016f0       0xd0 C:\cygwin\tmp\ccgQoufg.ltrans0.ltrans.o
                0x080016f0                chMtxLockS
 .text.chMtxLock
                0x080017c0       0x20 C:\cygwin\tmp\ccgQoufg.ltrans0.ltrans.o
                0x080017c0                chMtxLock
 .text.chHeapStatus
                0x080017e0       0x50 C:\cygwin\tmp\ccgQoufg.ltrans0.ltrans.o
                0x080017e0                chHeapStatus
 .text.chHeapFree
                0x08001830       0xa0 C:\cygwin\tmp\ccgQoufg.ltrans0.ltrans.o
                0x08001830                chHeapFree
 .text.chThdRelease
                0x080018d0       0x60 C:\cygwin\tmp\ccgQoufg.ltrans0.ltrans.o
                0x080018d0                chThdRelease
 .text.chThdWait
                0x08001930       0x40 C:\cygwin\tmp\ccgQoufg.ltrans0.ltrans.o
                0x08001930                chThdWait
 .text.test_wait_threads
                0x08001970       0x30 C:\cygwin\tmp\ccgQoufg.ltrans0.ltrans.o
                0x08001970                test_wait_threads
 .text.thd2_execute.lto_priv.65
                0x080019a0      0x150 C:\cygwin\tmp\ccgQoufg.ltrans0.ltrans.o
                0x080019a0                thd2_execute.lto_priv.65
 .text.thd1_execute.lto_priv.64
                0x08001af0       0xd0 C:\cygwin\tmp\ccgQoufg.ltrans0.ltrans.o
                0x08001af0                thd1_execute.lto_priv.64
 .text.chHeapAlloc
                0x08001bc0       0x90 C:\cygwin\tmp\ccgQoufg.ltrans0.ltrans.o
                0x08001bc0                chHeapAlloc
 .text.chSemSignalI
                0x08001c50       0x20 C:\cygwin\tmp\ccgQoufg.ltrans0.ltrans.o
                0x08001c50                chSemSignalI
 .text.chSemResetI
                0x08001c70       0x30 C:\cygwin\tmp\ccgQoufg.ltrans0.ltrans.o
                0x08001c70                chSemResetI
 .text.chThdExit
                0x08001ca0       0x50 C:\cygwin\tmp\ccgQoufg.ltrans0.ltrans.o
                0x08001ca0                chThdExit
 .text.chTMStopMeasurementX
                0x08001cf0       0x50 C:\cygwin\tmp\ccgQoufg.ltrans0.ltrans.o
                0x08001cf0                chTMStopMeasurementX
 .text._port_irq_epilogue
                0x08001d40       0x60 C:\cygwin\tmp\ccgQoufg.ltrans0.ltrans.o
                0x08001d40                _port_irq_epilogue
 .text._unhandled_exception
                0x08001da0       0x10 C:\cygwin\tmp\ccgQoufg.ltrans0.ltrans.o
                0x08001da0                Vector58
                0x08001da0                VectorE8
                0x08001da0                Vector9C
                0x08001da0                VectorAC
                0x08001da0                DebugMon_Handler
                0x08001da0                Vector1A0
                0x08001da0                Vector5C
                0x08001da0                Vector11C
                0x08001da0                HardFault_Handler
                0x08001da0                Vector1B8
                0x08001da0                Vector19C
                0x08001da0                Vector8C
                0x08001da0                SysTick_Handler
                0x08001da0                VectorDC
                0x08001da0                PendSV_Handler
                0x08001da0                Vector168
                0x08001da0                NMI_Handler
                0x08001da0                Vector110
                0x08001da0                Vector120
                0x08001da0                VectorC8
                0x08001da0                Vector94
                0x08001da0                VectorA8
                0x08001da0                VectorB4
                0x08001da0                Vector74
                0x08001da0                Vector160
                0x08001da0                Vector1B0
                0x08001da0                UsageFault_Handler
                0x08001da0                VectorEC
                0x08001da0                Vector40
                0x08001da0                VectorF8
                0x08001da0                Vector108
                0x08001da0                VectorBC
                0x08001da0                Vector190
                0x08001da0                Vector150
                0x08001da0                Vector124
                0x08001da0                Vector148
                0x08001da0                Vector188
                0x08001da0                Vector198
                0x08001da0                Vector118
                0x08001da0                Vector64
                0x08001da0                VectorCC
                0x08001da0                Vector54
                0x08001da0                Vector98
                0x08001da0                Vector138
                0x08001da0                Vector24
                0x08001da0                Vector1AC
                0x08001da0                Vector178
                0x08001da0                Vector84
                0x08001da0                Vector1A4
                0x08001da0                VectorD0
                0x08001da0                Vector1B4
                0x08001da0                Vector140
                0x08001da0                VectorE4
                0x08001da0                VectorC0
                0x08001da0                Vector158
                0x08001da0                Vector130
                0x08001da0                Vector134
                0x08001da0                VectorF0
                0x08001da0                Vector12C
                0x08001da0                Vector13C
                0x08001da0                Vector100
                0x08001da0                VectorE0
                0x08001da0                VectorF4
                0x08001da0                MemManage_Handler
                0x08001da0                Vector6C
                0x08001da0                VectorA0
                0x08001da0                VectorC4
                0x08001da0                Vector7C
                0x08001da0                Vector180
                0x08001da0                Vector90
                0x08001da0                Vector114
                0x08001da0                Vector164
                0x08001da0                Vector60
                0x08001da0                Vector1C
                0x08001da0                Vector1BC
                0x08001da0                Vector17C
                0x08001da0                Vector48
                0x08001da0                Vector1A8
                0x08001da0                Vector16C
                0x08001da0                Vector70
                0x08001da0                VectorD4
                0x08001da0                Vector4C
                0x08001da0                Vector144
                0x08001da0                Vector80
                0x08001da0                Vector15C
                0x08001da0                Vector68
                0x08001da0                Vector78
                0x08001da0                Vector170
                0x08001da0                Vector88
                0x08001da0                Vector104
                0x08001da0                Vector184
                0x08001da0                Vector10C
                0x08001da0                Vector14C
                0x08001da0                BusFault_Handler
                0x08001da0                Vector50
                0x08001da0                Vector194
                0x08001da0                Vector154
                0x08001da0                Vector44
                0x08001da0                Vector28
                0x08001da0                VectorB8
                0x08001da0                VectorFC
                0x08001da0                Vector34
                0x08001da0                Vector128
                0x08001da0                VectorA4
                0x08001da0                Vector20
                0x08001da0                Vector18C
                0x08001da0                Vector174
 .text.notify2  0x08001db0       0x10 C:\cygwin\tmp\ccgQoufg.ltrans1.ltrans.o
 .text.bmk12_setup
                0x08001dc0       0x10 C:\cygwin\tmp\ccgQoufg.ltrans1.ltrans.o
 .text.bmk11_setup
                0x08001dd0       0x10 C:\cygwin\tmp\ccgQoufg.ltrans1.ltrans.o
 .text.tmo      0x08001de0       0x10 C:\cygwin\tmp\ccgQoufg.ltrans1.ltrans.o
 .text.Thread1  0x08001df0       0x40 C:\cygwin\tmp\ccgQoufg.ltrans1.ltrans.o
 .text.VectorB0
                0x08001e30       0xa0 C:\cygwin\tmp\ccgQoufg.ltrans1.ltrans.o
 .text.VectorD8
                0x08001ed0      0x150 C:\cygwin\tmp\ccgQoufg.ltrans1.ltrans.o
 .text.readt    0x08002020       0x10 C:\cygwin\tmp\ccgQoufg.ltrans1.ltrans.o
 .text.read     0x08002030       0x10 C:\cygwin\tmp\ccgQoufg.ltrans1.ltrans.o
 .text.writet   0x08002040       0x10 C:\cygwin\tmp\ccgQoufg.ltrans1.ltrans.o
 .text.write    0x08002050       0x10 C:\cygwin\tmp\ccgQoufg.ltrans1.ltrans.o
 .text.gett     0x08002060       0x10 C:\cygwin\tmp\ccgQoufg.ltrans1.ltrans.o
 .text.get      0x08002070       0x10 C:\cygwin\tmp\ccgQoufg.ltrans1.ltrans.o
 .text.putt     0x08002080       0x10 C:\cygwin\tmp\ccgQoufg.ltrans1.ltrans.o
 .text.put      0x08002090       0x10 C:\cygwin\tmp\ccgQoufg.ltrans1.ltrans.o
 .text.bmk13_execute
                0x080020a0       0xf0 C:\cygwin\tmp\ccgQoufg.ltrans1.ltrans.o
 .text.bmk12_execute
                0x08002190       0x70 C:\cygwin\tmp\ccgQoufg.ltrans1.ltrans.o
 .text.bmk9_execute
                0x08002200       0xb0 C:\cygwin\tmp\ccgQoufg.ltrans1.ltrans.o
 .text.bmk11_execute
                0x080022b0       0x70 C:\cygwin\tmp\ccgQoufg.ltrans1.ltrans.o
 .text.bmk10_execute
                0x08002320       0x80 C:\cygwin\tmp\ccgQoufg.ltrans1.ltrans.o
 .text.bmk7_setup.lto_priv.116
                0x080023a0       0x10 C:\cygwin\tmp\ccgQoufg.ltrans2.ltrans.o
                0x080023a0                bmk7_setup.lto_priv.116
 .text.thread1.lto_priv.122
                0x080023b0       0x10 C:\cygwin\tmp\ccgQoufg.ltrans2.ltrans.o
 .text.notify   0x080023c0       0x10 C:\cygwin\tmp\ccgQoufg.ltrans2.ltrans.o
 .text.queues2_setup.lto_priv.108
                0x080023d0       0x30 C:\cygwin\tmp\ccgQoufg.ltrans2.ltrans.o
                0x080023d0                queues2_setup.lto_priv.108
 .text.queues1_setup.lto_priv.106
                0x08002400       0x30 C:\cygwin\tmp\ccgQoufg.ltrans2.ltrans.o
                0x08002400                queues1_setup.lto_priv.106
 .text.dyn3_setup.lto_priv.104
                0x08002430       0x30 C:\cygwin\tmp\ccgQoufg.ltrans2.ltrans.o
                0x08002430                dyn3_setup.lto_priv.104
 .text.bmk8_execute.lto_priv.118
                0x08002460       0xe0 C:\cygwin\tmp\ccgQoufg.ltrans2.ltrans.o
                0x08002460                bmk8_execute.lto_priv.118
 .text.thread8  0x08002540       0x30 C:\cygwin\tmp\ccgQoufg.ltrans2.ltrans.o
 .text.bmk6_execute.lto_priv.115
                0x08002570       0x70 C:\cygwin\tmp\ccgQoufg.ltrans2.ltrans.o
                0x08002570                bmk6_execute.lto_priv.115
 .text.thread3  0x080025e0       0x30 C:\cygwin\tmp\ccgQoufg.ltrans2.ltrans.o
 .text.bmk7_execute.lto_priv.117
                0x08002610      0x130 C:\cygwin\tmp\ccgQoufg.ltrans2.ltrans.o
                0x08002610                bmk7_execute.lto_priv.117
 .text.bmk5_execute.lto_priv.114
                0x08002740       0x70 C:\cygwin\tmp\ccgQoufg.ltrans2.ltrans.o
                0x08002740                bmk5_execute.lto_priv.114
 .text.bmk4_execute.lto_priv.113
                0x080027b0       0xc0 C:\cygwin\tmp\ccgQoufg.ltrans2.ltrans.o
                0x080027b0                bmk4_execute.lto_priv.113
 .text.thread4  0x08002870       0x30 C:\cygwin\tmp\ccgQoufg.ltrans2.ltrans.o
 .text.thread2.lto_priv.124
                0x080028a0       0x30 C:\cygwin\tmp\ccgQoufg.ltrans2.ltrans.o
 .text.msg_loop_test
                0x080028d0       0x30 C:\cygwin\tmp\ccgQoufg.ltrans2.ltrans.o
 .text.bmk3_execute.lto_priv.112
                0x08002900       0xe0 C:\cygwin\tmp\ccgQoufg.ltrans2.ltrans.o
                0x08002900                bmk3_execute.lto_priv.112
 .text.bmk2_execute.lto_priv.111
                0x080029e0       0x70 C:\cygwin\tmp\ccgQoufg.ltrans2.ltrans.o
                0x080029e0                bmk2_execute.lto_priv.111
 .text.bmk1_execute.lto_priv.110
                0x08002a50       0x70 C:\cygwin\tmp\ccgQoufg.ltrans2.ltrans.o
                0x08002a50                bmk1_execute.lto_priv.110
 .text.thread2.lto_priv.123
                0x08002ac0       0x20 C:\cygwin\tmp\ccgQoufg.ltrans2.ltrans.o
 .text.queues2_execute.lto_priv.109
                0x08002ae0      0x270 C:\cygwin\tmp\ccgQoufg.ltrans2.ltrans.o
                0x08002ae0                queues2_execute.lto_priv.109
 .text.thread1.lto_priv.121
                0x08002d50       0x20 C:\cygwin\tmp\ccgQoufg.ltrans2.ltrans.o
 .text.queues1_execute.lto_priv.107
                0x08002d70      0x290 C:\cygwin\tmp\ccgQoufg.ltrans2.ltrans.o
                0x08002d70                queues1_execute.lto_priv.107
 .text.regfind  0x08003000       0x60 C:\cygwin\tmp\ccgQoufg.ltrans2.ltrans.o
 .text.dyn3_execute.lto_priv.105
                0x08003060      0x130 C:\cygwin\tmp\ccgQoufg.ltrans2.ltrans.o
                0x08003060                dyn3_execute.lto_priv.105
 .text.dyn2_setup.lto_priv.102
                0x08003190       0x20 C:\cygwin\tmp\ccgQoufg.ltrans3.ltrans.o
                0x08003190                dyn2_setup.lto_priv.102
 .text.dyn1_setup.lto_priv.100
                0x080031b0       0x30 C:\cygwin\tmp\ccgQoufg.ltrans3.ltrans.o
                0x080031b0                dyn1_setup.lto_priv.100
 .text.null_provider
                0x080031e0       0x10 C:\cygwin\tmp\ccgQoufg.ltrans3.ltrans.o
 .text.pools1_setup.lto_priv.98
                0x080031f0       0x20 C:\cygwin\tmp\ccgQoufg.ltrans3.ltrans.o
                0x080031f0                pools1_setup.lto_priv.98
 .text.heap1_setup.lto_priv.96
                0x08003210       0x30 C:\cygwin\tmp\ccgQoufg.ltrans3.ltrans.o
                0x08003210                heap1_setup.lto_priv.96
 .text.pools1_execute.lto_priv.99
                0x08003240       0xd0 C:\cygwin\tmp\ccgQoufg.ltrans3.ltrans.o
                0x08003240                pools1_execute.lto_priv.99
 .text.dyn2_execute.lto_priv.103
                0x08003310       0xf0 C:\cygwin\tmp\ccgQoufg.ltrans3.ltrans.o
                0x08003310                dyn2_execute.lto_priv.103
 .text.thread.lto_priv.61
                0x08003400       0x10 C:\cygwin\tmp\ccgQoufg.ltrans3.ltrans.o
                0x08003400                thread.lto_priv.61
 .text.dyn1_execute.lto_priv.101
                0x08003410       0xd0 C:\cygwin\tmp\ccgQoufg.ltrans3.ltrans.o
                0x08003410                dyn1_execute.lto_priv.101
 .text.heap1_execute.lto_priv.97
                0x080034e0      0x240 C:\cygwin\tmp\ccgQoufg.ltrans3.ltrans.o
                0x080034e0                heap1_execute.lto_priv.97
 .text.evt3_execute.lto_priv.95
                0x08003720      0x160 C:\cygwin\tmp\ccgQoufg.ltrans3.ltrans.o
                0x08003720                evt3_execute.lto_priv.95
 .text.evt3_setup.lto_priv.94
                0x08003880       0x10 C:\cygwin\tmp\ccgQoufg.ltrans3.ltrans.o
                0x08003880                evt3_setup.lto_priv.94
 .text.evt2_setup.lto_priv.92
                0x08003890       0x10 C:\cygwin\tmp\ccgQoufg.ltrans3.ltrans.o
                0x08003890                evt2_setup.lto_priv.92
 .text.evt2_execute.lto_priv.93
                0x080038a0      0x2d0 C:\cygwin\tmp\ccgQoufg.ltrans3.ltrans.o
                0x080038a0                evt2_execute.lto_priv.93
 .text.thread2  0x08003b70       0x50 C:\cygwin\tmp\ccgQoufg.ltrans3.ltrans.o
 .text.thread1  0x08003bc0       0x30 C:\cygwin\tmp\ccgQoufg.ltrans3.ltrans.o
 .text.mtx6_setup.lto_priv.81
                0x08003bf0       0x20 C:\cygwin\tmp\ccgQoufg.ltrans4.ltrans.o
                0x08003bf0                mtx6_setup.lto_priv.81
 .text.mtx5_setup.lto_priv.79
                0x08003c10       0x10 C:\cygwin\tmp\ccgQoufg.ltrans4.ltrans.o
                0x08003c10                mtx5_setup.lto_priv.79
 .text.mtx4_setup.lto_priv.77
                0x08003c20       0x20 C:\cygwin\tmp\ccgQoufg.ltrans4.ltrans.o
                0x08003c20                mtx4_setup.lto_priv.77
 .text.mtx1_setup.lto_priv.75
                0x08003c40       0x10 C:\cygwin\tmp\ccgQoufg.ltrans4.ltrans.o
                0x08003c40                mtx1_setup.lto_priv.75
 .text.sem3_setup.lto_priv.72
                0x08003c50       0x10 C:\cygwin\tmp\ccgQoufg.ltrans4.ltrans.o
                0x08003c50                sem3_setup.lto_priv.72
 .text.sem2_setup.lto_priv.70
                0x08003c60       0x10 C:\cygwin\tmp\ccgQoufg.ltrans4.ltrans.o
                0x08003c60                sem2_setup.lto_priv.70
 .text.sem1_setup.lto_priv.68
                0x08003c70       0x10 C:\cygwin\tmp\ccgQoufg.ltrans4.ltrans.o
                0x08003c70                sem1_setup.lto_priv.68
 .text.mtx5_execute.lto_priv.80
                0x08003c80      0x100 C:\cygwin\tmp\ccgQoufg.ltrans4.ltrans.o
                0x08003c80                mtx5_execute.lto_priv.80
 .text.mtx4_execute.lto_priv.78
                0x08003d80      0x260 C:\cygwin\tmp\ccgQoufg.ltrans4.ltrans.o
                0x08003d80                mtx4_execute.lto_priv.78
 .text.thread4a
                0x08003fe0       0x20 C:\cygwin\tmp\ccgQoufg.ltrans4.ltrans.o
 .text.thread4b
                0x08004000       0x20 C:\cygwin\tmp\ccgQoufg.ltrans4.ltrans.o
 .text.mtx1_execute.lto_priv.76
                0x08004020       0xf0 C:\cygwin\tmp\ccgQoufg.ltrans4.ltrans.o
                0x08004020                mtx1_execute.lto_priv.76
 .text.thread1.lto_priv.137
                0x08004110       0x20 C:\cygwin\tmp\ccgQoufg.ltrans4.ltrans.o
 .text.thread1.lto_priv.136
                0x08004130       0x20 C:\cygwin\tmp\ccgQoufg.ltrans4.ltrans.o
 .text.thread4  0x08004150       0x30 C:\cygwin\tmp\ccgQoufg.ltrans4.ltrans.o
 .text.thread2  0x08004180       0x30 C:\cygwin\tmp\ccgQoufg.ltrans4.ltrans.o
 .text.sem4_execute.lto_priv.74
                0x080041b0      0x160 C:\cygwin\tmp\ccgQoufg.ltrans4.ltrans.o
                0x080041b0                sem4_execute.lto_priv.74
 .text.sem3_execute.lto_priv.73
                0x08004310       0x90 C:\cygwin\tmp\ccgQoufg.ltrans4.ltrans.o
                0x08004310                sem3_execute.lto_priv.73
 .text.thread3  0x080043a0       0x20 C:\cygwin\tmp\ccgQoufg.ltrans4.ltrans.o
 .text.sem2_execute.lto_priv.71
                0x080043c0      0x180 C:\cygwin\tmp\ccgQoufg.ltrans4.ltrans.o
                0x080043c0                sem2_execute.lto_priv.71
 .text.sem1_execute.lto_priv.69
                0x08004540      0x170 C:\cygwin\tmp\ccgQoufg.ltrans4.ltrans.o
                0x08004540                sem1_execute.lto_priv.69
 .text.thd4_execute.lto_priv.67
                0x080046b0       0xc0 C:\cygwin\tmp\ccgQoufg.ltrans4.ltrans.o
                0x080046b0                thd4_execute.lto_priv.67
 .text.thd3_execute.lto_priv.66
                0x08004770      0x130 C:\cygwin\tmp\ccgQoufg.ltrans4.ltrans.o
                0x08004770                thd3_execute.lto_priv.66
 .text.mbox1_setup.lto_priv.88
                0x080048a0       0x40 C:\cygwin\tmp\ccgQoufg.ltrans5.ltrans.o
                0x080048a0                mbox1_setup.lto_priv.88
 .text.mtx8_setup.lto_priv.85
                0x080048e0       0x30 C:\cygwin\tmp\ccgQoufg.ltrans5.ltrans.o
                0x080048e0                mtx8_setup.lto_priv.85
 .text.mtx7_setup.lto_priv.83
                0x08004910       0x20 C:\cygwin\tmp\ccgQoufg.ltrans5.ltrans.o
                0x08004910                mtx7_setup.lto_priv.83
 .text.evt1_execute.lto_priv.91
                0x08004930       0xe0 C:\cygwin\tmp\ccgQoufg.ltrans5.ltrans.o
                0x08004930                evt1_execute.lto_priv.91
 .text.h3       0x08004a10       0x10 C:\cygwin\tmp\ccgQoufg.ltrans5.ltrans.o
 .text.h2       0x08004a20       0x10 C:\cygwin\tmp\ccgQoufg.ltrans5.ltrans.o
 .text.h1       0x08004a30       0x10 C:\cygwin\tmp\ccgQoufg.ltrans5.ltrans.o
 .text.evt1_setup.lto_priv.90
                0x08004a40       0x10 C:\cygwin\tmp\ccgQoufg.ltrans5.ltrans.o
                0x08004a40                evt1_setup.lto_priv.90
 .text.mbox1_execute.lto_priv.89
                0x08004a50      0x5e0 C:\cygwin\tmp\ccgQoufg.ltrans5.ltrans.o
                0x08004a50                mbox1_execute.lto_priv.89
 .text.thread   0x08005030       0x20 C:\cygwin\tmp\ccgQoufg.ltrans5.ltrans.o
 .text.msg1_execute.lto_priv.87
                0x08005050       0xa0 C:\cygwin\tmp\ccgQoufg.ltrans5.ltrans.o
                0x08005050                msg1_execute.lto_priv.87
 .text.mtx8_execute.lto_priv.86
                0x080050f0       0x90 C:\cygwin\tmp\ccgQoufg.ltrans5.ltrans.o
                0x080050f0                mtx8_execute.lto_priv.86
 .text.thread12
                0x08005180       0x20 C:\cygwin\tmp\ccgQoufg.ltrans5.ltrans.o
 .text.thread11
                0x080051a0       0x90 C:\cygwin\tmp\ccgQoufg.ltrans5.ltrans.o
 .text.thread10
                0x08005230       0x70 C:\cygwin\tmp\ccgQoufg.ltrans5.ltrans.o
 .text.mtx7_execute.lto_priv.84
                0x080052a0       0xf0 C:\cygwin\tmp\ccgQoufg.ltrans5.ltrans.o
                0x080052a0                mtx7_execute.lto_priv.84
 .text.mtx6_execute.lto_priv.82
                0x08005390       0xe0 C:\cygwin\tmp\ccgQoufg.ltrans5.ltrans.o
                0x08005390                mtx6_execute.lto_priv.82
 .text.chTMStartMeasurementX.constprop.56
                0x08005470       0x10 C:\cygwin\tmp\ccgQoufg.ltrans6.ltrans.o
                0x08005470                chTMStartMeasurementX.constprop.56
 .text.chThdCreateFromHeap.constprop.51
                0x08005480       0xa0 C:\cygwin\tmp\ccgQoufg.ltrans6.ltrans.o
                0x08005480                chThdCreateFromHeap.constprop.51
 .text.chThdCreateFromMemoryPool.constprop.50
                0x08005520       0xa0 C:\cygwin\tmp\ccgQoufg.ltrans6.ltrans.o
                0x08005520                chThdCreateFromMemoryPool.constprop.50
 .text.chSemSignalWait.constprop.46
                0x080055c0       0x70 C:\cygwin\tmp\ccgQoufg.ltrans6.ltrans.o
                0x080055c0                chSemSignalWait.constprop.46
 .text.chCondSignal.constprop.42
                0x08005630       0x30 C:\cygwin\tmp\ccgQoufg.ltrans6.ltrans.o
                0x08005630                chCondSignal.constprop.42
 .text.chCondSignalI.constprop.41
                0x08005660       0x30 C:\cygwin\tmp\ccgQoufg.ltrans6.ltrans.o
                0x08005660                chCondSignalI.constprop.41
 .text.chEvtGetAndClearEvents.constprop.33
                0x08005690       0x20 C:\cygwin\tmp\ccgQoufg.ltrans6.ltrans.o
                0x08005690                chEvtGetAndClearEvents.constprop.33
 .text.chEvtWaitOne.constprop.29
                0x080056b0       0x40 C:\cygwin\tmp\ccgQoufg.ltrans6.ltrans.o
                0x080056b0                chEvtWaitOne.constprop.29
 .text.unlikely.chEvtWaitAny.constprop.28
                0x080056f0       0x34 C:\cygwin\tmp\ccgQoufg.ltrans6.ltrans.o
                0x080056f0                chEvtWaitAny.constprop.28
 *fill*         0x08005724        0xc 
 .text.chMBPost.constprop.14
                0x08005730       0x50 C:\cygwin\tmp\ccgQoufg.ltrans6.ltrans.o
                0x08005730                chMBPost.constprop.14
 .text.chMBPostI.constprop.13
                0x08005780       0x40 C:\cygwin\tmp\ccgQoufg.ltrans6.ltrans.o
                0x08005780                chMBPostI.constprop.13
 .text.chMBPostAhead.constprop.12
                0x080057c0       0x50 C:\cygwin\tmp\ccgQoufg.ltrans6.ltrans.o
                0x080057c0                chMBPostAhead.constprop.12
 .text.chMBPostAheadI.constprop.11
                0x08005810       0x40 C:\cygwin\tmp\ccgQoufg.ltrans6.ltrans.o
                0x08005810                chMBPostAheadI.constprop.11
 .text.unlikely.chMBFetch.constprop.10
                0x08005850       0x48 C:\cygwin\tmp\ccgQoufg.ltrans6.ltrans.o
                0x08005850                chMBFetch.constprop.10
 *fill*         0x08005898        0x8 
 .text.unlikely.chMBFetchI.constprop.9
                0x080058a0       0x3c C:\cygwin\tmp\ccgQoufg.ltrans6.ltrans.o
                0x080058a0                chMBFetchI.constprop.9
 *fill*         0x080058dc        0x4 
 .text.test_start_timer.constprop.3
                0x080058e0       0x40 C:\cygwin\tmp\ccgQoufg.ltrans6.ltrans.o
                0x080058e0                test_start_timer.constprop.3
 *(.rodata)
 *(.rodata.*)
 .rodata.str1.4
                0x08005920       0x22 C:\cygwin\tmp\ccgQoufg.ltrans0.ltrans.o
                                 0x28 (size before relaxing)
 *fill*         0x08005942        0xe 
 .rodata.testmtx4
                0x08005950       0x10 C:\cygwin\tmp\ccgQoufg.ltrans1.ltrans.o
 .rodata.testmtx8
                0x08005960       0x10 C:\cygwin\tmp\ccgQoufg.ltrans1.ltrans.o
 .rodata.testmtx6
                0x08005970       0x10 C:\cygwin\tmp\ccgQoufg.ltrans1.ltrans.o
 .rodata.testmtx7
                0x08005980       0x10 C:\cygwin\tmp\ccgQoufg.ltrans1.ltrans.o
 .rodata.patternmsg
                0x08005990        0x8 C:\cygwin\tmp\ccgQoufg.ltrans1.ltrans.o
 *fill*         0x08005998        0x8 
 .rodata.testmsg1
                0x080059a0       0x10 C:\cygwin\tmp\ccgQoufg.ltrans1.ltrans.o
 .rodata.patternmbox
                0x080059b0        0x8 C:\cygwin\tmp\ccgQoufg.ltrans1.ltrans.o
 *fill*         0x080059b8        0x8 
 .rodata.patternbmk
                0x080059c0       0x38 C:\cygwin\tmp\ccgQoufg.ltrans1.ltrans.o
 *fill*         0x080059f8        0x8 
 .rodata.ch_debug
                0x08005a00       0x18 C:\cygwin\tmp\ccgQoufg.ltrans1.ltrans.o
 *fill*         0x08005a18        0x8 
 .rodata.testevt2
                0x08005a20       0x10 C:\cygwin\tmp\ccgQoufg.ltrans1.ltrans.o
 .rodata.patterndyn
                0x08005a30       0x10 C:\cygwin\tmp\ccgQoufg.ltrans1.ltrans.o
 .rodata.vmt    0x08005a40       0x20 C:\cygwin\tmp\ccgQoufg.ltrans1.ltrans.o
 .rodata.testdyn3
                0x08005a60       0x10 C:\cygwin\tmp\ccgQoufg.ltrans1.ltrans.o
 .rodata.testsem1
                0x08005a70       0x10 C:\cygwin\tmp\ccgQoufg.ltrans1.ltrans.o
 .rodata.testsem2
                0x08005a80       0x10 C:\cygwin\tmp\ccgQoufg.ltrans1.ltrans.o
 .rodata.testbmk6
                0x08005a90       0x10 C:\cygwin\tmp\ccgQoufg.ltrans1.ltrans.o
 .rodata.testsem4
                0x08005aa0       0x10 C:\cygwin\tmp\ccgQoufg.ltrans1.ltrans.o
 .rodata.testheap1
                0x08005ab0       0x10 C:\cygwin\tmp\ccgQoufg.ltrans1.ltrans.o
 .rodata.testthd2
                0x08005ac0       0x10 C:\cygwin\tmp\ccgQoufg.ltrans1.ltrans.o
 .rodata.testbmk10
                0x08005ad0       0x10 C:\cygwin\tmp\ccgQoufg.ltrans1.ltrans.o
 .rodata.testbmk11
                0x08005ae0       0x10 C:\cygwin\tmp\ccgQoufg.ltrans1.ltrans.o
 .rodata.testbmk12
                0x08005af0       0x10 C:\cygwin\tmp\ccgQoufg.ltrans1.ltrans.o
 .rodata.testbmk13
                0x08005b00       0x10 C:\cygwin\tmp\ccgQoufg.ltrans1.ltrans.o
 .rodata.testbmk1
                0x08005b10       0x10 C:\cygwin\tmp\ccgQoufg.ltrans1.ltrans.o
 .rodata.testbmk2
                0x08005b20       0x10 C:\cygwin\tmp\ccgQoufg.ltrans1.ltrans.o
 .rodata.testbmk3
                0x08005b30       0x10 C:\cygwin\tmp\ccgQoufg.ltrans1.ltrans.o
 .rodata.testbmk4
                0x08005b40       0x10 C:\cygwin\tmp\ccgQoufg.ltrans1.ltrans.o
 .rodata.testbmk5
                0x08005b50       0x10 C:\cygwin\tmp\ccgQoufg.ltrans1.ltrans.o
 .rodata.testbmk8
                0x08005b60       0x10 C:\cygwin\tmp\ccgQoufg.ltrans1.ltrans.o
 .rodata.testbmk7
                0x08005b70       0x10 C:\cygwin\tmp\ccgQoufg.ltrans1.ltrans.o
 .rodata.testpools1
                0x08005b80       0x10 C:\cygwin\tmp\ccgQoufg.ltrans1.ltrans.o
 .rodata.testbmk9
                0x08005b90       0x10 C:\cygwin\tmp\ccgQoufg.ltrans1.ltrans.o
 .rodata.testmtx5
                0x08005ba0       0x10 C:\cygwin\tmp\ccgQoufg.ltrans1.ltrans.o
 .rodata.patterns
                0x08005bb0       0x30 C:\cygwin\tmp\ccgQoufg.ltrans1.ltrans.o
 .rodata.testdyn1
                0x08005be0       0x10 C:\cygwin\tmp\ccgQoufg.ltrans1.ltrans.o
 .rodata.testdyn2
                0x08005bf0       0x10 C:\cygwin\tmp\ccgQoufg.ltrans1.ltrans.o
 .rodata.testmbox1
                0x08005c00       0x10 C:\cygwin\tmp\ccgQoufg.ltrans1.ltrans.o
 .rodata.patternevt
                0x08005c10       0x10 C:\cygwin\tmp\ccgQoufg.ltrans1.ltrans.o
 .rodata.patternheap
                0x08005c20        0x8 C:\cygwin\tmp\ccgQoufg.ltrans1.ltrans.o
 *fill*         0x08005c28        0x8 
 .rodata.patternqueues
                0x08005c30        0xc C:\cygwin\tmp\ccgQoufg.ltrans1.ltrans.o
 *fill*         0x08005c3c        0x4 
 .rodata.patternthd
                0x08005c40       0x14 C:\cygwin\tmp\ccgQoufg.ltrans1.ltrans.o
 *fill*         0x08005c54        0xc 
 .rodata.testqueues1
                0x08005c60       0x10 C:\cygwin\tmp\ccgQoufg.ltrans1.ltrans.o
 .rodata.testqueues2
                0x08005c70       0x10 C:\cygwin\tmp\ccgQoufg.ltrans1.ltrans.o
 .rodata.testthd1
                0x08005c80       0x10 C:\cygwin\tmp\ccgQoufg.ltrans1.ltrans.o
 .rodata.testsem3
                0x08005c90       0x10 C:\cygwin\tmp\ccgQoufg.ltrans1.ltrans.o
 .rodata.testthd3
                0x08005ca0       0x10 C:\cygwin\tmp\ccgQoufg.ltrans1.ltrans.o
 .rodata.testthd4
                0x08005cb0       0x10 C:\cygwin\tmp\ccgQoufg.ltrans1.ltrans.o
 .rodata.patternsem
                0x08005cc0       0x14 C:\cygwin\tmp\ccgQoufg.ltrans1.ltrans.o
 *fill*         0x08005cd4        0xc 
 .rodata.testevt1
                0x08005ce0       0x10 C:\cygwin\tmp\ccgQoufg.ltrans1.ltrans.o
 .rodata.testevt3
                0x08005cf0       0x10 C:\cygwin\tmp\ccgQoufg.ltrans1.ltrans.o
 .rodata.patternmtx
                0x08005d00       0x1c C:\cygwin\tmp\ccgQoufg.ltrans1.ltrans.o
 *fill*         0x08005d1c        0x4 
 .rodata.str1.4
                0x08005d20      0x78f C:\cygwin\tmp\ccgQoufg.ltrans1.ltrans.o
                                0x79c (size before relaxing)
 *fill*         0x080064af        0x1 
 .rodata.testmtx1
                0x080064b0       0x10 C:\cygwin\tmp\ccgQoufg.ltrans1.ltrans.o
 .rodata.patternpools
                0x080064c0        0x8 C:\cygwin\tmp\ccgQoufg.ltrans1.ltrans.o
 *fill*         0x080064c8        0x8 
 .rodata.wa     0x080064d0       0x14 C:\cygwin\tmp\ccgQoufg.ltrans2.ltrans.o
                0x080064d0                wa
 *fill*         0x080064e4        0xc 
 .rodata.str1.4
                0x080064f0       0x3d C:\cygwin\tmp\ccgQoufg.ltrans2.ltrans.o
                                 0x54 (size before relaxing)
 *fill*         0x0800652d        0x3 
 .rodata.str1.4
                0x08006530        0x3 C:\cygwin\tmp\ccgQoufg.ltrans3.ltrans.o
                                 0x20 (size before relaxing)
 .rodata.str1.4
                0x00000000       0x1c C:\cygwin\tmp\ccgQoufg.ltrans4.ltrans.o
 *fill*         0x08006533        0xd 
 .rodata.str1.4
                0x08006540        0x4 C:\cygwin\tmp\ccgQoufg.ltrans5.ltrans.o
                                 0x20 (size before relaxing)
 *fill*         0x08006544        0xc 
 .rodata.evhndl
                0x08006550        0xc C:\cygwin\tmp\ccgQoufg.ltrans5.ltrans.o
 *(.glue_7t)
 .glue_7t       0x00000000        0x0 linker stubs
 *(.glue_7)
 .glue_7        0x00000000        0x0 linker stubs
 *(.gcc*)

.vfp11_veneer   0x0800655c        0x0
 .vfp11_veneer  0x00000000        0x0 linker stubs

.v4_bx          0x0800655c        0x0
 .v4_bx         0x00000000        0x0 linker stubs

.iplt           0x0800655c        0x0
 .iplt          0x00000000        0x0 build/obj/chcoreasm_v7m.o

.rel.dyn        0x0800655c        0x0
 .rel.iplt      0x00000000        0x0 build/obj/chcoreasm_v7m.o

.ARM.extab
 *(.ARM.extab* .gnu.linkonce.armextab.*)

.ARM.exidx      0x0800655c        0x0
                0x0800655c                PROVIDE (__exidx_start, .)
 *(.ARM.exidx* .gnu.linkonce.armexidx.*)
                0x0800655c                PROVIDE (__exidx_end, .)

.eh_frame_hdr
 *(.eh_frame_hdr)

.eh_frame
 *(.eh_frame)

.textalign      0x0800655c        0x4
                0x08006560                . = ALIGN (0x8)
 *fill*         0x0800655c        0x4 
                0x08006560                . = ALIGN (0x4)
                0x08006560                _etext = .
                0x08006560                _textdata = _etext

.stacks         0x20000000      0x800
                0x20000000                . = ALIGN (0x8)
                0x20000000                __main_stack_base__ = .
                0x20000400                . = (. + __main_stack_size__)
 *fill*         0x20000000      0x400 
                0x20000400                . = ALIGN (0x8)
                0x20000400                __main_stack_end__ = .
                0x20000400                __process_stack_base__ = .
                0x20000400                __main_thread_stack_base__ = .
                0x20000800                . = (. + __process_stack_size__)
 *fill*         0x20000400      0x400 
                0x20000800                . = ALIGN (0x8)
                0x20000800                __process_stack_end__ = .
                0x20000800                __main_thread_stack_end__ = .

.data           0x20000800       0xb8 load address 0x08006560
                0x20000800                . = ALIGN (0x4)
                0x20000800                PROVIDE (_data, .)
 *(.data)
 *(.data.*)
 .data.oq       0x20000800       0x24 C:\cygwin\tmp\ccgQoufg.ltrans2.ltrans.o
 .data.iq       0x20000824       0x24 C:\cygwin\tmp\ccgQoufg.ltrans2.ltrans.o
 .data.es1.lto_priv.130
                0x20000848        0x4 C:\cygwin\tmp\ccgQoufg.ltrans3.ltrans.o
                0x20000848                es1.lto_priv.130
 .data.mp1.lto_priv.126
                0x2000084c        0xc C:\cygwin\tmp\ccgQoufg.ltrans3.ltrans.o
 .data.es2      0x20000858        0x4 C:\cygwin\tmp\ccgQoufg.ltrans3.ltrans.o
 .data.m2.lto_priv.135
                0x2000085c       0x10 C:\cygwin\tmp\ccgQoufg.ltrans5.ltrans.o
                0x2000085c                m2.lto_priv.135
 .data.m1.lto_priv.134
                0x2000086c       0x10 C:\cygwin\tmp\ccgQoufg.ltrans5.ltrans.o
                0x2000086c                m1.lto_priv.134
 .data.mb1.lto_priv.131
                0x2000087c       0x28 C:\cygwin\tmp\ccgQoufg.ltrans6.ltrans.o
                0x2000087c                mb1.lto_priv.131
 .data.c1.lto_priv.132
                0x200008a4        0x8 C:\cygwin\tmp\ccgQoufg.ltrans6.ltrans.o
                0x200008a4                c1.lto_priv.132
 .data.sem1.lto_priv.138
                0x200008ac        0xc C:\cygwin\tmp\ccgQoufg.ltrans6.ltrans.o
                0x200008ac                sem1.lto_priv.138
 *(.ramtext)
                0x200008b8                . = ALIGN (0x4)
                0x200008b8                PROVIDE (_edata, .)

.igot.plt       0x200008b8        0x0 load address 0x08006618
 .igot.plt      0x00000000        0x0 build/obj/chcoreasm_v7m.o

.bss            0x200008b8      0xac0
                0x200008b8                . = ALIGN (0x4)
                0x200008b8                PROVIDE (_bss_start, .)
 *(.bss)
 *(.bss.*)
 .bss.failpoint.lto_priv.142
                0x200008b8        0x4 C:\cygwin\tmp\ccgQoufg.ltrans1.ltrans.o
                0x200008b8                failpoint.lto_priv.142
 .bss.iq.6436   0x200008bc       0x24 C:\cygwin\tmp\ccgQoufg.ltrans1.ltrans.o
 .bss.waThread1
                0x200008e0      0x148 C:\cygwin\tmp\ccgQoufg.ltrans1.ltrans.o
 .bss.nextmem.lto_priv.129
                0x20000a28        0x4 C:\cygwin\tmp\ccgQoufg.ltrans1.ltrans.o
                0x20000a28                nextmem.lto_priv.129
 .bss.global_fail.lto_priv.141
                0x20000a2c        0x1 C:\cygwin\tmp\ccgQoufg.ltrans1.ltrans.o
                0x20000a2c                global_fail.lto_priv.141
 *fill*         0x20000a2d        0x3 
 .bss.ib.6435   0x20000a30       0x10 C:\cygwin\tmp\ccgQoufg.ltrans1.ltrans.o
 .bss.threads   0x20000a40       0x14 C:\cygwin\tmp\ccgQoufg.ltrans1.ltrans.o
                0x20000a40                threads
 .bss.local_fail.lto_priv.140
                0x20000a54        0x1 C:\cygwin\tmp\ccgQoufg.ltrans1.ltrans.o
                0x20000a54                local_fail.lto_priv.140
 *fill*         0x20000a55        0x3 
 .bss.vt1.6446  0x20000a58       0x14 C:\cygwin\tmp\ccgQoufg.ltrans1.ltrans.o
 .bss.SD2       0x20000a6c       0x78 C:\cygwin\tmp\ccgQoufg.ltrans1.ltrans.o
 .bss.chp.lto_priv.139
                0x20000ae4        0x4 C:\cygwin\tmp\ccgQoufg.ltrans1.ltrans.o
                0x20000ae4                chp.lto_priv.139
 .bss.default_heap.lto_priv.145
                0x20000ae8       0x20 C:\cygwin\tmp\ccgQoufg.ltrans1.ltrans.o
                0x20000ae8                default_heap.lto_priv.145
 .bss.tokp.lto_priv.143
                0x20000b08        0x4 C:\cygwin\tmp\ccgQoufg.ltrans1.ltrans.o
                0x20000b08                tokp.lto_priv.143
 .bss.tokens_buffer.lto_priv.144
                0x20000b0c       0x10 C:\cygwin\tmp\ccgQoufg.ltrans1.ltrans.o
                0x20000b0c                tokens_buffer.lto_priv.144
 .bss.endmem.lto_priv.128
                0x20000b1c        0x4 C:\cygwin\tmp\ccgQoufg.ltrans1.ltrans.o
                0x20000b1c                endmem.lto_priv.128
 .bss.sem1.lto_priv.120
                0x20000b20        0xc C:\cygwin\tmp\ccgQoufg.ltrans1.ltrans.o
                0x20000b20                sem1.lto_priv.120
 .bss.mtx1      0x20000b2c       0x10 C:\cygwin\tmp\ccgQoufg.ltrans1.ltrans.o
 .bss.vt2.6447  0x20000b3c       0x14 C:\cygwin\tmp\ccgQoufg.ltrans1.ltrans.o
 .bss.test_heap
                0x20000b50       0x20 C:\cygwin\tmp\ccgQoufg.ltrans3.ltrans.o
 .bss.test_timer_done
                0x20000b70        0x1 C:\cygwin\tmp\ccgQoufg.ltrans6.ltrans.o
                0x20000b70                test_timer_done
 *fill*         0x20000b71        0x7 
 .bss.ch        0x20000b78      0x150 C:\cygwin\tmp\ccgQoufg.ltrans6.ltrans.o
                0x20000b78                ch
 .bss.mp1.lto_priv.127
                0x20000cc8        0xc C:\cygwin\tmp\ccgQoufg.ltrans6.ltrans.o
                0x20000cc8                mp1.lto_priv.127
 *fill*         0x20000cd4        0x4 
 .bss.heap1.lto_priv.125
                0x20000cd8       0x20 C:\cygwin\tmp\ccgQoufg.ltrans6.ltrans.o
                0x20000cd8                heap1.lto_priv.125
 .bss.vt        0x20000cf8       0x14 C:\cygwin\tmp\ccgQoufg.ltrans6.ltrans.o
 *fill*         0x20000d0c        0x4 
 .bss.test      0x20000d10      0x668 C:\cygwin\tmp\ccgQoufg.ltrans6.ltrans.o
                0x20000d10                test
 *(COMMON)
                0x20001378                . = ALIGN (0x4)
                0x20001378                PROVIDE (_bss_end, .)
                0x20001378                PROVIDE (end, .)
                0x20001378                _end = .
                0x20001378                __heap_base__ = _end
                0x20020000                __heap_end__ = __ram_end__
                0x00000400                __process_stack_size__ = 0x400
                0x00000400                __main_stack_size__ = 0x400
START GROUP
LOAD c:/program files/gcc-arm-none-eabi-4_9-2014/bin/../lib/gcc/arm-none-eabi/4.9.3/armv7e-m\libgcc.a
LOAD c:/program files/gcc-arm-none-eabi-4_9-2014/bin/../lib/gcc/arm-none-eabi/4.9.3/../../../../arm-none-eabi/lib/armv7e-m\libg.a
LOAD c:/program files/gcc-arm-none-eabi-4_9-2014/bin/../lib/gcc/arm-none-eabi/4.9.3/../../../../arm-none-eabi/lib/armv7e-m\libc.a
END GROUP
OUTPUT(build/ch.elf elf32-littlearm)

.ARM.attributes
                0x00000000       0x2d
 .ARM.attributes
                0x00000000       0x21 build/obj/chcoreasm_v7m.o
 .ARM.attributes
                0x00000021       0x31 C:\cygwin\tmp\ccgQoufg.ltrans0.ltrans.o
 .ARM.attributes
                0x00000052       0x31 C:\cygwin\tmp\ccgQoufg.ltrans1.ltrans.o
 .ARM.attributes
                0x00000083       0x31 C:\cygwin\tmp\ccgQoufg.ltrans2.ltrans.o
 .ARM.attributes
                0x000000b4       0x31 C:\cygwin\tmp\ccgQoufg.ltrans3.ltrans.o
 .ARM.attributes
                0x000000e5       0x31 C:\cygwin\tmp\ccgQoufg.ltrans4.ltrans.o
 .ARM.attributes
                0x00000116       0x31 C:\cygwin\tmp\ccgQoufg.ltrans5.ltrans.o
 .ARM.attributes
                0x00000147       0x31 C:\cygwin\tmp\ccgQoufg.ltrans6.ltrans.o

.comment        0x00000000       0x70
 .comment       0x00000000       0x70 C:\cygwin\tmp\ccgQoufg.ltrans0.ltrans.o
                                 0x71 (size before relaxing)
 .comment       0x00000000       0x71 C:\cygwin\tmp\ccgQoufg.ltrans1.ltrans.o
 .comment       0x00000000       0x71 C:\cygwin\tmp\ccgQoufg.ltrans2.ltrans.o
 .comment       0x00000000       0x71 C:\cygwin\tmp\ccgQoufg.ltrans3.ltrans.o
 .comment       0x00000000       0x71 C:\cygwin\tmp\ccgQoufg.ltrans4.ltrans.o
 .comment       0x00000000       0x71 C:\cygwin\tmp\ccgQoufg.ltrans5.ltrans.o
 .comment       0x00000000       0x71 C:\cygwin\tmp\ccgQoufg.ltrans6.ltrans.o

.debug_info     0x00000000    0x17629
 .debug_info    0x00000000     0x4a69 C:\cygwin\tmp\ccgQoufg.ltrans0.ltrans.o
 .debug_info    0x00004a69     0x3c35 C:\cygwin\tmp\ccgQoufg.ltrans1.ltrans.o
 .debug_info    0x0000869e     0x3849 C:\cygwin\tmp\ccgQoufg.ltrans2.ltrans.o
 .debug_info    0x0000bee7     0x2d99 C:\cygwin\tmp\ccgQoufg.ltrans3.ltrans.o
 .debug_info    0x0000ec80     0x3454 C:\cygwin\tmp\ccgQoufg.ltrans4.ltrans.o
 .debug_info    0x000120d4     0x3530 C:\cygwin\tmp\ccgQoufg.ltrans5.ltrans.o
 .debug_info    0x00015604     0x2025 C:\cygwin\tmp\ccgQoufg.ltrans6.ltrans.o

.debug_abbrev   0x00000000     0x27b5
 .debug_abbrev  0x00000000      0x74f C:\cygwin\tmp\ccgQoufg.ltrans0.ltrans.o
 .debug_abbrev  0x0000074f      0x64f C:\cygwin\tmp\ccgQoufg.ltrans1.ltrans.o
 .debug_abbrev  0x00000d9e      0x57d C:\cygwin\tmp\ccgQoufg.ltrans2.ltrans.o
 .debug_abbrev  0x0000131b      0x535 C:\cygwin\tmp\ccgQoufg.ltrans3.ltrans.o
 .debug_abbrev  0x00001850      0x53c C:\cygwin\tmp\ccgQoufg.ltrans4.ltrans.o
 .debug_abbrev  0x00001d8c      0x556 C:\cygwin\tmp\ccgQoufg.ltrans5.ltrans.o
 .debug_abbrev  0x000022e2      0x4d3 C:\cygwin\tmp\ccgQoufg.ltrans6.ltrans.o

.debug_loc      0x00000000     0x5e16
 .debug_loc     0x00000000     0x23da C:\cygwin\tmp\ccgQoufg.ltrans0.ltrans.o
 .debug_loc     0x000023da      0xcaf C:\cygwin\tmp\ccgQoufg.ltrans1.ltrans.o
 .debug_loc     0x00003089      0x9f5 C:\cygwin\tmp\ccgQoufg.ltrans2.ltrans.o
 .debug_loc     0x00003a7e      0x94e C:\cygwin\tmp\ccgQoufg.ltrans3.ltrans.o
 .debug_loc     0x000043cc      0x798 C:\cygwin\tmp\ccgQoufg.ltrans4.ltrans.o
 .debug_loc     0x00004b64      0xaac C:\cygwin\tmp\ccgQoufg.ltrans5.ltrans.o
 .debug_loc     0x00005610      0x806 C:\cygwin\tmp\ccgQoufg.ltrans6.ltrans.o

.debug_aranges  0x00000000      0x660
 .debug_aranges
                0x00000000      0x220 C:\cygwin\tmp\ccgQoufg.ltrans0.ltrans.o
 .debug_aranges
                0x00000220       0xc0 C:\cygwin\tmp\ccgQoufg.ltrans1.ltrans.o
 .debug_aranges
                0x000002e0       0xe0 C:\cygwin\tmp\ccgQoufg.ltrans2.ltrans.o
 .debug_aranges
                0x000003c0       0x98 C:\cygwin\tmp\ccgQoufg.ltrans3.ltrans.o
 .debug_aranges
                0x00000458       0xd0 C:\cygwin\tmp\ccgQoufg.ltrans4.ltrans.o
 .debug_aranges
                0x00000528       0xa0 C:\cygwin\tmp\ccgQoufg.ltrans5.ltrans.o
 .debug_aranges
                0x000005c8       0x98 C:\cygwin\tmp\ccgQoufg.ltrans6.ltrans.o

.debug_ranges   0x00000000     0x2770
 .debug_ranges  0x00000000      0xae0 C:\cygwin\tmp\ccgQoufg.ltrans0.ltrans.o
 .debug_ranges  0x00000ae0      0x830 C:\cygwin\tmp\ccgQoufg.ltrans1.ltrans.o
 .debug_ranges  0x00001310      0x4c8 C:\cygwin\tmp\ccgQoufg.ltrans2.ltrans.o
 .debug_ranges  0x000017d8      0x378 C:\cygwin\tmp\ccgQoufg.ltrans3.ltrans.o
 .debug_ranges  0x00001b50      0x508 C:\cygwin\tmp\ccgQoufg.ltrans4.ltrans.o
 .debug_ranges  0x00002058      0x460 C:\cygwin\tmp\ccgQoufg.ltrans5.ltrans.o
 .debug_ranges  0x000024b8      0x2b8 C:\cygwin\tmp\ccgQoufg.ltrans6.ltrans.o

.debug_line     0x00000000     0x542c
 .debug_line    0x00000000     0x1568 C:\cygwin\tmp\ccgQoufg.ltrans0.ltrans.o
 .debug_line    0x00001568      0xdd1 C:\cygwin\tmp\ccgQoufg.ltrans1.ltrans.o
 .debug_line    0x00002339      0xbde C:\cygwin\tmp\ccgQoufg.ltrans2.ltrans.o
 .debug_line    0x00002f17      0x88c C:\cygwin\tmp\ccgQoufg.ltrans3.ltrans.o
 .debug_line    0x000037a3      0xb49 C:\cygwin\tmp\ccgQoufg.ltrans4.ltrans.o
 .debug_line    0x000042ec      0x95f C:\cygwin\tmp\ccgQoufg.ltrans5.ltrans.o
 .debug_line    0x00004c4b      0x7e1 C:\cygwin\tmp\ccgQoufg.ltrans6.ltrans.o

.debug_str      0x00000000     0x2d8d
 .debug_str     0x00000000      0xf6d C:\cygwin\tmp\ccgQoufg.ltrans0.ltrans.o
                               0x100c (size before relaxing)
 .debug_str     0x00000f6d      0xa65 C:\cygwin\tmp\ccgQoufg.ltrans1.ltrans.o
                               0x1335 (size before relaxing)
 .debug_str     0x000019d2      0x3f7 C:\cygwin\tmp\ccgQoufg.ltrans2.ltrans.o
                                0xb72 (size before relaxing)
 .debug_str     0x00001dc9      0x435 C:\cygwin\tmp\ccgQoufg.ltrans3.ltrans.o
                                0xb90 (size before relaxing)
 .debug_str     0x000021fe      0x413 C:\cygwin\tmp\ccgQoufg.ltrans4.ltrans.o
                                0xa21 (size before relaxing)
 .debug_str     0x00002611      0x466 C:\cygwin\tmp\ccgQoufg.ltrans5.ltrans.o
                                0xb86 (size before relaxing)
 .debug_str     0x00002a77      0x316 C:\cygwin\tmp\ccgQoufg.ltrans6.ltrans.o
                                0xbb9 (size before relaxing)

.debug_frame    0x00000000     0x154c
 .debug_frame   0x00000000      0x77c C:\cygwin\tmp\ccgQoufg.ltrans0.ltrans.o
 .debug_frame   0x0000077c      0x21c C:\cygwin\tmp\ccgQoufg.ltrans1.ltrans.o
 .debug_frame   0x00000998      0x364 C:\cygwin\tmp\ccgQoufg.ltrans2.ltrans.o
 .debug_frame   0x00000cfc      0x1d4 C:\cygwin\tmp\ccgQoufg.ltrans3.ltrans.o
 .debug_frame   0x00000ed0      0x2c4 C:\cygwin\tmp\ccgQoufg.ltrans4.ltrans.o
 .debug_frame   0x00001194      0x1fc C:\cygwin\tmp\ccgQoufg.ltrans5.ltrans.o
 .debug_frame   0x00001390      0x1bc C:\cygwin\tmp\ccgQoufg.ltrans6.ltrans.o

Cross Reference Table

Symbol                                            File
BusFault_Handler                                  C:\cygwin\tmp\ccgQoufg.ltrans0.ltrans.o
                                                  build/obj/vectors.o (symbol from plugin)
                                                  C:\cygwin\tmp\ccgQoufg.ltrans1.ltrans.o
DebugMon_Handler                                  C:\cygwin\tmp\ccgQoufg.ltrans0.ltrans.o
                                                  build/obj/vectors.o (symbol from plugin)
                                                  C:\cygwin\tmp\ccgQoufg.ltrans1.ltrans.o
HardFault_Handler                                 C:\cygwin\tmp\ccgQoufg.ltrans0.ltrans.o
                                                  build/obj/vectors.o (symbol from plugin)
                                                  C:\cygwin\tmp\ccgQoufg.ltrans1.ltrans.o
MemManage_Handler                                 C:\cygwin\tmp\ccgQoufg.ltrans0.ltrans.o
                                                  build/obj/vectors.o (symbol from plugin)
                                                  C:\cygwin\tmp\ccgQoufg.ltrans1.ltrans.o
NMI_Handler                                       C:\cygwin\tmp\ccgQoufg.ltrans0.ltrans.o
                                                  build/obj/vectors.o (symbol from plugin)
                                                  C:\cygwin\tmp\ccgQoufg.ltrans1.ltrans.o
PendSV_Handler                                    C:\cygwin\tmp\ccgQoufg.ltrans0.ltrans.o
                                                  build/obj/vectors.o (symbol from plugin)
                                                  C:\cygwin\tmp\ccgQoufg.ltrans1.ltrans.o
Reset_Handler                                     C:\cygwin\tmp\ccgQoufg.ltrans0.ltrans.o
                                                  build/obj/crt0.o (symbol from plugin)
                                                  C:\cygwin\tmp\ccgQoufg.ltrans1.ltrans.o
SD2                                               build/obj/serial_lld.o (symbol from plugin)
                                                  build/obj/main.o (symbol from plugin)
SVC_Handler                                       C:\cygwin\tmp\ccgQoufg.ltrans0.ltrans.o
                                                  build/obj/chcore_v7m.o (symbol from plugin)
                                                  build/obj/vectors.o (symbol from plugin)
                                                  C:\cygwin\tmp\ccgQoufg.ltrans1.ltrans.o
SysTick_Handler                                   C:\cygwin\tmp\ccgQoufg.ltrans0.ltrans.o
                                                  build/obj/vectors.o (symbol from plugin)
                                                  C:\cygwin\tmp\ccgQoufg.ltrans1.ltrans.o
TestThread                                        build/obj/test.o (symbol from plugin)
                                                  build/obj/main.o (symbol from plugin)
UsageFault_Handler                                C:\cygwin\tmp\ccgQoufg.ltrans0.ltrans.o
                                                  build/obj/vectors.o (symbol from plugin)
                                                  C:\cygwin\tmp\ccgQoufg.ltrans1.ltrans.o
Vector100                                         C:\cygwin\tmp\ccgQoufg.ltrans0.ltrans.o
                                                  build/obj/vectors.o (symbol from plugin)
                                                  C:\cygwin\tmp\ccgQoufg.ltrans1.ltrans.o
Vector104                                         C:\cygwin\tmp\ccgQoufg.ltrans0.ltrans.o
                                                  build/obj/vectors.o (symbol from plugin)
                                                  C:\cygwin\tmp\ccgQoufg.ltrans1.ltrans.o
Vector108                                         C:\cygwin\tmp\ccgQoufg.ltrans0.ltrans.o
                                                  build/obj/vectors.o (symbol from plugin)
                                                  C:\cygwin\tmp\ccgQoufg.ltrans1.ltrans.o
Vector10C                                         C:\cygwin\tmp\ccgQoufg.ltrans0.ltrans.o
                                                  build/obj/vectors.o (symbol from plugin)
                                                  C:\cygwin\tmp\ccgQoufg.ltrans1.ltrans.o
Vector110                                         C:\cygwin\tmp\ccgQoufg.ltrans0.ltrans.o
                                                  build/obj/vectors.o (symbol from plugin)
                                                  C:\cygwin\tmp\ccgQoufg.ltrans1.ltrans.o
Vector114                                         C:\cygwin\tmp\ccgQoufg.ltrans0.ltrans.o
                                                  build/obj/vectors.o (symbol from plugin)
                                                  C:\cygwin\tmp\ccgQoufg.ltrans1.ltrans.o
Vector118                                         C:\cygwin\tmp\ccgQoufg.ltrans0.ltrans.o
                                                  build/obj/vectors.o (symbol from plugin)
                                                  C:\cygwin\tmp\ccgQoufg.ltrans1.ltrans.o
Vector11C                                         C:\cygwin\tmp\ccgQoufg.ltrans0.ltrans.o
                                                  build/obj/vectors.o (symbol from plugin)
                                                  C:\cygwin\tmp\ccgQoufg.ltrans1.ltrans.o
Vector120                                         C:\cygwin\tmp\ccgQoufg.ltrans0.ltrans.o
                                                  build/obj/vectors.o (symbol from plugin)
                                                  C:\cygwin\tmp\ccgQoufg.ltrans1.ltrans.o
Vector124                                         C:\cygwin\tmp\ccgQoufg.ltrans0.ltrans.o
                                                  build/obj/vectors.o (symbol from plugin)
                                                  C:\cygwin\tmp\ccgQoufg.ltrans1.ltrans.o
Vector128                                         C:\cygwin\tmp\ccgQoufg.ltrans0.ltrans.o
                                                  build/obj/vectors.o (symbol from plugin)
                                                  C:\cygwin\tmp\ccgQoufg.ltrans1.ltrans.o
Vector12C                                         C:\cygwin\tmp\ccgQoufg.ltrans0.ltrans.o
                                                  build/obj/vectors.o (symbol from plugin)
                                                  C:\cygwin\tmp\ccgQoufg.ltrans1.ltrans.o
Vector130                                         C:\cygwin\tmp\ccgQoufg.ltrans0.ltrans.o
                                                  build/obj/vectors.o (symbol from plugin)
                                                  C:\cygwin\tmp\ccgQoufg.ltrans1.ltrans.o
Vector134                                         C:\cygwin\tmp\ccgQoufg.ltrans0.ltrans.o
                                                  build/obj/vectors.o (symbol from plugin)
                                                  C:\cygwin\tmp\ccgQoufg.ltrans1.ltrans.o
Vector138                                         C:\cygwin\tmp\ccgQoufg.ltrans0.ltrans.o
                                                  build/obj/vectors.o (symbol from plugin)
                                                  C:\cygwin\tmp\ccgQoufg.ltrans1.ltrans.o
Vector13C                                         C:\cygwin\tmp\ccgQoufg.ltrans0.ltrans.o
                                                  build/obj/vectors.o (symbol from plugin)
                                                  C:\cygwin\tmp\ccgQoufg.ltrans1.ltrans.o
Vector140                                         C:\cygwin\tmp\ccgQoufg.ltrans0.ltrans.o
                                                  build/obj/vectors.o (symbol from plugin)
                                                  C:\cygwin\tmp\ccgQoufg.ltrans1.ltrans.o
Vector144                                         C:\cygwin\tmp\ccgQoufg.ltrans0.ltrans.o
                                                  build/obj/vectors.o (symbol from plugin)
                                                  C:\cygwin\tmp\ccgQoufg.ltrans1.ltrans.o
Vector148                                         C:\cygwin\tmp\ccgQoufg.ltrans0.ltrans.o
                                                  build/obj/vectors.o (symbol from plugin)
                                                  C:\cygwin\tmp\ccgQoufg.ltrans1.ltrans.o
Vector14C                                         C:\cygwin\tmp\ccgQoufg.ltrans0.ltrans.o
                                                  build/obj/vectors.o (symbol from plugin)
                                                  C:\cygwin\tmp\ccgQoufg.ltrans1.ltrans.o
Vector150                                         C:\cygwin\tmp\ccgQoufg.ltrans0.ltrans.o
                                                  build/obj/vectors.o (symbol from plugin)
                                                  C:\cygwin\tmp\ccgQoufg.ltrans1.ltrans.o
Vector154                                         C:\cygwin\tmp\ccgQoufg.ltrans0.ltrans.o
                                                  build/obj/vectors.o (symbol from plugin)
                                                  C:\cygwin\tmp\ccgQoufg.ltrans1.ltrans.o
Vector158                                         C:\cygwin\tmp\ccgQoufg.ltrans0.ltrans.o
                                                  build/obj/vectors.o (symbol from plugin)
                                                  C:\cygwin\tmp\ccgQoufg.ltrans1.ltrans.o
Vector15C                                         C:\cygwin\tmp\ccgQoufg.ltrans0.ltrans.o
                                                  build/obj/vectors.o (symbol from plugin)
                                                  C:\cygwin\tmp\ccgQoufg.ltrans1.ltrans.o
Vector160                                         C:\cygwin\tmp\ccgQoufg.ltrans0.ltrans.o
                                                  build/obj/vectors.o (symbol from plugin)
                                                  C:\cygwin\tmp\ccgQoufg.ltrans1.ltrans.o
Vector164                                         C:\cygwin\tmp\ccgQoufg.ltrans0.ltrans.o
                                                  build/obj/vectors.o (symbol from plugin)
                                                  C:\cygwin\tmp\ccgQoufg.ltrans1.ltrans.o
Vector168                                         C:\cygwin\tmp\ccgQoufg.ltrans0.ltrans.o
                                                  build/obj/vectors.o (symbol from plugin)
                                                  C:\cygwin\tmp\ccgQoufg.ltrans1.ltrans.o
Vector16C                                         C:\cygwin\tmp\ccgQoufg.ltrans0.ltrans.o
                                                  build/obj/vectors.o (symbol from plugin)
                                                  C:\cygwin\tmp\ccgQoufg.ltrans1.ltrans.o
Vector170                                         C:\cygwin\tmp\ccgQoufg.ltrans0.ltrans.o
                                                  build/obj/vectors.o (symbol from plugin)
                                                  C:\cygwin\tmp\ccgQoufg.ltrans1.ltrans.o
Vector174                                         C:\cygwin\tmp\ccgQoufg.ltrans0.ltrans.o
                                                  build/obj/vectors.o (symbol from plugin)
                                                  C:\cygwin\tmp\ccgQoufg.ltrans1.ltrans.o
Vector178                                         C:\cygwin\tmp\ccgQoufg.ltrans0.ltrans.o
                                                  build/obj/vectors.o (symbol from plugin)
                                                  C:\cygwin\tmp\ccgQoufg.ltrans1.ltrans.o
Vector17C                                         C:\cygwin\tmp\ccgQoufg.ltrans0.ltrans.o
                                                  build/obj/vectors.o (symbol from plugin)
                                                  C:\cygwin\tmp\ccgQoufg.ltrans1.ltrans.o
Vector180                                         C:\cygwin\tmp\ccgQoufg.ltrans0.ltrans.o
                                                  build/obj/vectors.o (symbol from plugin)
                                                  C:\cygwin\tmp\ccgQoufg.ltrans1.ltrans.o
Vector184                                         C:\cygwin\tmp\ccgQoufg.ltrans0.ltrans.o
                                                  build/obj/vectors.o (symbol from plugin)
                                                  C:\cygwin\tmp\ccgQoufg.ltrans1.ltrans.o
Vector188                                         C:\cygwin\tmp\ccgQoufg.ltrans0.ltrans.o
                                                  build/obj/vectors.o (symbol from plugin)
                                                  C:\cygwin\tmp\ccgQoufg.ltrans1.ltrans.o
Vector18C                                         C:\cygwin\tmp\ccgQoufg.ltrans0.ltrans.o
                                                  build/obj/vectors.o (symbol from plugin)
                                                  C:\cygwin\tmp\ccgQoufg.ltrans1.ltrans.o
Vector190                                         C:\cygwin\tmp\ccgQoufg.ltrans0.ltrans.o
                                                  build/obj/vectors.o (symbol from plugin)
                                                  C:\cygwin\tmp\ccgQoufg.ltrans1.ltrans.o
Vector194                                         C:\cygwin\tmp\ccgQoufg.ltrans0.ltrans.o
                                                  build/obj/vectors.o (symbol from plugin)
                                                  C:\cygwin\tmp\ccgQoufg.ltrans1.ltrans.o
Vector198                                         C:\cygwin\tmp\ccgQoufg.ltrans0.ltrans.o
                                                  build/obj/vectors.o (symbol from plugin)
                                                  C:\cygwin\tmp\ccgQoufg.ltrans1.ltrans.o
Vector19C                                         C:\cygwin\tmp\ccgQoufg.ltrans0.ltrans.o
                                                  build/obj/vectors.o (symbol from plugin)
                                                  C:\cygwin\tmp\ccgQoufg.ltrans1.ltrans.o
Vector1A0                                         C:\cygwin\tmp\ccgQoufg.ltrans0.ltrans.o
                                                  build/obj/vectors.o (symbol from plugin)
                                                  C:\cygwin\tmp\ccgQoufg.ltrans1.ltrans.o
Vector1A4                                         C:\cygwin\tmp\ccgQoufg.ltrans0.ltrans.o
                                                  build/obj/vectors.o (symbol from plugin)
                                                  C:\cygwin\tmp\ccgQoufg.ltrans1.ltrans.o
Vector1A8                                         C:\cygwin\tmp\ccgQoufg.ltrans0.ltrans.o
                                                  build/obj/vectors.o (symbol from plugin)
                                                  C:\cygwin\tmp\ccgQoufg.ltrans1.ltrans.o
Vector1AC                                         C:\cygwin\tmp\ccgQoufg.ltrans0.ltrans.o
                                                  build/obj/vectors.o (symbol from plugin)
                                                  C:\cygwin\tmp\ccgQoufg.ltrans1.ltrans.o
Vector1B0                                         C:\cygwin\tmp\ccgQoufg.ltrans0.ltrans.o
                                                  build/obj/vectors.o (symbol from plugin)
                                                  C:\cygwin\tmp\ccgQoufg.ltrans1.ltrans.o
Vector1B4                                         C:\cygwin\tmp\ccgQoufg.ltrans0.ltrans.o
                                                  build/obj/vectors.o (symbol from plugin)
                                                  C:\cygwin\tmp\ccgQoufg.ltrans1.ltrans.o
Vector1B8                                         C:\cygwin\tmp\ccgQoufg.ltrans0.ltrans.o
                                                  build/obj/vectors.o (symbol from plugin)
                                                  C:\cygwin\tmp\ccgQoufg.ltrans1.ltrans.o
Vector1BC                                         C:\cygwin\tmp\ccgQoufg.ltrans0.ltrans.o
                                                  build/obj/vectors.o (symbol from plugin)
                                                  C:\cygwin\tmp\ccgQoufg.ltrans1.ltrans.o
Vector1C                                          C:\cygwin\tmp\ccgQoufg.ltrans0.ltrans.o
                                                  build/obj/vectors.o (symbol from plugin)
                                                  C:\cygwin\tmp\ccgQoufg.ltrans1.ltrans.o
Vector20                                          C:\cygwin\tmp\ccgQoufg.ltrans0.ltrans.o
                                                  build/obj/vectors.o (symbol from plugin)
                                                  C:\cygwin\tmp\ccgQoufg.ltrans1.ltrans.o
Vector24                                          C:\cygwin\tmp\ccgQoufg.ltrans0.ltrans.o
                                                  build/obj/vectors.o (symbol from plugin)
                                                  C:\cygwin\tmp\ccgQoufg.ltrans1.ltrans.o
Vector28                                          C:\cygwin\tmp\ccgQoufg.ltrans0.ltrans.o
                                                  build/obj/vectors.o (symbol from plugin)
                                                  C:\cygwin\tmp\ccgQoufg.ltrans1.ltrans.o
Vector34                                          C:\cygwin\tmp\ccgQoufg.ltrans0.ltrans.o
                                                  build/obj/vectors.o (symbol from plugin)
                                                  C:\cygwin\tmp\ccgQoufg.ltrans1.ltrans.o
Vector40                                          C:\cygwin\tmp\ccgQoufg.ltrans0.ltrans.o
                                                  build/obj/vectors.o (symbol from plugin)
                                                  C:\cygwin\tmp\ccgQoufg.ltrans1.ltrans.o
Vector44                                          C:\cygwin\tmp\ccgQoufg.ltrans0.ltrans.o
                                                  build/obj/vectors.o (symbol from plugin)
                                                  C:\cygwin\tmp\ccgQoufg.ltrans1.ltrans.o
Vector48                                          C:\cygwin\tmp\ccgQoufg.ltrans0.ltrans.o
                                                  build/obj/vectors.o (symbol from plugin)
                                                  C:\cygwin\tmp\ccgQoufg.ltrans1.ltrans.o
Vector4C                                          C:\cygwin\tmp\ccgQoufg.ltrans0.ltrans.o
                                                  build/obj/vectors.o (symbol from plugin)
                                                  C:\cygwin\tmp\ccgQoufg.ltrans1.ltrans.o
Vector50                                          C:\cygwin\tmp\ccgQoufg.ltrans0.ltrans.o
                                                  build/obj/vectors.o (symbol from plugin)
                                                  C:\cygwin\tmp\ccgQoufg.ltrans1.ltrans.o
Vector54                                          C:\cygwin\tmp\ccgQoufg.ltrans0.ltrans.o
                                                  build/obj/vectors.o (symbol from plugin)
                                                  C:\cygwin\tmp\ccgQoufg.ltrans1.ltrans.o
Vector58                                          C:\cygwin\tmp\ccgQoufg.ltrans0.ltrans.o
                                                  build/obj/vectors.o (symbol from plugin)
                                                  C:\cygwin\tmp\ccgQoufg.ltrans1.ltrans.o
Vector5C                                          C:\cygwin\tmp\ccgQoufg.ltrans0.ltrans.o
                                                  build/obj/vectors.o (symbol from plugin)
                                                  C:\cygwin\tmp\ccgQoufg.ltrans1.ltrans.o
Vector60                                          C:\cygwin\tmp\ccgQoufg.ltrans0.ltrans.o
                                                  build/obj/vectors.o (symbol from plugin)
                                                  C:\cygwin\tmp\ccgQoufg.ltrans1.ltrans.o
Vector64                                          C:\cygwin\tmp\ccgQoufg.ltrans0.ltrans.o
                                                  build/obj/vectors.o (symbol from plugin)
                                                  C:\cygwin\tmp\ccgQoufg.ltrans1.ltrans.o
Vector68                                          C:\cygwin\tmp\ccgQoufg.ltrans0.ltrans.o
                                                  build/obj/vectors.o (symbol from plugin)
                                                  C:\cygwin\tmp\ccgQoufg.ltrans1.ltrans.o
Vector6C                                          C:\cygwin\tmp\ccgQoufg.ltrans0.ltrans.o
                                                  build/obj/vectors.o (symbol from plugin)
                                                  C:\cygwin\tmp\ccgQoufg.ltrans1.ltrans.o
Vector70                                          C:\cygwin\tmp\ccgQoufg.ltrans0.ltrans.o
                                                  build/obj/vectors.o (symbol from plugin)
                                                  C:\cygwin\tmp\ccgQoufg.ltrans1.ltrans.o
Vector74                                          C:\cygwin\tmp\ccgQoufg.ltrans0.ltrans.o
                                                  build/obj/vectors.o (symbol from plugin)
                                                  C:\cygwin\tmp\ccgQoufg.ltrans1.ltrans.o
Vector78                                          C:\cygwin\tmp\ccgQoufg.ltrans0.ltrans.o
                                                  build/obj/vectors.o (symbol from plugin)
                                                  C:\cygwin\tmp\ccgQoufg.ltrans1.ltrans.o
Vector7C                                          C:\cygwin\tmp\ccgQoufg.ltrans0.ltrans.o
                                                  build/obj/vectors.o (symbol from plugin)
                                                  C:\cygwin\tmp\ccgQoufg.ltrans1.ltrans.o
Vector80                                          C:\cygwin\tmp\ccgQoufg.ltrans0.ltrans.o
                                                  build/obj/vectors.o (symbol from plugin)
                                                  C:\cygwin\tmp\ccgQoufg.ltrans1.ltrans.o
Vector84                                          C:\cygwin\tmp\ccgQoufg.ltrans0.ltrans.o
                                                  build/obj/vectors.o (symbol from plugin)
                                                  C:\cygwin\tmp\ccgQoufg.ltrans1.ltrans.o
Vector88                                          C:\cygwin\tmp\ccgQoufg.ltrans0.ltrans.o
                                                  build/obj/vectors.o (symbol from plugin)
                                                  C:\cygwin\tmp\ccgQoufg.ltrans1.ltrans.o
Vector8C                                          C:\cygwin\tmp\ccgQoufg.ltrans0.ltrans.o
                                                  build/obj/vectors.o (symbol from plugin)
                                                  C:\cygwin\tmp\ccgQoufg.ltrans1.ltrans.o
Vector90                                          C:\cygwin\tmp\ccgQoufg.ltrans0.ltrans.o
                                                  build/obj/vectors.o (symbol from plugin)
                                                  C:\cygwin\tmp\ccgQoufg.ltrans1.ltrans.o
Vector94                                          C:\cygwin\tmp\ccgQoufg.ltrans0.ltrans.o
                                                  build/obj/vectors.o (symbol from plugin)
                                                  C:\cygwin\tmp\ccgQoufg.ltrans1.ltrans.o
Vector98                                          C:\cygwin\tmp\ccgQoufg.ltrans0.ltrans.o
                                                  build/obj/vectors.o (symbol from plugin)
                                                  C:\cygwin\tmp\ccgQoufg.ltrans1.ltrans.o
Vector9C                                          C:\cygwin\tmp\ccgQoufg.ltrans0.ltrans.o
                                                  build/obj/vectors.o (symbol from plugin)
                                                  C:\cygwin\tmp\ccgQoufg.ltrans1.ltrans.o
VectorA0                                          C:\cygwin\tmp\ccgQoufg.ltrans0.ltrans.o
                                                  build/obj/vectors.o (symbol from plugin)
                                                  C:\cygwin\tmp\ccgQoufg.ltrans1.ltrans.o
VectorA4                                          C:\cygwin\tmp\ccgQoufg.ltrans0.ltrans.o
                                                  build/obj/vectors.o (symbol from plugin)
                                                  C:\cygwin\tmp\ccgQoufg.ltrans1.ltrans.o
VectorA8                                          C:\cygwin\tmp\ccgQoufg.ltrans0.ltrans.o
                                                  build/obj/vectors.o (symbol from plugin)
                                                  C:\cygwin\tmp\ccgQoufg.ltrans1.ltrans.o
VectorAC                                          C:\cygwin\tmp\ccgQoufg.ltrans0.ltrans.o
                                                  build/obj/vectors.o (symbol from plugin)
                                                  C:\cygwin\tmp\ccgQoufg.ltrans1.ltrans.o
VectorB0                                          build/obj/st_lld.o (symbol from plugin)
                                                  build/obj/vectors.o (symbol from plugin)
VectorB4                                          C:\cygwin\tmp\ccgQoufg.ltrans0.ltrans.o
                                                  build/obj/vectors.o (symbol from plugin)
                                                  C:\cygwin\tmp\ccgQoufg.ltrans1.ltrans.o
VectorB8                                          C:\cygwin\tmp\ccgQoufg.ltrans0.ltrans.o
                                                  build/obj/vectors.o (symbol from plugin)
                                                  C:\cygwin\tmp\ccgQoufg.ltrans1.ltrans.o
VectorBC                                          C:\cygwin\tmp\ccgQoufg.ltrans0.ltrans.o
                                                  build/obj/vectors.o (symbol from plugin)
                                                  C:\cygwin\tmp\ccgQoufg.ltrans1.ltrans.o
VectorC0                                          C:\cygwin\tmp\ccgQoufg.ltrans0.ltrans.o
                                                  build/obj/vectors.o (symbol from plugin)
                                                  C:\cygwin\tmp\ccgQoufg.ltrans1.ltrans.o
VectorC4                                          C:\cygwin\tmp\ccgQoufg.ltrans0.ltrans.o
                                                  build/obj/vectors.o (symbol from plugin)
                                                  C:\cygwin\tmp\ccgQoufg.ltrans1.ltrans.o
VectorC8                                          C:\cygwin\tmp\ccgQoufg.ltrans0.ltrans.o
                                                  build/obj/vectors.o (symbol from plugin)
                                                  C:\cygwin\tmp\ccgQoufg.ltrans1.ltrans.o
VectorCC                                          C:\cygwin\tmp\ccgQoufg.ltrans0.ltrans.o
                                                  build/obj/vectors.o (symbol from plugin)
                                                  C:\cygwin\tmp\ccgQoufg.ltrans1.ltrans.o
VectorD0                                          C:\cygwin\tmp\ccgQoufg.ltrans0.ltrans.o
                                                  build/obj/vectors.o (symbol from plugin)
                                                  C:\cygwin\tmp\ccgQoufg.ltrans1.ltrans.o
VectorD4                                          C:\cygwin\tmp\ccgQoufg.ltrans0.ltrans.o
                                                  build/obj/vectors.o (symbol from plugin)
                                                  C:\cygwin\tmp\ccgQoufg.ltrans1.ltrans.o
VectorD8                                          build/obj/serial_lld.o (symbol from plugin)
                                                  build/obj/vectors.o (symbol from plugin)
VectorDC                                          C:\cygwin\tmp\ccgQoufg.ltrans0.ltrans.o
                                                  build/obj/vectors.o (symbol from plugin)
                                                  C:\cygwin\tmp\ccgQoufg.ltrans1.ltrans.o
VectorE0                                          C:\cygwin\tmp\ccgQoufg.ltrans0.ltrans.o
                                                  build/obj/vectors.o (symbol from plugin)
                                                  C:\cygwin\tmp\ccgQoufg.ltrans1.ltrans.o
VectorE4                                          C:\cygwin\tmp\ccgQoufg.ltrans0.ltrans.o
                                                  build/obj/vectors.o (symbol from plugin)
                                                  C:\cygwin\tmp\ccgQoufg.ltrans1.ltrans.o
VectorE8                                          C:\cygwin\tmp\ccgQoufg.ltrans0.ltrans.o
                                                  build/obj/vectors.o (symbol from plugin)
                                                  C:\cygwin\tmp\ccgQoufg.ltrans1.ltrans.o
VectorEC                                          C:\cygwin\tmp\ccgQoufg.ltrans0.ltrans.o
                                                  build/obj/vectors.o (symbol from plugin)
                                                  C:\cygwin\tmp\ccgQoufg.ltrans1.ltrans.o
VectorF0                                          C:\cygwin\tmp\ccgQoufg.ltrans0.ltrans.o
                                                  build/obj/vectors.o (symbol from plugin)
                                                  C:\cygwin\tmp\ccgQoufg.ltrans1.ltrans.o
VectorF4                                          C:\cygwin\tmp\ccgQoufg.ltrans0.ltrans.o
                                                  build/obj/vectors.o (symbol from plugin)
                                                  C:\cygwin\tmp\ccgQoufg.ltrans1.ltrans.o
VectorF8                                          C:\cygwin\tmp\ccgQoufg.ltrans0.ltrans.o
                                                  build/obj/vectors.o (symbol from plugin)
                                                  C:\cygwin\tmp\ccgQoufg.ltrans1.ltrans.o
VectorFC                                          C:\cygwin\tmp\ccgQoufg.ltrans0.ltrans.o
                                                  build/obj/vectors.o (symbol from plugin)
                                                  C:\cygwin\tmp\ccgQoufg.ltrans1.ltrans.o
__early_init                                      build/obj/board.o (symbol from plugin)
                                                  build/obj/crt0.o (symbol from plugin)
__fini_array_end                                  build/obj/crt0.o (symbol from plugin)
__fini_array_start                                build/obj/crt0.o (symbol from plugin)
__heap_base__                                     C:\cygwin\tmp\ccgQoufg.ltrans1.ltrans.o
                                                  build/obj/chmemcore.o (symbol from plugin)
__heap_end__                                      C:\cygwin\tmp\ccgQoufg.ltrans1.ltrans.o
                                                  build/obj/chmemcore.o (symbol from plugin)
__init_array_end                                  C:\cygwin\tmp\ccgQoufg.ltrans0.ltrans.o
                                                  build/obj/crt0.o (symbol from plugin)
__init_array_start                                C:\cygwin\tmp\ccgQoufg.ltrans0.ltrans.o
                                                  build/obj/crt0.o (symbol from plugin)
__late_init                                       build/obj/crt0.o (symbol from plugin)
__main_stack_base__                               C:\cygwin\tmp\ccgQoufg.ltrans0.ltrans.o
                                                  build/obj/crt0.o (symbol from plugin)
__main_stack_end__                                C:\cygwin\tmp\ccgQoufg.ltrans1.ltrans.o
                                                  C:\cygwin\tmp\ccgQoufg.ltrans0.ltrans.o
                                                  build/obj/vectors.o (symbol from plugin)
                                                  build/obj/crt0.o (symbol from plugin)
__process_stack_base__                            C:\cygwin\tmp\ccgQoufg.ltrans0.ltrans.o
                                                  build/obj/crt0.o (symbol from plugin)
__process_stack_end__                             C:\cygwin\tmp\ccgQoufg.ltrans0.ltrans.o
                                                  build/obj/crt0.o (symbol from plugin)
_bss_end                                          C:\cygwin\tmp\ccgQoufg.ltrans0.ltrans.o
                                                  build/obj/crt0.o (symbol from plugin)
_bss_start                                        C:\cygwin\tmp\ccgQoufg.ltrans0.ltrans.o
                                                  build/obj/crt0.o (symbol from plugin)
_core_init                                        build/obj/chmemcore.o (symbol from plugin)
                                                  build/obj/chsys.o (symbol from plugin)
_data                                             C:\cygwin\tmp\ccgQoufg.ltrans0.ltrans.o
                                                  build/obj/crt0.o (symbol from plugin)
_default_exit                                     build/obj/crt0.o (symbol from plugin)
_edata                                            C:\cygwin\tmp\ccgQoufg.ltrans0.ltrans.o
                                                  build/obj/crt0.o (symbol from plugin)
_heap_init                                        build/obj/chheap.o (symbol from plugin)
                                                  build/obj/chsys.o (symbol from plugin)
_idle_thread.lto_priv.63                          C:\cygwin\tmp\ccgQoufg.ltrans0.ltrans.o
                                                  C:\cygwin\tmp\ccgQoufg.ltrans1.ltrans.o
_pal_lld_init                                     build/obj/pal_lld.o (symbol from plugin)
                                                  build/obj/hal.o (symbol from plugin)
_pal_lld_setgroupmode                             build/obj/pal_lld.o (symbol from plugin)
                                                  build/obj/pal.o (symbol from plugin)
_port_exit_from_isr                               build/obj/chcoreasm_v7m.o
                                                  C:\cygwin\tmp\ccgQoufg.ltrans0.ltrans.o
                                                  build/obj/chcore_v7m.o (symbol from plugin)
_port_irq_epilogue                                C:\cygwin\tmp\ccgQoufg.ltrans0.ltrans.o
                                                  build/obj/chcore_v7m.o (symbol from plugin)
                                                  C:\cygwin\tmp\ccgQoufg.ltrans1.ltrans.o
                                                  build/obj/serial_lld.o (symbol from plugin)
                                                  build/obj/st_lld.o (symbol from plugin)
_port_switch                                      build/obj/chcoreasm_v7m.o
                                                  C:\cygwin\tmp\ccgQoufg.ltrans0.ltrans.o
                                                  build/obj/chschd.o (symbol from plugin)
_port_switch_from_isr                             build/obj/chcoreasm_v7m.o
                                                  C:\cygwin\tmp\ccgQoufg.ltrans0.ltrans.o
                                                  build/obj/chcore_v7m.o (symbol from plugin)
_port_thread_start                                build/obj/chcoreasm_v7m.o
                                                  C:\cygwin\tmp\ccgQoufg.ltrans6.ltrans.o
                                                  C:\cygwin\tmp\ccgQoufg.ltrans0.ltrans.o
                                                  build/obj/chthreads.o (symbol from plugin)
_scheduler_init                                   build/obj/chschd.o (symbol from plugin)
                                                  build/obj/chsys.o (symbol from plugin)
_test_assert                                      C:\cygwin\tmp\ccgQoufg.ltrans0.ltrans.o
                                                  build/obj/test.o (symbol from plugin)
                                                  C:\cygwin\tmp\ccgQoufg.ltrans5.ltrans.o
                                                  C:\cygwin\tmp\ccgQoufg.ltrans4.ltrans.o