Archive member included because of file (symbol)

c:/program files/gnu tools arm embedded/4.9 2014q4/bin/../lib/gcc/arm-none-eabi/4.9.3/armv7e-m/fpu\libgcc.a(_aeabi_uldivmod.o)
                              build/obj/syscalls.o (__aeabi_uldivmod)
c:/program files/gnu tools arm embedded/4.9 2014q4/bin/../lib/gcc/arm-none-eabi/4.9.3/armv7e-m/fpu\libgcc.a(bpabi.o)
                              c:/program files/gnu tools arm embedded/4.9 2014q4/bin/../lib/gcc/arm-none-eabi/4.9.3/armv7e-m/fpu\libgcc.a(_aeabi_uldivmod.o) (__gnu_uldivmod_helper)
c:/program files/gnu tools arm embedded/4.9 2014q4/bin/../lib/gcc/arm-none-eabi/4.9.3/armv7e-m/fpu\libgcc.a(_dvmd_tls.o)
                              c:/program files/gnu tools arm embedded/4.9 2014q4/bin/../lib/gcc/arm-none-eabi/4.9.3/armv7e-m/fpu\libgcc.a(_aeabi_uldivmod.o) (__aeabi_ldiv0)
c:/program files/gnu tools arm embedded/4.9 2014q4/bin/../lib/gcc/arm-none-eabi/4.9.3/armv7e-m/fpu\libgcc.a(_divdi3.o)
                              c:/program files/gnu tools arm embedded/4.9 2014q4/bin/../lib/gcc/arm-none-eabi/4.9.3/armv7e-m/fpu\libgcc.a(bpabi.o) (__divdi3)
c:/program files/gnu tools arm embedded/4.9 2014q4/bin/../lib/gcc/arm-none-eabi/4.9.3/armv7e-m/fpu\libgcc.a(_udivdi3.o)
                              c:/program files/gnu tools arm embedded/4.9 2014q4/bin/../lib/gcc/arm-none-eabi/4.9.3/armv7e-m/fpu\libgcc.a(bpabi.o) (__udivdi3)
c:/program files/gnu tools arm embedded/4.9 2014q4/bin/../lib/gcc/arm-none-eabi/4.9.3/../../../../arm-none-eabi/lib/armv7e-m/fpu\libg.a(lib_a-assert.o)
                              build/obj/mbutils.o (__assert_func)
c:/program files/gnu tools arm embedded/4.9 2014q4/bin/../lib/gcc/arm-none-eabi/4.9.3/../../../../arm-none-eabi/lib/armv7e-m/fpu\libg.a(lib_a-calloc.o)
                              build/obj/ArrayCopy.o (calloc)
c:/program files/gnu tools arm embedded/4.9 2014q4/bin/../lib/gcc/arm-none-eabi/4.9.3/../../../../arm-none-eabi/lib/armv7e-m/fpu\libg.a(lib_a-callocr.o)
                              c:/program files/gnu tools arm embedded/4.9 2014q4/bin/../lib/gcc/arm-none-eabi/4.9.3/../../../../arm-none-eabi/lib/armv7e-m/fpu\libg.a(lib_a-calloc.o) (_calloc_r)
c:/program files/gnu tools arm embedded/4.9 2014q4/bin/../lib/gcc/arm-none-eabi/4.9.3/../../../../arm-none-eabi/lib/armv7e-m/fpu\libg.a(lib_a-ctype_.o)
                              build/obj/lcfg_static.o (__ctype_ptr__)
c:/program files/gnu tools arm embedded/4.9 2014q4/bin/../lib/gcc/arm-none-eabi/4.9.3/../../../../arm-none-eabi/lib/armv7e-m/fpu\libg.a(lib_a-errno.o)
                              build/obj/syscalls.o (__errno)
c:/program files/gnu tools arm embedded/4.9 2014q4/bin/../lib/gcc/arm-none-eabi/4.9.3/../../../../arm-none-eabi/lib/armv7e-m/fpu\libg.a(lib_a-fiprintf.o)
                              c:/program files/gnu tools arm embedded/4.9 2014q4/bin/../lib/gcc/arm-none-eabi/4.9.3/../../../../arm-none-eabi/lib/armv7e-m/fpu\libg.a(lib_a-assert.o) (fiprintf)
c:/program files/gnu tools arm embedded/4.9 2014q4/bin/../lib/gcc/arm-none-eabi/4.9.3/../../../../arm-none-eabi/lib/armv7e-m/fpu\libg.a(lib_a-impure.o)
                              c:/program files/gnu tools arm embedded/4.9 2014q4/bin/../lib/gcc/arm-none-eabi/4.9.3/../../../../arm-none-eabi/lib/armv7e-m/fpu\libg.a(lib_a-assert.o) (_impure_ptr)
c:/program files/gnu tools arm embedded/4.9 2014q4/bin/../lib/gcc/arm-none-eabi/4.9.3/../../../../arm-none-eabi/lib/armv7e-m/fpu\libg.a(lib_a-isprint.o)
                              build/obj/main.o (isprint)
c:/program files/gnu tools arm embedded/4.9 2014q4/bin/../lib/gcc/arm-none-eabi/4.9.3/../../../../arm-none-eabi/lib/armv7e-m/fpu\libg.a(lib_a-malloc.o)
                              build/obj/lcfg_static.o (malloc)
c:/program files/gnu tools arm embedded/4.9 2014q4/bin/../lib/gcc/arm-none-eabi/4.9.3/../../../../arm-none-eabi/lib/armv7e-m/fpu\libg.a(lib_a-mallocr.o)
                              c:/program files/gnu tools arm embedded/4.9 2014q4/bin/../lib/gcc/arm-none-eabi/4.9.3/../../../../arm-none-eabi/lib/armv7e-m/fpu\libg.a(lib_a-callocr.o) (_malloc_r)
c:/program files/gnu tools arm embedded/4.9 2014q4/bin/../lib/gcc/arm-none-eabi/4.9.3/../../../../arm-none-eabi/lib/armv7e-m/fpu\libg.a(lib_a-memcmp.o)
                              build/obj/etharp.o (memcmp)
c:/program files/gnu tools arm embedded/4.9 2014q4/bin/../lib/gcc/arm-none-eabi/4.9.3/../../../../arm-none-eabi/lib/armv7e-m/fpu\libg.a(lib_a-memcpy.o)
                              build/obj/mac_lld.o (memcpy)
c:/program files/gnu tools arm embedded/4.9 2014q4/bin/../lib/gcc/arm-none-eabi/4.9.3/../../../../arm-none-eabi/lib/armv7e-m/fpu\libg.a(lib_a-memset.o)
                              build/obj/mem.o (memset)
c:/program files/gnu tools arm embedded/4.9 2014q4/bin/../lib/gcc/arm-none-eabi/4.9.3/../../../../arm-none-eabi/lib/armv7e-m/fpu\libg.a(lib_a-mlock.o)
[...]
Memory Configuration

Name             Origin             Length             Attributes
flash            0x08000000         0x00100000
ram              0x20000000         0x0001c000
ethram           0x2001c000         0x00004000
ccmram           0x10000000         0x00010000
*default*        0x00000000         0xffffffff

Linker script and memory map

LOAD build/obj/chcoreasm_v7m.o
LOAD build/obj/crt0.o
LOAD build/obj/vectors.o
LOAD build/obj/chcore.o
LOAD build/obj/chcore_v7m.o
LOAD build/obj/chsys.o
LOAD build/obj/chdebug.o
LOAD build/obj/chtm.o
LOAD build/obj/chstats.o
LOAD build/obj/chschd.o
LOAD build/obj/chvt.o
LOAD build/obj/chthreads.o
LOAD build/obj/chdynamic.o
LOAD build/obj/chregistry.o
LOAD build/obj/chsem.o
LOAD build/obj/chmtx.o
LOAD build/obj/chcond.o
LOAD build/obj/chevents.o
LOAD build/obj/chmsg.o
LOAD build/obj/chmboxes.o
LOAD build/obj/chqueues.o
LOAD build/obj/chmemcore.o
LOAD build/obj/chheap.o
LOAD build/obj/chmempools.o
LOAD build/obj/test.o
LOAD build/obj/testthd.o
LOAD build/obj/testsem.o
LOAD build/obj/testmtx.o
LOAD build/obj/testmsg.o
LOAD build/obj/testmbox.o
LOAD build/obj/testevt.o
LOAD build/obj/testheap.o
LOAD build/obj/testpools.o
LOAD build/obj/testdyn.o
LOAD build/obj/testqueues.o
LOAD build/obj/testbmk.o
LOAD build/obj/hal.o
LOAD build/obj/hal_queues.o
LOAD build/obj/hal_mmcsd.o
LOAD build/obj/adc.o
LOAD build/obj/can.o
LOAD build/obj/dac.o
LOAD build/obj/ext.o
LOAD build/obj/gpt.o
LOAD build/obj/i2c.o
LOAD build/obj/i2s.o
LOAD build/obj/icu.o
LOAD build/obj/mac.o
LOAD build/obj/mmc_spi.o
LOAD build/obj/pal.o
LOAD build/obj/pwm.o
LOAD build/obj/rtc.o
LOAD build/obj/sdc.o
LOAD build/obj/serial.o
LOAD build/obj/serial_usb.o
LOAD build/obj/spi.o
LOAD build/obj/st.o
LOAD build/obj/uart.o
LOAD build/obj/usb.o
LOAD build/obj/osal.o
LOAD build/obj/nvic.o
LOAD build/obj/stm32_dma.o
LOAD build/obj/hal_lld.o
LOAD build/obj/adc_lld.o
LOAD build/obj/ext_lld_isr.o
LOAD build/obj/can_lld.o
LOAD build/obj/ext_lld.o
LOAD build/obj/mac_lld.o
LOAD build/obj/sdc_lld.o
LOAD build/obj/dac_lld.o
LOAD build/obj/pal_lld.o
LOAD build/obj/i2c_lld.o
LOAD build/obj/usb_lld.o
LOAD build/obj/rtc_lld.o
LOAD build/obj/i2s_lld.o
LOAD build/obj/spi_lld.o
LOAD build/obj/gpt_lld.o
LOAD build/obj/icu_lld.o
LOAD build/obj/pwm_lld.o
LOAD build/obj/st_lld.o
LOAD build/obj/serial_lld.o
LOAD build/obj/uart_lld.o
LOAD build/obj/board.o
LOAD build/obj/lwipthread.o
LOAD build/obj/sys_arch.o
LOAD build/obj/etharp.o
LOAD build/obj/dhcp.o
LOAD build/obj/dns.o
LOAD build/obj/init.o
LOAD build/obj/mem.o
LOAD build/obj/memp.o
LOAD build/obj/netif.o
LOAD build/obj/pbuf.o
LOAD build/obj/raw.o
LOAD build/obj/stats.o
LOAD build/obj/sys.o
LOAD build/obj/tcp.o
LOAD build/obj/tcp_in.o
LOAD build/obj/tcp_out.o
LOAD build/obj/udp.o
LOAD build/obj/autoip.o
LOAD build/obj/icmp.o
LOAD build/obj/igmp.o
LOAD build/obj/inet.o
LOAD build/obj/inet_chksum.o
LOAD build/obj/ip.o
LOAD build/obj/ip_addr.o
LOAD build/obj/ip_frag.o
LOAD build/obj/def.o
LOAD build/obj/timers.o
LOAD build/obj/api_lib.o
LOAD build/obj/api_msg.o
LOAD build/obj/err.o
LOAD build/obj/netbuf.o
LOAD build/obj/netdb.o
LOAD build/obj/netifapi.o
LOAD build/obj/sockets.o
LOAD build/obj/tcpip.o
LOAD build/obj/evtimer.o
LOAD build/obj/syscalls.o
LOAD build/obj/chprintf.o
LOAD build/obj/mbascii.o
LOAD build/obj/mbfunccoils_m.o
LOAD build/obj/mbfuncdiag.o
LOAD build/obj/mbfuncdisc_m.o
LOAD build/obj/mbfuncholding_m.o
LOAD build/obj/mbfuncinput_m.o
LOAD build/obj/mbfuncother.o
LOAD build/obj/mbutils.o
LOAD build/obj/mbcrc.o
LOAD build/obj/mbrtu_m.o
LOAD build/obj/mb_m.o
LOAD build/obj/user_mb_app_m.o
LOAD build/obj/port.o
LOAD build/obj/portevent_m.o
LOAD build/obj/portserial_m.o
LOAD build/obj/porttimer_m.o
LOAD build/obj/stubs.o
LOAD build/obj/ITM_trace.o
LOAD build/obj/web.o
LOAD build/obj/fs.o
LOAD build/obj/ArrayCopy.o
LOAD build/obj/ArrayList.o
LOAD build/obj/lcfg_static.o
LOAD build/obj/main.o
                0x20000000                __ram_start__ = ORIGIN (ram)
                0x0001c000                __ram_size__ = 0x1c000
                0x2001c000                __ram_end__ = (__ram_start__ + __ram_size__)
                0x00000000                . = 0x0
                0x00000000                _text = .

startup         0x08000000      0x1c0
 *(vectors)
 vectors        0x08000000      0x1c0 build/obj/vectors.o
                0x08000000                _vectors

constructors    0x080001c0        0x0
                0x080001c0                PROVIDE (__init_array_start, .)
 *(SORT(.init_array.*))
 *(.init_array)
                0x080001c0                PROVIDE (__init_array_end, .)

destructors     0x080001c0        0x0
                0x080001c0                PROVIDE (__fini_array_start, .)
 *(.fini_array)
 *(SORT(.fini_array.*))
                0x080001c0                PROVIDE (__fini_array_end, .)

.text           0x080001c0    0x1cc78
 *(.text.startup.*)
 .text.startup.main
                0x080001c0      0x120 build/obj/main.o
                0x080001c0                main
 *(.text)
 .text          0x080002e0       0x2e build/obj/chcoreasm_v7m.o
                0x080002e0                _port_switch
                0x080002f8                _port_thread_start
                0x08000306                _port_switch_from_isr
                0x0800030a                _port_exit_from_isr
 *fill*         0x0800030e        0x2 
 .text          0x08000310       0x2c c:/program files/gnu tools arm embedded/4.9 2014q4/bin/../lib/gcc/arm-none-eabi/4.9.3/armv7e-m/fpu\libgcc.a(_aeabi_uldivmod.o)
                0x08000310                __aeabi_uldivmod
 *fill*         0x0800033c        0x4 
 .text          0x08000340       0x60 c:/program files/gnu tools arm embedded/4.9 2014q4/bin/../lib/gcc/arm-none-eabi/4.9.3/armv7e-m/fpu\libgcc.a(bpabi.o)
                0x08000340                __gnu_ldivmod_helper
                0x08000370                __gnu_uldivmod_helper
 .text          0x080003a0        0x4 c:/program files/gnu tools arm embedded/4.9 2014q4/bin/../lib/gcc/arm-none-eabi/4.9.3/armv7e-m/fpu\libgcc.a(_dvmd_tls.o)
                0x080003a0                __aeabi_idiv0
                0x080003a0                __aeabi_ldiv0
 *fill*         0x080003a4        0xc 
 .text          0x080003b0      0x29c c:/program files/gnu tools arm embedded/4.9 2014q4/bin/../lib/gcc/arm-none-eabi/4.9.3/armv7e-m/fpu\libgcc.a(_divdi3.o)
                0x080003b0                __divdi3
 *fill*         0x0800064c        0x4 
 .text          0x08000650      0x26c c:/program files/gnu tools arm embedded/4.9 2014q4/bin/../lib/gcc/arm-none-eabi/4.9.3/armv7e-m/fpu\libgcc.a(_udivdi3.o)
                0x08000650                __udivdi3
 *fill*         0x080008bc        0x4 
 .text          0x080008c0      0x134 c:/program files/gnu tools arm embedded/4.9 2014q4/bin/../lib/gcc/arm-none-eabi/4.9.3/../../../../arm-none-eabi/lib/armv7e-m/fpu\libg.a(lib_a-memcpy.o)
                0x080008c0                memcpy
 *fill*         0x080009f4        0xc 
 .text          0x08000a00      0x2e0 c:/program files/gnu tools arm embedded/4.9 2014q4/bin/../lib/gcc/arm-none-eabi/4.9.3/../../../../arm-none-eabi/lib/armv7e-m/fpu\libg.a(lib_a-strcmp.o)
                0x08000a08                strcmp
 *(.text.*)
 .text.__late_init
                0x08000ce0       0x10 build/obj/crt0.o
                0x08000ce0                __late_init
 .text._default_exit
                0x08000cf0       0x10 build/obj/crt0.o
                0x08000cf0                _default_exit
 .text.Reset_Handler
                0x08000d00      0x120 build/obj/crt0.o
                0x08000d00                Reset_Handler
 .text._unhandled_exception
                0x08000e20       0x10 build/obj/vectors.o
                0x08000e20                Vector58
                0x08000e20                VectorE8
                0x08000e20                Vector9C
                0x08000e20                VectorAC
                0x08000e20                DebugMon_Handler
                0x08000e20                Vector1A0
                0x08000e20                Vector5C
                0x08000e20                Vector11C
                0x08000e20                HardFault_Handler
                0x08000e20                Vector1B8
                0x08000e20                Vector19C
                0x08000e20                Vector8C
                0x08000e20                SysTick_Handler
                0x08000e20                PendSV_Handler
                0x08000e20                Vector168
                0x08000e20                NMI_Handler
                0x08000e20                Vector110
                0x08000e20                VectorC8
                0x08000e20                Vector94
                0x08000e20                VectorA8
                0x08000e20                VectorB4
                0x08000e20                Vector160
                0x08000e20                Vector1B0
                0x08000e20                UsageFault_Handler
                0x08000e20                VectorEC
                0x08000e20                Vector40
                0x08000e20                VectorF8
                0x08000e20                Vector108
                0x08000e20                VectorBC
                0x08000e20                Vector190
                0x08000e20                Vector148
                0x08000e20                Vector188
                0x08000e20                Vector198
                0x08000e20                Vector118
                0x08000e20                Vector64
                0x08000e20                VectorCC
                0x08000e20                Vector54
                0x08000e20                Vector98
                0x08000e20                Vector138
                0x08000e20                Vector24
                0x08000e20                Vector1AC
                0x08000e20                Vector178
                0x08000e20                Vector1A4
                0x08000e20                VectorD0
                0x08000e20                Vector1B4
                0x08000e20                Vector140
                0x08000e20                VectorE4
                0x08000e20                VectorC0
                0x08000e20                VectorF0
                0x08000e20                Vector13C
                0x08000e20                Vector100
                0x08000e20                VectorE0
                0x08000e20                VectorF4
                0x08000e20                MemManage_Handler
                0x08000e20                VectorA0
                0x08000e20                VectorC4
                0x08000e20                Vector180
                0x08000e20                Vector90
                0x08000e20                Vector114
                0x08000e20                Vector164
                0x08000e20                Vector60
                0x08000e20                Vector1C
                0x08000e20                Vector1BC
                0x08000e20                Vector17C
                0x08000e20                Vector48
                0x08000e20                Vector1A8
                0x08000e20                Vector16C
                0x08000e20                VectorD4
                0x08000e20                Vector4C
                0x08000e20                Vector144
                0x08000e20                Vector68
                0x08000e20                _unhandled_exception
                0x08000e20                Vector170
                0x08000e20                Vector88
                0x08000e20                Vector104
                0x08000e20                Vector184
                0x08000e20                Vector10C
                0x08000e20                Vector14C
                0x08000e20                BusFault_Handler
                0x08000e20                Vector50
                0x08000e20                Vector194
                0x08000e20                Vector44
                0x08000e20                Vector28
                0x08000e20                VectorB8
                0x08000e20                Vector34
                0x08000e20                VectorA4
                0x08000e20                Vector20
                0x08000e20                Vector18C
                0x08000e20                Vector174
 .text.SVC_Handler
                0x08000e30       0x20 build/obj/chcore_v7m.o
                0x08000e30                SVC_Handler
 .text._port_irq_epilogue
                0x08000e50       0x60 build/obj/chcore_v7m.o
                0x08000e50                _port_irq_epilogue
 .text._idle_thread
                0x08000eb0       0x20 build/obj/chsys.o
 .text.chSysInit
                0x08000ed0       0xa0 build/obj/chsys.o
                0x08000ed0                chSysInit
 .text.chSysHalt
                0x08000f70       0x10 build/obj/chsys.o
                0x08000f70                chSysHalt
 .text.chSysTimerHandlerI
                0x08000f80       0x80 build/obj/chsys.o
                0x08000f80                chSysTimerHandlerI
 .text.chSysIsCounterWithinX
                0x08001000       0x20 build/obj/chsys.o
                0x08001000                chSysIsCounterWithinX
 .text.chSysPolledDelayX
                0x08001020       0x30 build/obj/chsys.o
                0x08001020                chSysPolledDelayX
 .text.chTMStartMeasurementX
                0x08001050       0x10 build/obj/chtm.o
                0x08001050                chTMStartMeasurementX
 .text.chTMStopMeasurementX
                0x08001060       0x50 build/obj/chtm.o
                0x08001060                chTMStopMeasurementX
 .text._tm_init
                0x080010b0       0x40 build/obj/chtm.o
                0x080010b0                _tm_init
 .text.wakeup   0x080010f0       0x70 build/obj/chschd.o
 .text._scheduler_init
                0x08001160       0x20 build/obj/chschd.o
                0x08001160                _scheduler_init
 .text.chSchReadyI
                0x08001180       0x30 build/obj/chschd.o
                0x08001180                chSchReadyI
 .text.chSchGoSleepS
                0x080011b0       0x30 build/obj/chschd.o
                0x080011b0                chSchGoSleepS
 .text.chSchGoSleepTimeoutS
                0x080011e0       0x50 build/obj/chschd.o
                0x080011e0                chSchGoSleepTimeoutS
 .text.chSchWakeupS
                0x08001230       0x60 build/obj/chschd.o
                0x08001230                chSchWakeupS
 .text.chSchIsPreemptionRequired
                0x08001290       0x20 build/obj/chschd.o
                0x08001290                chSchIsPreemptionRequired
 .text.chSchDoRescheduleBehind
                0x080012b0       0x40 build/obj/chschd.o
                0x080012b0                chSchDoRescheduleBehind
 .text.chSchDoRescheduleAhead
                0x080012f0       0x40 build/obj/chschd.o
                0x080012f0                chSchDoRescheduleAhead
 .text.chSchRescheduleS
                0x08001330       0x20 build/obj/chschd.o
                0x08001330                chSchRescheduleS
 .text.chSchDoReschedule
                0x08001350       0x10 build/obj/chschd.o
                0x08001350                chSchDoReschedule
 .text._vt_init
                0x08001360       0x20 build/obj/chvt.o
                0x08001360                _vt_init
 .text.chVTDoSetI
                0x08001380       0x70 build/obj/chvt.o
                0x08001380                chVTDoSetI
 .text.chVTDoResetI
                0x080013f0       0x50 build/obj/chvt.o
                0x080013f0                chVTDoResetI
 .text._thread_init
                0x08001440       0x40 build/obj/chthreads.o
                0x08001440                _thread_init
 .text.chThdCreateI
                0x08001480       0x70 build/obj/chthreads.o
                0x08001480                chThdCreateI
 .text.chThdCreateStatic
                0x080014f0       0x80 build/obj/chthreads.o
                0x080014f0                chThdCreateStatic
 .text.chThdStart
                0x08001570       0x20 build/obj/chthreads.o
                0x08001570                chThdStart
 .text.chThdSetPriority
                0x08001590       0x30 build/obj/chthreads.o
                0x08001590                chThdSetPriority
 .text.chThdTerminate
                0x080015c0       0x20 build/obj/chthreads.o
                0x080015c0                chThdTerminate
 .text.chThdSleep
                0x080015e0       0x20 build/obj/chthreads.o
                0x080015e0                chThdSleep
 .text.chThdSleepUntil
                0x08001600       0x20 build/obj/chthreads.o
                0x08001600                chThdSleepUntil
 .text.chThdYield
                0x08001620       0x30 build/obj/chthreads.o
                0x08001620                chThdYield
 .text.chThdExitS
                0x08001650       0x40 build/obj/chthreads.o
                0x08001650                chThdExitS
 .text.chThdExit
                0x08001690       0x10 build/obj/chthreads.o
                0x08001690                chThdExit
 .text.chThdWait
                0x080016a0       0x40 build/obj/chthreads.o
                0x080016a0                chThdWait
 .text.chThdEnqueueTimeoutS
                0x080016e0       0x30 build/obj/chthreads.o
                0x080016e0                chThdEnqueueTimeoutS
 .text.chThdDequeueNextI
                0x08001710       0x20 build/obj/chthreads.o
                0x08001710                chThdDequeueNextI
 .text.chThdDequeueAllI
                0x08001730       0x30 build/obj/chthreads.o
                0x08001730                chThdDequeueAllI
 .text.chThdAddRef
                0x08001760       0x20 build/obj/chdynamic.o
                0x08001760                chThdAddRef
 .text.chThdRelease
                0x08001780       0x50 build/obj/chdynamic.o
                0x08001780                chThdRelease
 .text.chThdCreateFromHeap
                0x080017d0       0x40 build/obj/chdynamic.o
                0x080017d0                chThdCreateFromHeap
 .text.chThdCreateFromMemoryPool
                0x08001810       0x50 build/obj/chdynamic.o
                0x08001810                chThdCreateFromMemoryPool
 .text.chRegFirstThread
                0x08001860       0x20 build/obj/chregistry.o
                0x08001860                chRegFirstThread
 .text.chRegNextThread
                0x08001880       0x30 build/obj/chregistry.o
                0x08001880                chRegNextThread
 .text.chSemObjectInit
                0x080018b0       0x10 build/obj/chsem.o
                0x080018b0                chSemObjectInit
 .text.chSemResetI
                0x080018c0       0x30 build/obj/chsem.o
                0x080018c0                chSemResetI
 .text.chSemReset
                0x080018f0       0x20 build/obj/chsem.o
                0x080018f0                chSemReset
 .text.chSemWait
                0x08001910       0x50 build/obj/chsem.o
                0x08001910                chSemWait
 .text.chSemWaitTimeoutS
                0x08001960       0x40 build/obj/chsem.o
                0x08001960                chSemWaitTimeoutS
 .text.chSemWaitTimeout
                0x080019a0       0x20 build/obj/chsem.o
                0x080019a0                chSemWaitTimeout
 .text.chSemSignal
                0x080019c0       0x40 build/obj/chsem.o
                0x080019c0                chSemSignal
 .text.chSemSignalI
                0x08001a00       0x20 build/obj/chsem.o
                0x08001a00                chSemSignalI
 .text.chSemAddCounterI
                0x08001a20       0x30 build/obj/chsem.o
                0x08001a20                chSemAddCounterI
 .text.chSemSignalWait
                0x08001a50       0x70 build/obj/chsem.o
                0x08001a50                chSemSignalWait
 .text.chMtxObjectInit
                0x08001ac0       0x10 build/obj/chmtx.o
                0x08001ac0                chMtxObjectInit
 .text.chMtxLockS
                0x08001ad0       0xd0 build/obj/chmtx.o
                0x08001ad0                chMtxLockS
 .text.chMtxLock
                0x08001ba0       0x20 build/obj/chmtx.o
                0x08001ba0                chMtxLock
 .text.chMtxTryLock
                0x08001bc0       0x30 build/obj/chmtx.o
                0x08001bc0                chMtxTryLock
 .text.chMtxUnlock
                0x08001bf0       0x60 build/obj/chmtx.o
                0x08001bf0                chMtxUnlock
 .text.chMtxUnlockS
                0x08001c50       0x50 build/obj/chmtx.o
                0x08001c50                chMtxUnlockS
 .text.chMtxUnlockAll
                0x08001ca0       0x60 build/obj/chmtx.o
                0x08001ca0                chMtxUnlockAll
 .text.chCondObjectInit
                0x08001d00       0x10 build/obj/chcond.o
                0x08001d00                chCondObjectInit
 .text.chCondSignal
                0x08001d10       0x30 build/obj/chcond.o
                0x08001d10                chCondSignal
 .text.chCondSignalI
                0x08001d40       0x20 build/obj/chcond.o
                0x08001d40                chCondSignalI
 .text.chCondBroadcastI
                0x08001d60       0x30 build/obj/chcond.o
                0x08001d60                chCondBroadcastI
 .text.chCondBroadcast
                0x08001d90       0x20 build/obj/chcond.o
                0x08001d90                chCondBroadcast
 .text.chCondWaitS
                0x08001db0       0x50 build/obj/chcond.o
                0x08001db0                chCondWaitS
 .text.chCondWait
                0x08001e00       0x20 build/obj/chcond.o
                0x08001e00                chCondWait
 .text.chCondWaitTimeoutS
                0x08001e20       0x50 build/obj/chcond.o
                0x08001e20                chCondWaitTimeoutS
 .text.chCondWaitTimeout
                0x08001e70       0x20 build/obj/chcond.o
                0x08001e70                chCondWaitTimeout
 .text.chEvtRegisterMaskWithFlags
                0x08001e90       0x30 build/obj/chevents.o
                0x08001e90                chEvtRegisterMaskWithFlags
 .text.chEvtUnregister
                0x08001ec0       0x30 build/obj/chevents.o
                0x08001ec0                chEvtUnregister
 .text.chEvtGetAndClearEvents
                0x08001ef0       0x20 build/obj/chevents.o
                0x08001ef0                chEvtGetAndClearEvents
 .text.chEvtAddEvents
                0x08001f10       0x20 build/obj/chevents.o
                0x08001f10                chEvtAddEvents
 .text.chEvtSignalI
                0x08001f30       0x30 build/obj/chevents.o
                0x08001f30                chEvtSignalI
 .text.chEvtBroadcastFlagsI
                0x08001f60       0x30 build/obj/chevents.o
                0x08001f60                chEvtBroadcastFlagsI
 .text.chEvtSignal
                0x08001f90       0x20 build/obj/chevents.o
                0x08001f90                chEvtSignal
 .text.chEvtBroadcastFlags
                0x08001fb0       0x20 build/obj/chevents.o
                0x08001fb0                chEvtBroadcastFlags
 .text.chEvtDispatch
                0x08001fd0       0x40 build/obj/chevents.o
                0x08001fd0                chEvtDispatch
 .text.chEvtWaitOne
                0x08002010       0x40 build/obj/chevents.o
                0x08002010                chEvtWaitOne
 .text.chEvtWaitAny
                0x08002050       0x40 build/obj/chevents.o
                0x08002050                chEvtWaitAny
 .text.chEvtWaitAll
                0x08002090       0x40 build/obj/chevents.o
                0x08002090                chEvtWaitAll
 .text.chEvtWaitOneTimeout
                0x080020d0       0x50 build/obj/chevents.o
                0x080020d0                chEvtWaitOneTimeout
 .text.chEvtWaitAnyTimeout
                0x08002120       0x50 build/obj/chevents.o
                0x08002120                chEvtWaitAnyTimeout
 .text.chEvtWaitAllTimeout
                0x08002170       0x50 build/obj/chevents.o
                0x08002170                chEvtWaitAllTimeout
 .text.chMsgSend
                0x080021c0       0x40 build/obj/chmsg.o
                0x080021c0                chMsgSend
 .text.chMsgWait
                0x08002200       0x40 build/obj/chmsg.o
                0x08002200                chMsgWait
 .text.chMsgRelease
                0x08002240       0x20 build/obj/chmsg.o
                0x08002240                chMsgRelease
 .text.chMBObjectInit
                0x08002260       0x30 build/obj/chmboxes.o
                0x08002260                chMBObjectInit
 .text.chMBResetI
                0x08002290       0x30 build/obj/chmboxes.o
                0x08002290                chMBResetI
 .text.chMBReset
                0x080022c0       0x20 build/obj/chmboxes.o
                0x080022c0                chMBReset
 .text.chMBPostS
                0x080022e0       0x40 build/obj/chmboxes.o
                0x080022e0                chMBPostS
 .text.chMBPost
                0x08002320       0x20 build/obj/chmboxes.o
                0x08002320                chMBPost
 .text.chMBPostI
                0x08002340       0x40 build/obj/chmboxes.o
                0x08002340                chMBPostI
 .text.chMBPostAheadS
                0x08002380       0x40 build/obj/chmboxes.o
                0x08002380                chMBPostAheadS
 .text.chMBPostAhead
                0x080023c0       0x20 build/obj/chmboxes.o
                0x080023c0                chMBPostAhead
 .text.chMBPostAheadI
                0x080023e0       0x30 build/obj/chmboxes.o
                0x080023e0                chMBPostAheadI
 .text.chMBFetchS
                0x08002410       0x40 build/obj/chmboxes.o
                0x08002410                chMBFetchS
 .text.chMBFetch
                0x08002450       0x20 build/obj/chmboxes.o
                0x08002450                chMBFetch
 .text.chMBFetchI
                0x08002470       0x40 build/obj/chmboxes.o
                0x08002470                chMBFetchI
 .text.chIQObjectInit
                0x080024b0       0x20 build/obj/chqueues.o
                0x080024b0                chIQObjectInit
 .text.chIQResetI
                0x080024d0       0x20 build/obj/chqueues.o
                0x080024d0                chIQResetI
 .text.chIQPutI
                0x080024f0       0x40 build/obj/chqueues.o
                0x080024f0                chIQPutI
 .text.chIQGetTimeout
                0x08002530       0x50 build/obj/chqueues.o
                0x08002530                chIQGetTimeout
 .text.chIQReadTimeout
                0x08002580       0x80 build/obj/chqueues.o
                0x08002580                chIQReadTimeout
 .text.chOQObjectInit
                0x08002600       0x20 build/obj/chqueues.o
                0x08002600                chOQObjectInit
 .text.chOQResetI
                0x08002620       0x20 build/obj/chqueues.o
                0x08002620                chOQResetI
 .text.chOQPutTimeout
                0x08002640       0x50 build/obj/chqueues.o
                0x08002640                chOQPutTimeout
 .text.chOQGetI
                0x08002690       0x40 build/obj/chqueues.o
                0x08002690                chOQGetI
 .text.chOQWriteTimeout
                0x080026d0       0x90 build/obj/chqueues.o
                0x080026d0                chOQWriteTimeout
 .text._core_init
                0x08002760       0x30 build/obj/chmemcore.o
                0x08002760                _core_init
 .text.chCoreAlloc
                0x08002790       0x40 build/obj/chmemcore.o
                0x08002790                chCoreAlloc
 .text.chCoreGetStatusX
                0x080027d0       0x20 build/obj/chmemcore.o
                0x080027d0                chCoreGetStatusX
 .text._heap_init
                0x080027f0       0x20 build/obj/chheap.o
                0x080027f0                _heap_init
 .text.chHeapObjectInit
                0x08002810       0x20 build/obj/chheap.o
                0x08002810                chHeapObjectInit
 .text.chHeapAlloc
                0x08002830       0x90 build/obj/chheap.o
                0x08002830                chHeapAlloc
 .text.chHeapFree
                0x080028c0       0xa0 build/obj/chheap.o
                0x080028c0                chHeapFree
 .text.chHeapStatus
                0x08002960       0x50 build/obj/chheap.o
                0x08002960                chHeapStatus
 .text.chPoolObjectInit
                0x080029b0       0x10 build/obj/chmempools.o
                0x080029b0                chPoolObjectInit
 .text.chPoolLoadArray
                0x080029c0       0x30 build/obj/chmempools.o
                0x080029c0                chPoolLoadArray
 .text.chPoolAlloc
                0x080029f0       0x30 build/obj/chmempools.o
                0x080029f0                chPoolAlloc
 .text.chPoolFree
                0x08002a20       0x20 build/obj/chmempools.o
                0x08002a20                chPoolFree
 .text.tmr      0x08002a40       0x10 build/obj/test.o
 .text.print_line
                0x08002a50       0x30 build/obj/test.o
 .text.test_printn
                0x08002a80       0x60 build/obj/test.o
                0x08002a80                test_printn
 .text.test_print
                0x08002ae0       0x20 build/obj/test.o
                0x08002ae0                test_print
 .text.test_println
                0x08002b00       0x40 build/obj/test.o
                0x08002b00                test_println
 .text.test_emit_token
                0x08002b40       0x20 build/obj/test.o
                0x08002b40                test_emit_token
 .text._test_assert
                0x08002b60       0x30 build/obj/test.o
                0x08002b60                _test_assert
 .text._test_assert_sequence
                0x08002b90       0x50 build/obj/test.o
                0x08002b90                _test_assert_sequence
 .text._test_assert_time_window
                0x08002be0       0x40 build/obj/test.o
                0x08002be0                _test_assert_time_window
 .text.test_terminate_threads
                0x08002c20       0x20 build/obj/test.o
                0x08002c20                test_terminate_threads
 .text.test_wait_threads
                0x08002c40       0x30 build/obj/test.o
                0x08002c40                test_wait_threads
 .text.test_wait_tick
                0x08002c70       0x20 build/obj/test.o
                0x08002c70                test_wait_tick
 .text.test_start_timer
                0x08002c90       0x50 build/obj/test.o
                0x08002c90                test_start_timer
 .text.TestThread
                0x08002ce0      0x320 build/obj/test.o
                0x08002ce0                TestThread
 .text.thd1_execute
                0x08003000       0xd0 build/obj/testthd.o
 .text.thread   0x080030d0       0x10 build/obj/testthd.o
 .text.thd2_execute
                0x080030e0       0xe0 build/obj/testthd.o
 .text.thd3_execute
                0x080031c0      0x130 build/obj/testthd.o
 .text.thd4_execute
                0x080032f0       0xa0 build/obj/testthd.o
 .text.sem1_execute
                0x08003390      0x160 build/obj/testsem.o
 .text.thread3  0x080034f0       0x20 build/obj/testsem.o
 .text.thread1  0x08003510       0x20 build/obj/testsem.o
 .text.sem1_setup
                0x08003530       0x10 build/obj/testsem.o
 .text.sem2_setup
                0x08003540       0x10 build/obj/testsem.o
 .text.sem3_setup
                0x08003550       0x10 build/obj/testsem.o
 .text.thread2  0x08003560       0x30 build/obj/testsem.o
 .text.sem2_execute
                0x08003590      0x160 build/obj/testsem.o
 .text.sem3_execute
                0x080036f0       0xa0 build/obj/testsem.o
 .text.thread4  0x08003790       0x30 build/obj/testsem.o
 .text.sem4_execute
                0x080037c0      0x160 build/obj/testsem.o
 .text.mtx1_execute
                0x08003920       0xe0 build/obj/testmtx.o
 .text.thread1  0x08003a00       0x20 build/obj/testmtx.o
 .text.thread12
                0x08003a20       0x20 build/obj/testmtx.o
 .text.mtx1_setup
                0x08003a40       0x10 build/obj/testmtx.o
 .text.mtx4_setup
                0x08003a50       0x20 build/obj/testmtx.o
 .text.mtx5_setup
                0x08003a70       0x10 build/obj/testmtx.o
 .text.thread4b
                0x08003a80       0x20 build/obj/testmtx.o
 .text.thread4a
                0x08003aa0       0x20 build/obj/testmtx.o
 .text.mtx4_execute
                0x08003ac0      0x270 build/obj/testmtx.o
 .text.mtx5_execute
                0x08003d30       0xc0 build/obj/testmtx.o
 .text.mtx6_execute
                0x08003df0       0xf0 build/obj/testmtx.o
 .text.thread10
                0x08003ee0       0x30 build/obj/testmtx.o
 .text.mtx6_setup
                0x08003f10       0x20 build/obj/testmtx.o
 .text.mtx7_setup
                0x08003f30       0x20 build/obj/testmtx.o
 .text.mtx8_setup
                0x08003f50       0x30 build/obj/testmtx.o
 .text.mtx7_execute
                0x08003f80       0xc0 build/obj/testmtx.o
 .text.mtx8_execute
                0x08004040       0xa0 build/obj/testmtx.o
 .text.thread11
                0x080040e0       0x40 build/obj/testmtx.o
 .text.msg1_execute
                0x08004120       0x80 build/obj/testmsg.o
 .text.thread   0x080041a0       0x20 build/obj/testmsg.o
 .text.mbox1_execute
                0x080041c0      0x5e0 build/obj/testmbox.o
 .text.mbox1_setup
                0x080047a0       0x20 build/obj/testmbox.o
 .text.h3       0x080047c0       0x10 build/obj/testevt.o
 .text.h2       0x080047d0       0x10 build/obj/testevt.o
 .text.h1       0x080047e0       0x10 build/obj/testevt.o
 .text.evt1_execute
                0x080047f0       0x90 build/obj/testevt.o
 .text.evt1_setup
                0x08004880       0x10 build/obj/testevt.o
 .text.evt2_setup
                0x08004890       0x10 build/obj/testevt.o
 .text.evt3_setup
                0x080048a0       0x10 build/obj/testevt.o
 .text.evt2_execute
                0x080048b0      0x290 build/obj/testevt.o
 .text.thread2  0x08004b40       0x30 build/obj/testevt.o
 .text.thread1  0x08004b70       0x20 build/obj/testevt.o
 .text.evt3_execute
                0x08004b90       0xa0 build/obj/testevt.o
 .text.heap1_execute
                0x08004c30      0x250 build/obj/testheap.o
 .text.heap1_setup
                0x08004e80       0x20 build/obj/testheap.o
 .text.null_provider
                0x08004ea0       0x10 build/obj/testpools.o
 .text.pools1_setup
                0x08004eb0       0x10 build/obj/testpools.o
 .text.pools1_execute
                0x08004ec0       0xc0 build/obj/testpools.o
 .text.dyn1_execute
                0x08004f80      0x100 build/obj/testdyn.o
 .text.thread   0x08005080       0x10 build/obj/testdyn.o
 .text.dyn1_setup
                0x08005090       0x20 build/obj/testdyn.o
 .text.dyn3_setup
                0x080050b0       0x20 build/obj/testdyn.o
 .text.dyn2_execute
                0x080050d0      0x100 build/obj/testdyn.o
 .text.dyn2_setup
                0x080051d0       0x10 build/obj/testdyn.o
 .text.regfind  0x080051e0       0x30 build/obj/testdyn.o
 .text.dyn3_execute
                0x08005210      0x140 build/obj/testdyn.o
 .text.notify   0x08005350       0x10 build/obj/testqueues.o
 .text.thread1  0x08005360       0x20 build/obj/testqueues.o
 .text.queues1_setup
                0x08005380       0x30 build/obj/testqueues.o
 .text.thread2  0x080053b0       0x20 build/obj/testqueues.o
 .text.queues2_setup
                0x080053d0       0x30 build/obj/testqueues.o
 .text.queues1_execute
                0x08005400      0x270 build/obj/testqueues.o
 .text.queues2_execute
                0x08005670      0x240 build/obj/testqueues.o
 .text.thread1  0x080058b0       0x10 build/obj/testbmk.o
 .text.tmo      0x080058c0       0x10 build/obj/testbmk.o
 .text.bmk13_execute
                0x080058d0       0xf0 build/obj/testbmk.o
 .text.thread2  0x080059c0       0x20 build/obj/testbmk.o
 .text.bmk6_execute
                0x080059e0       0x70 build/obj/testbmk.o
 .text.msg_loop_test
                0x08005a50       0x40 build/obj/testbmk.o
 .text.bmk1_execute
                0x08005a90       0x70 build/obj/testbmk.o
 .text.bmk2_execute
                0x08005b00       0x70 build/obj/testbmk.o
 .text.bmk3_execute
                0x08005b70       0xe0 build/obj/testbmk.o
 .text.thread4  0x08005c50       0x30 build/obj/testbmk.o
                0x08005c50                thread4
 .text.bmk4_execute
                0x08005c80       0xc0 build/obj/testbmk.o
 .text.bmk5_execute
                0x08005d40       0x80 build/obj/testbmk.o
 .text.bmk7_execute
                0x08005dc0      0x110 build/obj/testbmk.o
 .text.thread3  0x08005ed0       0x30 build/obj/testbmk.o
 .text.bmk7_setup
                0x08005f00       0x10 build/obj/testbmk.o
 .text.bmk11_setup
                0x08005f10       0x10 build/obj/testbmk.o
 .text.bmk8_execute
                0x08005f20       0xe0 build/obj/testbmk.o
 .text.thread8  0x08006000       0x30 build/obj/testbmk.o
 .text.bmk9_execute
                0x08006030       0xb0 build/obj/testbmk.o
 .text.bmk10_execute
                0x080060e0       0x80 build/obj/testbmk.o
 .text.bmk11_execute
                0x08006160       0x70 build/obj/testbmk.o
 .text.bmk12_execute
                0x080061d0       0x70 build/obj/testbmk.o
 .text.bmk12_setup
                0x08006240       0x10 build/obj/testbmk.o
 .text.chprintf.constprop.0
                0x08006250       0x30 build/obj/hal.o
 .text.halInit  0x08006280       0x70 build/obj/hal.o
                0x08006280                halInit
 .text.macInit  0x080062f0       0x10 build/obj/mac.o
                0x080062f0                macInit
 .text.macObjectInit
                0x08006300       0x30 build/obj/mac.o
                0x08006300                macObjectInit
 .text.macStart
                0x08006330       0x20 build/obj/mac.o
                0x08006330                macStart
 .text.macWaitTransmitDescriptor
                0x08006350       0x60 build/obj/mac.o
                0x08006350                macWaitTransmitDescriptor
 .text.macReleaseTransmitDescriptor
                0x080063b0       0x10 build/obj/mac.o
                0x080063b0                macReleaseTransmitDescriptor
 .text.macWaitReceiveDescriptor
                0x080063c0       0x60 build/obj/mac.o
                0x080063c0                macWaitReceiveDescriptor
 .text.macReleaseReceiveDescriptor
                0x08006420       0x10 build/obj/mac.o
                0x08006420                macReleaseReceiveDescriptor
 .text.macPollLinkStatus
                0x08006430       0x10 build/obj/mac.o
                0x08006430                macPollLinkStatus
 .text.rtcInit  0x08006440       0x10 build/obj/rtc.o
                0x08006440                rtcInit
 .text.rtcObjectInit
                0x08006450       0x10 build/obj/rtc.o
                0x08006450                rtcObjectInit
 .text.readt    0x08006460       0x10 build/obj/serial.o
 .text.read     0x08006470       0x10 build/obj/serial.o
 .text.writet   0x08006480       0x10 build/obj/serial.o
 .text.write    0x08006490       0x10 build/obj/serial.o
 .text.gett     0x080064a0       0x10 build/obj/serial.o
 .text.get      0x080064b0       0x10 build/obj/serial.o
 .text.putt     0x080064c0       0x10 build/obj/serial.o
 .text.put      0x080064d0       0x10 build/obj/serial.o
 .text.sdInit   0x080064e0       0x10 build/obj/serial.o
                0x080064e0                sdInit
 .text.sdObjectInit
                0x080064f0       0x40 build/obj/serial.o
                0x080064f0                sdObjectInit
 .text.sdStart  0x08006530       0x20 build/obj/serial.o
                0x08006530                sdStart
 .text.sdIncomingDataI
                0x08006550       0x40 build/obj/serial.o
                0x08006550                sdIncomingDataI
 .text.stInit   0x08006590       0x10 build/obj/st.o
                0x08006590                stInit
 .text.stStartAlarm
                0x080065a0       0x10 build/obj/st.o
                0x080065a0                stStartAlarm
 .text.stStopAlarm
                0x080065b0       0x10 build/obj/st.o
                0x080065b0                stStopAlarm
 .text.stSetAlarm
                0x080065c0       0x10 build/obj/st.o
                0x080065c0                stSetAlarm
 .text.uartInit
                0x080065d0       0x10 build/obj/uart.o
                0x080065d0                uartInit
 .text.uartObjectInit
                0x080065e0       0x10 build/obj/uart.o
                0x080065e0                uartObjectInit
 .text.uartStart
                0x080065f0       0x20 build/obj/uart.o
                0x080065f0                uartStart
 .text.nvicEnableVector
                0x08006610       0x40 build/obj/nvic.o
                0x08006610                nvicEnableVector
 .text.Vector6C
                0x08006650       0x30 build/obj/stm32_dma.o
                0x08006650                Vector6C
 .text.Vector70
                0x08006680       0x30 build/obj/stm32_dma.o
                0x08006680                Vector70
 .text.Vector74
                0x080066b0       0x30 build/obj/stm32_dma.o
                0x080066b0                Vector74
 .text.Vector78
                0x080066e0       0x30 build/obj/stm32_dma.o
                0x080066e0                Vector78
 .text.Vector7C
                0x08006710       0x30 build/obj/stm32_dma.o
                0x08006710                Vector7C
 .text.Vector80
                0x08006740       0x30 build/obj/stm32_dma.o
                0x08006740                Vector80
 .text.Vector84
                0x08006770       0x30 build/obj/stm32_dma.o
                0x08006770                Vector84
 .text.VectorFC
                0x080067a0       0x30 build/obj/stm32_dma.o
                0x080067a0                VectorFC
 .text.Vector120
                0x080067d0       0x30 build/obj/stm32_dma.o
                0x080067d0                Vector120
 .text.Vector124
                0x08006800       0x30 build/obj/stm32_dma.o
                0x08006800                Vector124
 .text.Vector128
                0x08006830       0x30 build/obj/stm32_dma.o
                0x08006830                Vector128
 .text.Vector12C
                0x08006860       0x30 build/obj/stm32_dma.o
                0x08006860                Vector12C
 .text.Vector130
                0x08006890       0x30 build/obj/stm32_dma.o
                0x08006890                Vector130
 .text.Vector150
                0x080068c0       0x30 build/obj/stm32_dma.o
                0x080068c0                Vector150
 .text.Vector154
                0x080068f0       0x30 build/obj/stm32_dma.o
                0x080068f0                Vector154
 .text.Vector158
                0x08006920       0x30 build/obj/stm32_dma.o
                0x08006920                Vector158
 .text.dmaInit  0x08006950       0x50 build/obj/stm32_dma.o
                0x08006950                dmaInit
 .text.hal_lld_init
                0x080069a0       0x80 build/obj/hal_lld.o
                0x080069a0                hal_lld_init
 .text.stm32_clock_init
                0x08006a20       0xd0 build/obj/hal_lld.o
                0x08006a20                stm32_clock_init
 .text.mac_lld_set_address
                0x08006af0       0x50 build/obj/mac_lld.o
 .text.chprintf.constprop.2
                0x08006b40       0x30 build/obj/mac_lld.o
 .text.Vector134
                0x08006b70       0x70 build/obj/mac_lld.o
                0x08006b70                Vector134
 .text.mac_lld_init
                0x08006be0      0x210 build/obj/mac_lld.o
                0x08006be0                mac_lld_init
 .text.mac_lld_start
                0x08006df0      0x130 build/obj/mac_lld.o
                0x08006df0                mac_lld_start
 .text.mac_lld_get_transmit_descriptor
                0x08006f20       0x50 build/obj/mac_lld.o
                0x08006f20                mac_lld_get_transmit_descriptor
 .text.mac_lld_release_transmit_descriptor
                0x08006f70       0x40 build/obj/mac_lld.o
                0x08006f70                mac_lld_release_transmit_descriptor
 .text.mac_lld_get_receive_descriptor
                0x08006fb0       0x70 build/obj/mac_lld.o
                0x08006fb0                mac_lld_get_receive_descriptor
 .text.mac_lld_release_receive_descriptor
                0x08007020       0x40 build/obj/mac_lld.o
                0x08007020                mac_lld_release_receive_descriptor
 .text.mac_lld_poll_link_status
                0x08007060       0xb0 build/obj/mac_lld.o
                0x08007060                mac_lld_poll_link_status
 .text.mac_lld_write_transmit_descriptor
                0x08007110       0x30 build/obj/mac_lld.o
                0x08007110                mac_lld_write_transmit_descriptor
 .text.mac_lld_read_receive_descriptor
                0x08007140       0x30 build/obj/mac_lld.o
                0x08007140                mac_lld_read_receive_descriptor
 .text._pal_lld_init
                0x08007170      0x1d0 build/obj/pal_lld.o
                0x08007170                _pal_lld_init
 .text.rtc_lld_init
                0x08007340       0x60 build/obj/rtc_lld.o
                0x08007340                rtc_lld_init
 .text.VectorB0
                0x080073a0       0x20 build/obj/st_lld.o
                0x080073a0                VectorB0
 .text.st_lld_init
                0x080073c0       0x40 build/obj/st_lld.o
                0x080073c0                st_lld_init
 .text.notify2  0x08007400       0x10 build/obj/serial_lld.o
 .text.notify6  0x08007410       0x10 build/obj/serial_lld.o
 .text.serve_interrupt
                0x08007420      0x120 build/obj/serial_lld.o
 .text.VectorD8
                0x08007540       0x20 build/obj/serial_lld.o
                0x08007540                VectorD8
 .text.Vector15C
                0x08007560       0x20 build/obj/serial_lld.o
                0x08007560                Vector15C
 .text.sd_lld_init
                0x08007580       0x40 build/obj/serial_lld.o
                0x08007580                sd_lld_init
 .text.sd_lld_start
                0x080075c0       0xc0 build/obj/serial_lld.o
                0x080075c0                sd_lld_start
 .text.VectorDC
                0x08007680       0xb0 build/obj/uart_lld.o
                0x08007680                VectorDC
 .text.uart_lld_init
                0x08007730       0x20 build/obj/uart_lld.o
                0x08007730                uart_lld_init
 .text.uart_lld_start
                0x08007750       0x90 build/obj/uart_lld.o
                0x08007750                uart_lld_start
 .text.__early_init
                0x080077e0       0x10 build/obj/board.o
                0x080077e0                __early_init
 .text.boardInit
                0x080077f0       0x10 build/obj/board.o
                0x080077f0                boardInit
 .text.ethernetif_init
                0x08007800       0x40 build/obj/lwipthread.o
 .text.low_level_output
                0x08007840       0x50 build/obj/lwipthread.o
 .text.chprintf.constprop.1
                0x08007890       0x30 build/obj/lwipthread.o
 .text.lwip_thread
                0x080078c0      0x220 build/obj/lwipthread.o
                0x080078c0                lwip_thread
 .text.sys_init
                0x08007ae0       0x10 build/obj/sys_arch.o
                0x08007ae0                sys_init
 .text.sys_sem_new
                0x08007af0       0x50 build/obj/sys_arch.o
                0x08007af0                sys_sem_new
 .text.sys_sem_free
                0x08007b40       0x20 build/obj/sys_arch.o
                0x08007b40                sys_sem_free
 .text.sys_sem_signal
                0x08007b60       0x10 build/obj/sys_arch.o
                0x08007b60                sys_sem_signal
 .text.sys_arch_sem_wait
                0x08007b70       0x40 build/obj/sys_arch.o
                0x08007b70                sys_arch_sem_wait
 .text.sys_sem_valid
                0x08007bb0       0x10 build/obj/sys_arch.o
                0x08007bb0                sys_sem_valid
 .text.sys_sem_set_invalid
                0x08007bc0       0x10 build/obj/sys_arch.o
                0x08007bc0                sys_sem_set_invalid
 .text.sys_mbox_new
                0x08007bd0       0x50 build/obj/sys_arch.o
                0x08007bd0                sys_mbox_new
 .text.sys_mbox_free
                0x08007c20       0x50 build/obj/sys_arch.o
                0x08007c20                sys_mbox_free
 .text.sys_mbox_post
                0x08007c70       0x10 build/obj/sys_arch.o
                0x08007c70                sys_mbox_post
 .text.sys_mbox_trypost
                0x08007c80       0x30 build/obj/sys_arch.o
                0x08007c80                sys_mbox_trypost
 .text.sys_arch_mbox_fetch
                0x08007cb0       0x40 build/obj/sys_arch.o
                0x08007cb0                sys_arch_mbox_fetch
 .text.sys_arch_mbox_tryfetch
                0x08007cf0       0x20 build/obj/sys_arch.o
                0x08007cf0                sys_arch_mbox_tryfetch
 .text.sys_mbox_valid
                0x08007d10       0x10 build/obj/sys_arch.o
                0x08007d10                sys_mbox_valid
 .text.sys_mbox_set_invalid
                0x08007d20       0x10 build/obj/sys_arch.o
                0x08007d20                sys_mbox_set_invalid
 .text.sys_thread_new
                0x08007d30       0x30 build/obj/sys_arch.o
                0x08007d30                sys_thread_new
 .text.chprintf.constprop.1
                0x08007d60       0x30 build/obj/etharp.o
 .text.etharp_send_ip
                0x08007d90       0x70 build/obj/etharp.o
 .text.etharp_find_entry
                0x08007e00      0x200 build/obj/etharp.o
 .text.etharp_tmr
                0x08008000       0x70 build/obj/etharp.o
                0x08008000                etharp_tmr
 .text.etharp_request
                0x08008070      0x140 build/obj/etharp.o
                0x08008070                etharp_request
 .text.etharp_output_to_arp_index
                0x080081b0       0x90 build/obj/etharp.o
 .text.etharp_query
                0x08008240      0x170 build/obj/etharp.o
                0x08008240                etharp_query
 .text.etharp_output
                0x080083b0      0x1a0 build/obj/etharp.o
                0x080083b0                etharp_output
 .text.ethernet_input
                0x08008550      0x290 build/obj/etharp.o
                0x08008550                ethernet_input
 .text.lwip_init
                0x080087e0       0x30 build/obj/init.o
                0x080087e0                lwip_init
 .text.chprintf.constprop.0
                0x08008810       0x30 build/obj/mem.o
 .text.mem_init
                0x08008840       0xa0 build/obj/mem.o
                0x08008840                mem_init
 .text.mem_free
                0x080088e0      0x1f0 build/obj/mem.o
                0x080088e0                mem_free
 .text.mem_trim
                0x08008ad0      0x190 build/obj/mem.o
                0x08008ad0                mem_trim
 .text.mem_malloc
                0x08008c60      0x1e0 build/obj/mem.o
                0x08008c60                mem_malloc
 .text.chprintf.constprop.0
                0x08008e40       0x30 build/obj/memp.o
 .text.memp_init
                0x08008e70       0xa0 build/obj/memp.o
                0x08008e70                memp_init
 .text.memp_malloc
                0x08008f10       0xb0 build/obj/memp.o
                0x08008f10                memp_malloc
 .text.memp_free
                0x08008fc0       0x70 build/obj/memp.o
                0x08008fc0                memp_free
 .text.chprintf.constprop.0
                0x08009030       0x30 build/obj/netif.o
 .text.netif_init
                0x08009060       0x10 build/obj/netif.o
                0x08009060                netif_init
 .text.netif_set_ipaddr
                0x08009070       0x70 build/obj/netif.o
                0x08009070                netif_set_ipaddr
 .text.netif_add
                0x080090e0       0xa0 build/obj/netif.o
                0x080090e0                netif_add
 .text.netif_set_default
                0x08009180       0x10 build/obj/netif.o
                0x08009180                netif_set_default
 .text.netif_set_up
                0x08009190       0x30 build/obj/netif.o
                0x08009190                netif_set_up
 .text.netif_set_link_up
                0x080091c0       0x30 build/obj/netif.o
                0x080091c0                netif_set_link_up
 .text.netif_set_link_down
                0x080091f0       0x20 build/obj/netif.o
                0x080091f0                netif_set_link_down
 .text.pbuf_free_ooseq_callback
                0x08009210       0x30 build/obj/pbuf.o
 .text.pbuf_pool_is_empty.part.0
                0x08009240       0x20 build/obj/pbuf.o
 .text.chprintf.constprop.1
                0x08009260       0x30 build/obj/pbuf.o
 .text.pbuf_alloced_custom
                0x08009290       0x90 build/obj/pbuf.o
                0x08009290                pbuf_alloced_custom
 .text.pbuf_header
                0x08009320       0xe0 build/obj/pbuf.o
                0x08009320                pbuf_header
 .text.pbuf_free
                0x08009400      0x100 build/obj/pbuf.o
                0x08009400                pbuf_free
 .text.pbuf_alloc
                0x08009500      0x240 build/obj/pbuf.o
                0x08009500                pbuf_alloc
 .text.pbuf_realloc
                0x08009740      0x120 build/obj/pbuf.o
                0x08009740                pbuf_realloc
 .text.pbuf_clen
                0x08009860       0x20 build/obj/pbuf.o
                0x08009860                pbuf_clen
 .text.pbuf_ref
                0x08009880       0x10 build/obj/pbuf.o
                0x08009880                pbuf_ref
 .text.pbuf_cat
                0x08009890       0xb0 build/obj/pbuf.o
                0x08009890                pbuf_cat
 .text.pbuf_copy
                0x08009940      0x1a0 build/obj/pbuf.o
                0x08009940                pbuf_copy
 .text.pbuf_copy_partial
                0x08009ae0       0xc0 build/obj/pbuf.o
                0x08009ae0                pbuf_copy_partial
 .text.raw_input
                0x08009ba0       0x80 build/obj/raw.o
                0x08009ba0                raw_input
 .text.raw_bind
                0x08009c20       0x10 build/obj/raw.o
                0x08009c20                raw_bind
 .text.raw_recv
                0x08009c30       0x10 build/obj/raw.o
                0x08009c30                raw_recv
 .text.raw_remove
                0x08009c40       0x40 build/obj/raw.o
                0x08009c40                raw_remove
 .text.raw_new  0x08009c80       0x30 build/obj/raw.o
                0x08009c80                raw_new
 .text.stats_init
                0x08009cb0       0x10 build/obj/stats.o
                0x08009cb0                stats_init
 .text.tcp_accept_null
                0x08009cc0       0x10 build/obj/tcp.o
 .text.tcp_new_port
                0x08009cd0       0x60 build/obj/tcp.o
 .text.chprintf.constprop.4
                0x08009d30       0x30 build/obj/tcp.o
 .text.tcp_init
                0x08009d60       0x10 build/obj/tcp.o
                0x08009d60                tcp_init
 .text.tcp_bind
                0x08009d70       0xb0 build/obj/tcp.o
                0x08009d70                tcp_bind
 .text.tcp_listen_with_backlog
                0x08009e20       0xe0 build/obj/tcp.o
                0x08009e20                tcp_listen_with_backlog
 .text.tcp_update_rcv_ann_wnd
                0x08009f00       0x80 build/obj/tcp.o
                0x08009f00                tcp_update_rcv_ann_wnd
 .text.tcp_recved
                0x08009f80       0xa0 build/obj/tcp.o
                0x08009f80                tcp_recved
 .text.tcp_seg_free
                0x0800a020       0x20 build/obj/tcp.o
                0x0800a020                tcp_seg_free
 .text.tcp_segs_free
                0x0800a040       0x20 build/obj/tcp.o
                0x0800a040                tcp_segs_free
 .text.tcp_seg_copy
                0x0800a060       0x30 build/obj/tcp.o
                0x0800a060                tcp_seg_copy
 .text.tcp_arg  0x0800a090       0x10 build/obj/tcp.o
                0x0800a090                tcp_arg
 .text.tcp_recv
                0x0800a0a0       0x50 build/obj/tcp.o
                0x0800a0a0                tcp_recv
 .text.tcp_sent
                0x0800a0f0       0x50 build/obj/tcp.o
                0x0800a0f0                tcp_sent
 .text.tcp_err  0x0800a140       0x50 build/obj/tcp.o
                0x0800a140                tcp_err
 .text.tcp_accept
                0x0800a190       0x10 build/obj/tcp.o
                0x0800a190                tcp_accept
 .text.tcp_poll
                0x0800a1a0       0x50 build/obj/tcp.o
                0x0800a1a0                tcp_poll
 .text.tcp_pcb_purge
                0x0800a1f0       0x70 build/obj/tcp.o
                0x0800a1f0                tcp_pcb_purge
 .text.tcp_slowtmr
                0x0800a260      0x4c0 build/obj/tcp.o
                0x0800a260                tcp_slowtmr
 .text.tcp_pcb_remove
                0x0800a720       0xe0 build/obj/tcp.o
                0x0800a720                tcp_pcb_remove
 .text.tcp_close_shutdown
                0x0800a800      0x1b0 build/obj/tcp.o
 .text.tcp_close
                0x0800a9b0       0x20 build/obj/tcp.o
                0x0800a9b0                tcp_close
 .text.tcp_recv_null
                0x0800a9d0       0x30 build/obj/tcp.o
                0x0800a9d0                tcp_recv_null
 .text.tcp_process_refused_data
                0x0800aa00       0x70 build/obj/tcp.o
                0x0800aa00                tcp_process_refused_data
 .text.tcp_fasttmr
                0x0800aa70       0x70 build/obj/tcp.o
                0x0800aa70                tcp_fasttmr
 .text.tcp_tmr  0x0800aae0       0x30 build/obj/tcp.o
                0x0800aae0                tcp_tmr
 .text.tcp_shutdown
                0x0800ab10       0x60 build/obj/tcp.o
                0x0800ab10                tcp_shutdown
 .text.tcp_abandon
                0x0800ab70      0x100 build/obj/tcp.o
                0x0800ab70                tcp_abandon
 .text.tcp_abort
                0x0800ac70       0x10 build/obj/tcp.o
                0x0800ac70                tcp_abort
 .text.tcp_alloc
                0x0800ac80      0x150 build/obj/tcp.o
                0x0800ac80                tcp_alloc
 .text.tcp_new  0x0800add0       0x10 build/obj/tcp.o
                0x0800add0                tcp_new
 .text.tcp_eff_send_mss
                0x0800ade0       0x20 build/obj/tcp.o
                0x0800ade0                tcp_eff_send_mss
 .text.tcp_oos_insert_segment
                0x0800ae00       0xc0 build/obj/tcp_in.o
 .text.tcp_parseopt.isra.0
                0x0800aec0       0x90 build/obj/tcp_in.o
 .text.chprintf.constprop.1
                0x0800af50       0x30 build/obj/tcp_in.o
 .text.tcp_receive
                0x0800af80      0xb50 build/obj/tcp_in.o
 .text.tcp_input
                0x0800bad0      0xb30 build/obj/tcp_in.o
                0x0800bad0                tcp_input
 .text.tcp_create_segment.isra.0
                0x0800c600       0xd0 build/obj/tcp_out.o
 .text.chprintf.constprop.2
                0x0800c6d0       0x30 build/obj/tcp_out.o
 .text.tcp_output_alloc_header.constprop.1
                0x0800c700       0x90 build/obj/tcp_out.o
 .text.tcp_pbuf_prealloc
                0x0800c790       0x90 build/obj/tcp_out.o
 .text.tcp_write
                0x0800c820      0x610 build/obj/tcp_out.o
                0x0800c820                tcp_write
 .text.tcp_enqueue_flags
                0x0800ce30      0x1d0 build/obj/tcp_out.o
                0x0800ce30                tcp_enqueue_flags
 .text.tcp_send_fin
                0x0800d000       0x50 build/obj/tcp_out.o
                0x0800d000                tcp_send_fin
 .text.tcp_send_empty_ack
                0x0800d050       0x60 build/obj/tcp_out.o
                0x0800d050                tcp_send_empty_ack
 .text.tcp_output
                0x0800d0b0      0x340 build/obj/tcp_out.o
                0x0800d0b0                tcp_output
 .text.tcp_rst  0x0800d3f0       0xe0 build/obj/tcp_out.o
                0x0800d3f0                tcp_rst
 .text.tcp_rexmit_rto
                0x0800d4d0       0x30 build/obj/tcp_out.o
                0x0800d4d0                tcp_rexmit_rto
 .text.tcp_rexmit
                0x0800d500       0x60 build/obj/tcp_out.o
                0x0800d500                tcp_rexmit
 .text.tcp_rexmit_fast
                0x0800d560       0x50 build/obj/tcp_out.o
                0x0800d560                tcp_rexmit_fast
 .text.tcp_keepalive
                0x0800d5b0       0x70 build/obj/tcp_out.o
                0x0800d5b0                tcp_keepalive
 .text.tcp_zero_window_probe
                0x0800d620       0xc0 build/obj/tcp_out.o
                0x0800d620                tcp_zero_window_probe
 .text.chprintf.constprop.1
                0x0800d6e0       0x30 build/obj/udp.o
 .text.udp_init
                0x0800d710       0x10 build/obj/udp.o
                0x0800d710                udp_init
 .text.udp_input
                0x0800d720      0x220 build/obj/udp.o
                0x0800d720                udp_input
 .text.udp_bind
                0x0800d940      0x100 build/obj/udp.o
                0x0800d940                udp_bind
 .text.udp_recv
                0x0800da40       0x10 build/obj/udp.o
                0x0800da40                udp_recv
 .text.udp_remove
                0x0800da50       0x40 build/obj/udp.o
                0x0800da50                udp_remove
 .text.udp_new  0x0800da90       0x20 build/obj/udp.o
                0x0800da90                udp_new
 .text.chprintf.constprop.1
                0x0800dab0       0x30 build/obj/icmp.o
 .text.icmp_send_response.isra.0
                0x0800dae0       0xe0 build/obj/icmp.o
 .text.icmp_input
                0x0800dbc0      0x280 build/obj/icmp.o
                0x0800dbc0                icmp_input
 .text.icmp_dest_unreach
                0x0800de40       0x10 build/obj/icmp.o
                0x0800de40                icmp_dest_unreach
 .text.icmp_time_exceeded
                0x0800de50       0x10 build/obj/icmp.o
                0x0800de50                icmp_time_exceeded
 .text.lwip_standard_chksum
                0x0800de60       0x80 build/obj/inet_chksum.o
 .text.inet_chksum_pseudo
                0x0800dee0       0x90 build/obj/inet_chksum.o
                0x0800dee0                inet_chksum_pseudo
 .text.inet_chksum
                0x0800df70       0x10 build/obj/inet_chksum.o
                0x0800df70                inet_chksum
 .text.inet_chksum_pbuf
                0x0800df80       0x50 build/obj/inet_chksum.o
                0x0800df80                inet_chksum_pbuf
 .text.chprintf.constprop.1
                0x0800dfd0       0x30 build/obj/ip.o
 .text.ip_route
                0x0800e000       0x60 build/obj/ip.o
                0x0800e000                ip_route
 .text.ip_input
                0x0800e060      0x210 build/obj/ip.o
                0x0800e060                ip_input
 .text.ip_output_if
                0x0800e270      0x170 build/obj/ip.o
                0x0800e270                ip_output_if
 .text.ip_output
                0x0800e3e0       0x80 build/obj/ip.o
                0x0800e3e0                ip_output
 .text.ip4_addr_isbroadcast
                0x0800e460       0x40 build/obj/ip_addr.o
                0x0800e460                ip4_addr_isbroadcast
 .text.chprintf.constprop.0
                0x0800e4a0       0x30 build/obj/ip_frag.o
 .text.ip_frag_free_pbuf_custom_ref
                0x0800e4d0       0x40 build/obj/ip_frag.o
 .text.ipfrag_free_pbuf_custom
                0x0800e510       0x50 build/obj/ip_frag.o
 .text.ip_reass_dequeue_datagram
                0x0800e560       0x60 build/obj/ip_frag.o
 .text.ip_reass_free_complete_datagram
                0x0800e5c0      0x130 build/obj/ip_frag.o
 .text.ip_reass_remove_oldest_datagram
                0x0800e6f0       0x80 build/obj/ip_frag.o
 .text.ip_reass_tmr
                0x0800e770       0x30 build/obj/ip_frag.o
                0x0800e770                ip_reass_tmr
 .text.ip_reass
                0x0800e7a0      0x410 build/obj/ip_frag.o
                0x0800e7a0                ip_reass
 .text.ip_frag  0x0800ebb0      0x1f0 build/obj/ip_frag.o
                0x0800ebb0                ip_frag
 .text.lwip_htons
                0x0800eda0       0x10 build/obj/def.o
                0x0800eda0                lwip_htons
 .text.lwip_ntohs
                0x0800edb0       0x10 build/obj/def.o
                0x0800edb0                lwip_ntohs
 .text.lwip_htonl
                0x0800edc0       0x10 build/obj/def.o
                0x0800edc0                lwip_htonl
 .text.lwip_ntohl
                0x0800edd0       0x10 build/obj/def.o
                0x0800edd0                lwip_ntohl
 .text.chprintf.constprop.0
                0x0800ede0       0x30 build/obj/timers.o
 .text.sys_timeout
                0x0800ee10       0xa0 build/obj/timers.o
                0x0800ee10                sys_timeout
 .text.tcp_timer_needed
                0x0800eeb0       0x40 build/obj/timers.o
                0x0800eeb0                tcp_timer_needed
 .text.tcpip_tcp_timer
                0x0800eef0       0x40 build/obj/timers.o
 .text.sys_timeouts_init
                0x0800ef30       0x30 build/obj/timers.o
                0x0800ef30                sys_timeouts_init
 .text.arp_timer
                0x0800ef60       0x20 build/obj/timers.o
 .text.ip_reass_timer
                0x0800ef80       0x20 build/obj/timers.o
 .text.sys_untimeout
                0x0800efa0       0x50 build/obj/timers.o
                0x0800efa0                sys_untimeout
 .text.sys_timeouts_mbox_fetch
                0x0800eff0       0x70 build/obj/timers.o
                0x0800eff0                sys_timeouts_mbox_fetch
 .text.chprintf.constprop.2
                0x0800f060       0x30 build/obj/api_lib.o
 .text.netconn_recv_data
                0x0800f090      0x150 build/obj/api_lib.o
 .text.netconn_close_shutdown
                0x0800f1e0       0x60 build/obj/api_lib.o
 .text.netconn_new_with_proto_and_callback
                0x0800f240       0xf0 build/obj/api_lib.o
                0x0800f240                netconn_new_with_proto_and_callback
 .text.netconn_delete
                0x0800f330       0x30 build/obj/api_lib.o
                0x0800f330                netconn_delete
 .text.netconn_bind
                0x0800f360       0x60 build/obj/api_lib.o
                0x0800f360                netconn_bind
 .text.netconn_listen_with_backlog
                0x0800f3c0       0x60 build/obj/api_lib.o
                0x0800f3c0                netconn_listen_with_backlog
 .text.netconn_accept
                0x0800f420       0xd0 build/obj/api_lib.o
                0x0800f420                netconn_accept
 .text.netconn_recv
                0x0800f4f0      0x110 build/obj/api_lib.o
                0x0800f4f0                netconn_recv
 .text.netconn_write_partly
                0x0800f600       0xe0 build/obj/api_lib.o
                0x0800f600                netconn_write_partly
 .text.netconn_close
                0x0800f6e0       0x10 build/obj/api_lib.o
                0x0800f6e0                netconn_close
 .text.recv_raw
                0x0800f6f0       0x90 build/obj/api_msg.o
 .text.setup_tcp
                0x0800f780       0x50 build/obj/api_msg.o
 .text.chprintf.constprop.1
                0x0800f7d0       0x30 build/obj/api_msg.o
 .text.recv_tcp
                0x0800f800       0xf0 build/obj/api_msg.o
 .text.do_close_internal
                0x0800f8f0      0x210 build/obj/api_msg.o
 .text.do_writemore
                0x0800fb00      0x200 build/obj/api_msg.o
 .text.poll_tcp
                0x0800fd00       0x90 build/obj/api_msg.o
 .text.sent_tcp
                0x0800fd90       0x80 build/obj/api_msg.o
 .text.err_tcp  0x0800fe10      0x110 build/obj/api_msg.o
 .text.recv_udp
                0x0800ff20       0xe0 build/obj/api_msg.o
 .text.do_newconn
                0x08010000       0xa0 build/obj/api_msg.o
                0x08010000                do_newconn
 .text.netconn_alloc
                0x080100a0       0xb0 build/obj/api_msg.o
                0x080100a0                netconn_alloc
 .text.netconn_free
                0x08010150       0xa0 build/obj/api_msg.o
                0x08010150                netconn_free
 .text.netconn_drain
                0x080101f0       0xe0 build/obj/api_msg.o
 .text.accept_function
                0x080102d0       0xa0 build/obj/api_msg.o
 .text.do_delconn
                0x08010370      0x130 build/obj/api_msg.o
                0x08010370                do_delconn
 .text.do_bind  0x080104a0       0x90 build/obj/api_msg.o
                0x080104a0                do_bind
 .text.do_listen
                0x08010530       0xc0 build/obj/api_msg.o
                0x08010530                do_listen
 .text.do_recv  0x080105f0       0x50 build/obj/api_msg.o
                0x080105f0                do_recv
 .text.do_write
                0x08010640       0xb0 build/obj/api_msg.o
                0x08010640                do_write
 .text.do_close
                0x080106f0       0xc0 build/obj/api_msg.o
                0x080106f0                do_close
 .text.chprintf.constprop.0
                0x080107b0       0x30 build/obj/netbuf.o
 .text.netbuf_delete
                0x080107e0       0x30 build/obj/netbuf.o
                0x080107e0                netbuf_delete
 .text.netbuf_data
                0x08010810       0x90 build/obj/netbuf.o
                0x08010810                netbuf_data
 .text.lwip_socket_init
                0x080108a0       0x10 build/obj/sockets.o
                0x080108a0                lwip_socket_init
 .text.chprintf.constprop.0
                0x080108b0       0x30 build/obj/tcpip.o
 .text.tcpip_thread
                0x080108e0       0xd0 build/obj/tcpip.o
 .text.tcpip_input
                0x080109b0       0x50 build/obj/tcpip.o
                0x080109b0                tcpip_input
 .text.tcpip_callback_with_block
                0x08010a00       0x60 build/obj/tcpip.o
                0x08010a00                tcpip_callback_with_block
 .text.tcpip_apimsg
                0x08010a60       0x40 build/obj/tcpip.o
                0x08010a60                tcpip_apimsg
 .text.tcpip_init
                0x08010aa0       0x70 build/obj/tcpip.o
                0x08010aa0                tcpip_init
 .text.tmrcb    0x08010b10       0x30 build/obj/evtimer.o
 .text.evtObjectInit
                0x08010b40       0x10 build/obj/evtimer.o
                0x08010b40                evtObjectInit
 .text.evtStart
                0x08010b50       0x30 build/obj/evtimer.o
                0x08010b50                evtStart
 .text.chprintf.constprop.0
                0x08010b80       0x30 build/obj/syscalls.o
 .text._read_r  0x08010bb0       0x50 build/obj/syscalls.o
                0x08010bb0                _read_r
 .text._lseek_r
                0x08010c00       0x10 build/obj/syscalls.o
                0x08010c00                _lseek_r
 .text._write_r
                0x08010c10       0x40 build/obj/syscalls.o
                0x08010c10                _write_r
 .text._close_r
                0x08010c50       0x10 build/obj/syscalls.o
                0x08010c50                _close_r
 .text._sbrk_r  0x08010c60       0x20 build/obj/syscalls.o
                0x08010c60                _sbrk_r
 .text._fstat_r
                0x08010c80       0x20 build/obj/syscalls.o
                0x08010c80                _fstat_r
 .text._isatty_r
                0x08010ca0       0x10 build/obj/syscalls.o
                0x08010ca0                _isatty_r
 .text.long_to_string_with_divisor.constprop.0
                0x08010cb0       0x50 build/obj/chprintf.o
 .text.chvprintf
                0x08010d00      0x310 build/obj/chprintf.o
                0x08010d00                chvprintf
 .text.chprintf.constprop.0
                0x08011010       0x30 build/obj/mbfunccoils_m.o
 .text.eMBMasterReqReadCoils
                0x08011040      0x100 build/obj/mbfunccoils_m.o
                0x08011040                eMBMasterReqReadCoils
 .text.eMBMasterFuncReadCoils
                0x08011140      0x120 build/obj/mbfunccoils_m.o
                0x08011140                eMBMasterFuncReadCoils
 .text.eMBMasterFuncWriteCoil
                0x08011260       0x60 build/obj/mbfunccoils_m.o
                0x08011260                eMBMasterFuncWriteCoil
 .text.eMBMasterFuncWriteMultipleCoils
                0x080112c0       0x60 build/obj/mbfunccoils_m.o
                0x080112c0                eMBMasterFuncWriteMultipleCoils
 .text.eMBMasterFuncReadDiscreteInputs
                0x08011320       0x70 build/obj/mbfuncdisc_m.o
                0x08011320                eMBMasterFuncReadDiscreteInputs
 .text.chprintf.constprop.0
                0x08011390       0x30 build/obj/mbfuncholding_m.o
 .text.eMBMasterFuncWriteHoldingRegister
                0x080113c0       0x30 build/obj/mbfuncholding_m.o
                0x080113c0                eMBMasterFuncWriteHoldingRegister
 .text.eMBMasterFuncWriteMultipleHoldingRegister
                0x080113f0       0x50 build/obj/mbfuncholding_m.o
                0x080113f0                eMBMasterFuncWriteMultipleHoldingRegister
 .text.eMBMasterReqReadHoldingRegister
                0x08011440      0x100 build/obj/mbfuncholding_m.o
                0x08011440                eMBMasterReqReadHoldingRegister
 .text.eMBMasterFuncReadHoldingRegister
                0x08011540      0x1a0 build/obj/mbfuncholding_m.o
                0x08011540                eMBMasterFuncReadHoldingRegister
 .text.eMBMasterFuncReadWriteMultipleHoldingRegister
                0x080116e0       0x90 build/obj/mbfuncholding_m.o
                0x080116e0                eMBMasterFuncReadWriteMultipleHoldingRegister
 .text.eMBMasterFuncReadInputRegister
                0x08011770       0x60 build/obj/mbfuncinput_m.o
                0x08011770                eMBMasterFuncReadInputRegister
 .text.eMBFuncReportSlaveID
                0x080117d0       0x30 build/obj/mbfuncother.o
                0x080117d0                eMBFuncReportSlaveID
 .text.xMBUtilSetBits
                0x08011800       0x50 build/obj/mbutils.o
                0x08011800                xMBUtilSetBits
 .text.prveMBError2Exception
                0x08011850       0x10 build/obj/mbutils.o
                0x08011850                prveMBError2Exception
 .text.usMBCRC16
                0x08011860       0x40 build/obj/mbcrc.o
                0x08011860                usMBCRC16
 .text.eMBMasterRTUInit
                0x080118a0       0x60 build/obj/mbrtu_m.o
                0x080118a0                eMBMasterRTUInit
 .text.eMBMasterRTUStart
                0x08011900       0x30 build/obj/mbrtu_m.o
                0x08011900                eMBMasterRTUStart
 .text.eMBMasterRTUStop
                0x08011930       0x20 build/obj/mbrtu_m.o
                0x08011930                eMBMasterRTUStop
 .text.eMBMasterRTUReceive
                0x08011950       0x80 build/obj/mbrtu_m.o
                0x08011950                eMBMasterRTUReceive
 .text.eMBMasterRTUSend
                0x080119d0       0xa0 build/obj/mbrtu_m.o
                0x080119d0                eMBMasterRTUSend
 .text.xMBMasterRTUReceiveFSM
                0x08011a70       0xb0 build/obj/mbrtu_m.o
                0x08011a70                xMBMasterRTUReceiveFSM
 .text.xMBMasterRTUTransmitFSM
                0x08011b20       0xb0 build/obj/mbrtu_m.o
                0x08011b20                xMBMasterRTUTransmitFSM
 .text.xMBMasterRTUTimerExpired
                0x08011bd0       0xe0 build/obj/mbrtu_m.o
                0x08011bd0                xMBMasterRTUTimerExpired
 .text.vMBMasterGetPDUSndBuf
                0x08011cb0       0x10 build/obj/mbrtu_m.o
                0x08011cb0                vMBMasterGetPDUSndBuf
 .text.vMBMasterSetPDUSndLength
                0x08011cc0       0x10 build/obj/mbrtu_m.o
                0x08011cc0                vMBMasterSetPDUSndLength
 .text.usMBMasterGetPDUSndLength
                0x08011cd0       0x10 build/obj/mbrtu_m.o
                0x08011cd0                usMBMasterGetPDUSndLength
 .text.vMBMasterSetCurTimerMode
                0x08011ce0       0x10 build/obj/mbrtu_m.o
                0x08011ce0                vMBMasterSetCurTimerMode
 .text.xMBMasterRequestIsBroadcast
                0x08011cf0       0x10 build/obj/mbrtu_m.o
                0x08011cf0                xMBMasterRequestIsBroadcast
 .text.chprintf.constprop.0
                0x08011d00       0x30 build/obj/mb_m.o
 .text.eMBMasterInit
                0x08011d30       0xd0 build/obj/mb_m.o
                0x08011d30                eMBMasterInit
 .text.eMBMasterEnable
                0x08011e00       0x30 build/obj/mb_m.o
                0x08011e00                eMBMasterEnable
 .text.eMBMasterPoll
                0x08011e30      0x230 build/obj/mb_m.o
                0x08011e30                eMBMasterPoll
 .text.ucMBMasterGetDestAddress
                0x08012060       0x10 build/obj/mb_m.o
                0x08012060                ucMBMasterGetDestAddress
 .text.vMBMasterSetDestAddress
                0x08012070       0x10 build/obj/mb_m.o
                0x08012070                vMBMasterSetDestAddress
 .text.eMBMasterGetErrorType
                0x08012080       0x10 build/obj/mb_m.o
                0x08012080                eMBMasterGetErrorType
 .text.vMBMasterSetErrorType
                0x08012090       0x10 build/obj/mb_m.o
                0x08012090                vMBMasterSetErrorType
 .text.chprintf.constprop.0
                0x080120a0       0x30 build/obj/user_mb_app_m.o
 .text.display_holding
                0x080120d0       0xd0 build/obj/user_mb_app_m.o
                0x080120d0                display_holding
 .text.eMBMasterRegInputCB
                0x080121a0       0x70 build/obj/user_mb_app_m.o
                0x080121a0                eMBMasterRegInputCB
 .text.eMBMasterRegHoldingCB
                0x08012210       0x70 build/obj/user_mb_app_m.o
                0x08012210                eMBMasterRegHoldingCB
 .text.eMBMasterRegCoilsCB
                0x08012280       0xd0 build/obj/user_mb_app_m.o
                0x08012280                eMBMasterRegCoilsCB
 .text.eMBMasterRegDiscreteCB
                0x08012350       0xb0 build/obj/user_mb_app_m.o
                0x08012350                eMBMasterRegDiscreteCB
 .text.EnterCriticalSection
                0x08012400       0x10 build/obj/port.o
                0x08012400                EnterCriticalSection
 .text.ExitCriticalSection
                0x08012410       0x10 build/obj/port.o
                0x08012410                ExitCriticalSection
 .text.xMBMasterPortEventInit
                0x08012420       0x10 build/obj/portevent_m.o
                0x08012420                xMBMasterPortEventInit
 .text.xMBMasterPortEventPost
                0x08012430       0x20 build/obj/portevent_m.o
                0x08012430                xMBMasterPortEventPost
 .text.xMBMasterPortEventGet
                0x08012450       0x20 build/obj/portevent_m.o
                0x08012450                xMBMasterPortEventGet
 .text.vMBMasterOsResInit
                0x08012470       0x10 build/obj/portevent_m.o
                0x08012470                vMBMasterOsResInit
 .text.xMBMasterRunResTake
                0x08012480       0x10 build/obj/portevent_m.o
                0x08012480                xMBMasterRunResTake
 .text.xMBMasterRunResLock
                0x08012490       0x10 build/obj/portevent_m.o
                0x08012490                xMBMasterRunResLock
 .text.vMBMasterRunResRelease
                0x080124a0       0x10 build/obj/portevent_m.o
                0x080124a0                vMBMasterRunResRelease
 .text.vMBMasterErrorCBRespondTimeout
                0x080124b0       0x20 build/obj/portevent_m.o
                0x080124b0                vMBMasterErrorCBRespondTimeout
 .text.vMBMasterErrorCBReceiveData
                0x080124d0       0x20 build/obj/portevent_m.o
                0x080124d0                vMBMasterErrorCBReceiveData
 .text.vMBMasterErrorCBExecuteFunction
                0x080124f0       0x20 build/obj/portevent_m.o
                0x080124f0                vMBMasterErrorCBExecuteFunction
 .text.vMBMasterCBRequestScuuess
                0x08012510       0x20 build/obj/portevent_m.o
                0x08012510                vMBMasterCBRequestScuuess
 .text.txend1   0x08012530       0x10 build/obj/portserial_m.o
 .text.rxchar   0x08012540       0x10 build/obj/portserial_m.o
 .text.chprintf.constprop.1
                0x08012550       0x30 build/obj/portserial_m.o
 .text.rxerr    0x08012580       0x80 build/obj/portserial_m.o
 .text.xMBMasterPortSerialInit
                0x08012600       0x30 build/obj/portserial_m.o
                0x08012600                xMBMasterPortSerialInit
 .text.vMBMasterPortSerialEnable
                0x08012630       0x90 build/obj/portserial_m.o
                0x08012630                vMBMasterPortSerialEnable
 .text.xMBMasterPortSerialPutByte
                0x080126c0       0x10 build/obj/portserial_m.o
                0x080126c0                xMBMasterPortSerialPutByte
 .text.xMBMasterPortSerialGetByte
                0x080126d0       0x20 build/obj/portserial_m.o
                0x080126d0                xMBMasterPortSerialGetByte
 .text.timer_timeout_ind
                0x080126f0       0x10 build/obj/porttimer_m.o
 .text.xMBMasterPortTimersInit
                0x08012700       0x20 build/obj/porttimer_m.o
                0x08012700                xMBMasterPortTimersInit
 .text.vMBMasterPortTimersT35Enable
                0x08012720       0x50 build/obj/porttimer_m.o
                0x08012720                vMBMasterPortTimersT35Enable
 .text.vMBMasterPortTimersConvertDelayEnable
                0x08012770       0x50 build/obj/porttimer_m.o
                0x08012770                vMBMasterPortTimersConvertDelayEnable
 .text.vMBMasterPortTimersRespondTimeoutEnable
                0x080127c0       0x40 build/obj/porttimer_m.o
                0x080127c0                vMBMasterPortTimersRespondTimeoutEnable
 .text.vMBMasterPortTimersDisable
                0x08012800       0x50 build/obj/porttimer_m.o
                0x08012800                vMBMasterPortTimersDisable
 .text._exit    0x08012850       0x10 build/obj/stubs.o
                0x08012850                _exit
 .text._getpid  0x08012860       0x10 build/obj/stubs.o
                0x08012860                _getpid
 .text._kill    0x08012870       0x10 build/obj/stubs.o
                0x08012870                _kill
 .text.get      0x08012880       0x10 build/obj/ITM_trace.o
 .text.reads    0x08012890       0x10 build/obj/ITM_trace.o
 .text.put      0x080128a0       0x10 build/obj/ITM_trace.o
 .text.writes   0x080128b0       0x20 build/obj/ITM_trace.o
 .text.itmObjectInit
                0x080128d0       0x10 build/obj/ITM_trace.o
                0x080128d0                itmObjectInit
 .text.chprintf.constprop.0
                0x080128e0       0x30 build/obj/web.o
 .text.itoa     0x08012910       0x70 build/obj/web.o
                0x08012910                itoa
 .text.DynWebPage
                0x08012980      0x1d0 build/obj/web.o
                0x08012980                DynWebPage
 .text.DynWebPage_ModbusStat
                0x08012b50      0x350 build/obj/web.o
                0x08012b50                DynWebPage_ModbusStat
 .text.http_server_serve
                0x08012ea0      0x380 build/obj/web.o
                0x08012ea0                http_server_serve
 .text.http_server
                0x08013220       0x90 build/obj/web.o
                0x08013220                http_server
 .text.fs_open  0x080132b0       0xa0 build/obj/fs.o
                0x080132b0                fs_open
 .text.fs_close
                0x08013350       0x30 build/obj/fs.o
                0x08013350                fs_close
 .text.arrayCopy
                0x08013380       0x90 build/obj/ArrayCopy.o
                0x08013380                arrayCopy
 .text.init     0x08013410       0x20 build/obj/ArrayList.o
                0x08013410                init
 .text.get      0x08013430       0x20 build/obj/ArrayList.o
                0x08013430                get
 .text.add      0x08013450       0xb0 build/obj/ArrayList.o
                0x08013450                add
 .text.populate
                0x08013500       0x80 build/obj/ArrayList.o
                0x08013500                populate
 .text.modbusreq_thread
                0x08013580       0x60 build/obj/main.o
 .text.chprintf.constprop.3
                0x080135e0       0x30 build/obj/main.o
 .text.modbus_thread
                0x08013610       0x70 build/obj/main.o
 .text.Thread1  0x08013680       0x50 build/obj/main.o
 .text.Debug_ITMDebugEnable
                0x080136d0       0x40 build/obj/main.o
                0x080136d0                Debug_ITMDebugEnable
 .text.Debug_ITMDebugOutputChar
                0x08013710       0x30 build/obj/main.o
                0x08013710                Debug_ITMDebugOutputChar
 .text.__assert_func
                0x08013740       0x3c c:/program files/gnu tools arm embedded/4.9 2014q4/bin/../lib/gcc/arm-none-eabi/4.9.3/../../../../arm-none-eabi/lib/armv7e-m/fpu\libg.a(lib_a-assert.o)
                0x08013740                __assert_func
 *fill*         0x0801377c        0x4 
 .text.calloc   0x08013780       0x10 c:/program files/gnu tools arm embedded/4.9 2014q4/bin/../lib/gcc/arm-none-eabi/4.9.3/../../../../arm-none-eabi/lib/armv7e-m/fpu\libg.a(lib_a-calloc.o)
                0x08013780                calloc
 .text._calloc_r
                0x08013790       0x60 c:/program files/gnu tools arm embedded/4.9 2014q4/bin/../lib/gcc/arm-none-eabi/4.9.3/../../../../arm-none-eabi/lib/armv7e-m/fpu\libg.a(lib_a-callocr.o)
                0x08013790                _calloc_r
 .text.__errno  0x080137f0        0xc c:/program files/gnu tools arm embedded/4.9 2014q4/bin/../lib/gcc/arm-none-eabi/4.9.3/../../../../arm-none-eabi/lib/armv7e-m/fpu\libg.a(lib_a-errno.o)
                0x080137f0                __errno
 *fill*         0x080137fc        0x4 
 .text.fiprintf
                0x08013800       0x28 c:/program files/gnu tools arm embedded/4.9 2014q4/bin/../lib/gcc/arm-none-eabi/4.9.3/../../../../arm-none-eabi/lib/armv7e-m/fpu\libg.a(lib_a-fiprintf.o)
                0x08013800                fiprintf
 *fill*         0x08013828        0x8 
 .text.free     0x08013830       0x10 c:/program files/gnu tools arm embedded/4.9 2014q4/bin/../lib/gcc/arm-none-eabi/4.9.3/../../../../arm-none-eabi/lib/armv7e-m/fpu\libg.a(lib_a-malloc.o)
                0x08013830                free
 .text._malloc_r
                0x08013840      0x51c c:/program files/gnu tools arm embedded/4.9 2014q4/bin/../lib/gcc/arm-none-eabi/4.9.3/../../../../arm-none-eabi/lib/armv7e-m/fpu\libg.a(lib_a-mallocr.o)
                0x08013840                _malloc_r
 *fill*         0x08013d5c        0x4 
 .text.memcmp   0x08013d60       0x64 c:/program files/gnu tools arm embedded/4.9 2014q4/bin/../lib/gcc/arm-none-eabi/4.9.3/../../../../arm-none-eabi/lib/armv7e-m/fpu\libg.a(lib_a-memcmp.o)
                0x08013d60                memcmp
 *fill*         0x08013dc4        0xc 
 .text.memset   0x08013dd0       0x9c c:/program files/gnu tools arm embedded/4.9 2014q4/bin/../lib/gcc/arm-none-eabi/4.9.3/../../../../arm-none-eabi/lib/armv7e-m/fpu\libg.a(lib_a-memset.o)
                0x08013dd0                memset
 *fill*         0x08013e6c        0x4 
 .text.__malloc_lock
                0x08013e70        0x4 c:/program files/gnu tools arm embedded/4.9 2014q4/bin/../lib/gcc/arm-none-eabi/4.9.3/../../../../arm-none-eabi/lib/armv7e-m/fpu\libg.a(lib_a-mlock.o)
                0x08013e70                __malloc_lock
 *fill*         0x08013e74        0xc 
 .text.__malloc_unlock
                0x08013e80        0x4 c:/program files/gnu tools arm embedded/4.9 2014q4/bin/../lib/gcc/arm-none-eabi/4.9.3/../../../../arm-none-eabi/lib/armv7e-m/fpu\libg.a(lib_a-mlock.o)
                0x08013e80                __malloc_unlock
 *fill*         0x08013e84        0xc 
 .text._realloc_r
                0x08013e90      0x3ec c:/program files/gnu tools arm embedded/4.9 2014q4/bin/../lib/gcc/arm-none-eabi/4.9.3/../../../../arm-none-eabi/lib/armv7e-m/fpu\libg.a(lib_a-reallocr.o)
                0x08013e90                _realloc_r
 *fill*         0x0801427c        0x4 
 .text.stpcpy   0x08014280       0x4c c:/program files/gnu tools arm embedded/4.9 2014q4/bin/../lib/gcc/arm-none-eabi/4.9.3/../../../../arm-none-eabi/lib/armv7e-m/fpu\libg.a(lib_a-stpcpy.o)
                0x08014280                stpcpy
 *fill*         0x080142cc        0x4 
 .text.strlen   0x080142d0       0x5c c:/program files/gnu tools arm embedded/4.9 2014q4/bin/../lib/gcc/arm-none-eabi/4.9.3/../../../../arm-none-eabi/lib/armv7e-m/fpu\libg.a(lib_a-strlen.o)
                0x080142d0                strlen
 *fill*         0x0801432c        0x4 
 .text.strncmp  0x08014330       0x98 c:/program files/gnu tools arm embedded/4.9 2014q4/bin/../lib/gcc/arm-none-eabi/4.9.3/../../../../arm-none-eabi/lib/armv7e-m/fpu\libg.a(lib_a-strncmp.o)
                0x08014330                strncmp
 *fill*         0x080143c8        0x8 
 .text.__sprint_r.part.0
                0x080143d0       0x78 c:/program files/gnu tools arm embedded/4.9 2014q4/bin/../lib/gcc/arm-none-eabi/4.9.3/../../../../arm-none-eabi/lib/armv7e-m/fpu\libg.a(lib_a-vfiprintf.o)
 *fill*         0x08014448        0x8 
 .text._vfiprintf_r
                0x08014450      0xc04 c:/program files/gnu tools arm embedded/4.9 2014q4/bin/../lib/gcc/arm-none-eabi/4.9.3/../../../../arm-none-eabi/lib/armv7e-m/fpu\libg.a(lib_a-vfiprintf.o)
                0x08014450                _vfiprintf_r
 *fill*         0x08015054        0xc 
 .text.__sbprintf
                0x08015060       0x78 c:/program files/gnu tools arm embedded/4.9 2014q4/bin/../lib/gcc/arm-none-eabi/4.9.3/../../../../arm-none-eabi/lib/armv7e-m/fpu\libg.a(lib_a-vfiprintf.o)
 *fill*         0x080150d8        0x8 
 .text.__swsetup_r
                0x080150e0       0xc4 c:/program files/gnu tools arm embedded/4.9 2014q4/bin/../lib/gcc/arm-none-eabi/4.9.3/../../../../arm-none-eabi/lib/armv7e-m/fpu\libg.a(lib_a-wsetup.o)
                0x080150e0                __swsetup_r
 *fill*         0x080151a4        0xc 
 .text.abort    0x080151b0       0x10 c:/program files/gnu tools arm embedded/4.9 2014q4/bin/../lib/gcc/arm-none-eabi/4.9.3/../../../../arm-none-eabi/lib/armv7e-m/fpu\libg.a(lib_a-abort.o)
                0x080151b0                abort
 .text.__sflush_r
                0x080151c0      0x154 c:/program files/gnu tools arm embedded/4.9 2014q4/bin/../lib/gcc/arm-none-eabi/4.9.3/../../../../arm-none-eabi/lib/armv7e-m/fpu\libg.a(lib_a-fflush.o)
                0x080151c0                __sflush_r
 *fill*         0x08015314        0xc 
 .text._fflush_r
                0x08015320       0x2c c:/program files/gnu tools arm embedded/4.9 2014q4/bin/../lib/gcc/arm-none-eabi/4.9.3/../../../../arm-none-eabi/lib/armv7e-m/fpu\libg.a(lib_a-fflush.o)
                0x08015320                _fflush_r
 *fill*         0x0801534c        0x4 
 .text._cleanup_r
                0x08015350        0xc c:/program files/gnu tools arm embedded/4.9 2014q4/bin/../lib/gcc/arm-none-eabi/4.9.3/../../../../arm-none-eabi/lib/armv7e-m/fpu\libg.a(lib_a-findfp.o)
                0x08015350                _cleanup_r
 *fill*         0x0801535c        0x4 
 .text.__sinit.part.1
                0x08015360       0xf0 c:/program files/gnu tools arm embedded/4.9 2014q4/bin/../lib/gcc/arm-none-eabi/4.9.3/../../../../arm-none-eabi/lib/armv7e-m/fpu\libg.a(lib_a-findfp.o)
 .text.__sinit  0x08015450        0xc c:/program files/gnu tools arm embedded/4.9 2014q4/bin/../lib/gcc/arm-none-eabi/4.9.3/../../../../arm-none-eabi/lib/armv7e-m/fpu\libg.a(lib_a-findfp.o)
                0x08015450                __sinit
 *fill*         0x0801545c        0x4 
 .text.__sfp_lock_acquire
                0x08015460        0x4 c:/program files/gnu tools arm embedded/4.9 2014q4/bin/../lib/gcc/arm-none-eabi/4.9.3/../../../../arm-none-eabi/lib/armv7e-m/fpu\libg.a(lib_a-findfp.o)
                0x08015460                __sfp_lock_acquire
 *fill*         0x08015464        0xc 
 .text.__sfp_lock_release
                0x08015470        0x4 c:/program files/gnu tools arm embedded/4.9 2014q4/bin/../lib/gcc/arm-none-eabi/4.9.3/../../../../arm-none-eabi/lib/armv7e-m/fpu\libg.a(lib_a-findfp.o)
                0x08015470                __sfp_lock_release
 *fill*         0x08015474        0xc 
 .text._fputwc_r
                0x08015480       0xc4 c:/program files/gnu tools arm embedded/4.9 2014q4/bin/../lib/gcc/arm-none-eabi/4.9.3/../../../../arm-none-eabi/lib/armv7e-m/fpu\libg.a(lib_a-fputwc.o)
                0x08015480                _fputwc_r
 *fill*         0x08015544        0xc 
 .text._malloc_trim_r
                0x08015550       0x9c c:/program files/gnu tools arm embedded/4.9 2014q4/bin/../lib/gcc/arm-none-eabi/4.9.3/../../../../arm-none-eabi/lib/armv7e-m/fpu\libg.a(lib_a-freer.o)
                0x08015550                _malloc_trim_r
 *fill*         0x080155ec        0x4 
 .text._free_r  0x080155f0      0x1b0 c:/program files/gnu tools arm embedded/4.9 2014q4/bin/../lib/gcc/arm-none-eabi/4.9.3/../../../../arm-none-eabi/lib/armv7e-m/fpu\libg.a(lib_a-freer.o)
                0x080155f0                _free_r
 .text.__sfvwrite_r
                0x080157a0      0x318 c:/program files/gnu tools arm embedded/4.9 2014q4/bin/../lib/gcc/arm-none-eabi/4.9.3/../../../../arm-none-eabi/lib/armv7e-m/fpu\libg.a(lib_a-fvwrite.o)
                0x080157a0                __sfvwrite_r
 *fill*         0x08015ab8        0x8 
 .text._fwalk_reent
                0x08015ac0       0x54 c:/program files/gnu tools arm embedded/4.9 2014q4/bin/../lib/gcc/arm-none-eabi/4.9.3/../../../../arm-none-eabi/lib/armv7e-m/fpu\libg.a(lib_a-fwalk.o)