Archive member included because of file (symbol)

c:/program files/gnu tools arm embedded/4.9 2014q4/bin/../lib/gcc/arm-none-eabi/4.9.3/../../../../arm-none-eabi/lib/armv7e-m\libg.a(lib_a-calloc.o)
                              build/obj/ArrayCopy.o (calloc)
c:/program files/gnu tools arm embedded/4.9 2014q4/bin/../lib/gcc/arm-none-eabi/4.9.3/../../../../arm-none-eabi/lib/armv7e-m\libg.a(lib_a-callocr.o)
                              c:/program files/gnu tools arm embedded/4.9 2014q4/bin/../lib/gcc/arm-none-eabi/4.9.3/../../../../arm-none-eabi/lib/armv7e-m\libg.a(lib_a-calloc.o) (_calloc_r)
c:/program files/gnu tools arm embedded/4.9 2014q4/bin/../lib/gcc/arm-none-eabi/4.9.3/../../../../arm-none-eabi/lib/armv7e-m\libg.a(lib_a-impure.o)
                              c:/program files/gnu tools arm embedded/4.9 2014q4/bin/../lib/gcc/arm-none-eabi/4.9.3/../../../../arm-none-eabi/lib/armv7e-m\libg.a(lib_a-calloc.o) (_impure_ptr)
c:/program files/gnu tools arm embedded/4.9 2014q4/bin/../lib/gcc/arm-none-eabi/4.9.3/../../../../arm-none-eabi/lib/armv7e-m\libg.a(lib_a-malloc.o)
                              build/obj/ArrayCopy.o (free)
c:/program files/gnu tools arm embedded/4.9 2014q4/bin/../lib/gcc/arm-none-eabi/4.9.3/../../../../arm-none-eabi/lib/armv7e-m\libg.a(lib_a-mallocr.o)
                              c:/program files/gnu tools arm embedded/4.9 2014q4/bin/../lib/gcc/arm-none-eabi/4.9.3/../../../../arm-none-eabi/lib/armv7e-m\libg.a(lib_a-callocr.o) (_malloc_r)
c:/program files/gnu tools arm embedded/4.9 2014q4/bin/../lib/gcc/arm-none-eabi/4.9.3/../../../../arm-none-eabi/lib/armv7e-m\libg.a(lib_a-memcpy.o)
                              build/obj/ArrayCopy.o (memcpy)
c:/program files/gnu tools arm embedded/4.9 2014q4/bin/../lib/gcc/arm-none-eabi/4.9.3/../../../../arm-none-eabi/lib/armv7e-m\libg.a(lib_a-memset.o)
                              build/obj/syscalls.o (memset)
c:/program files/gnu tools arm embedded/4.9 2014q4/bin/../lib/gcc/arm-none-eabi/4.9.3/../../../../arm-none-eabi/lib/armv7e-m\libg.a(lib_a-mlock.o)
                              c:/program files/gnu tools arm embedded/4.9 2014q4/bin/../lib/gcc/arm-none-eabi/4.9.3/../../../../arm-none-eabi/lib/armv7e-m\libg.a(lib_a-mallocr.o) (__malloc_lock)
c:/program files/gnu tools arm embedded/4.9 2014q4/bin/../lib/gcc/arm-none-eabi/4.9.3/../../../../arm-none-eabi/lib/armv7e-m\libg.a(lib_a-strcmp.o)
                              build/obj/syscalls.o (strcmp)
c:/program files/gnu tools arm embedded/4.9 2014q4/bin/../lib/gcc/arm-none-eabi/4.9.3/../../../../arm-none-eabi/lib/armv7e-m\libg.a(lib_a-freer.o)
                              c:/program files/gnu tools arm embedded/4.9 2014q4/bin/../lib/gcc/arm-none-eabi/4.9.3/../../../../arm-none-eabi/lib/armv7e-m\libg.a(lib_a-malloc.o) (_free_r)

Discarded input sections

 .data          0x00000000        0x0 build/obj/chcoreasm_v7m.o
 .bss           0x00000000        0x0 build/obj/chcoreasm_v7m.o
 .text          0x00000000        0x0 build/obj/crt0.o
 .data          0x00000000        0x0 build/obj/crt0.o
 .bss           0x00000000        0x0 build/obj/crt0.o
 .text.__early_init
                0x00000000       0x10 build/obj/crt0.o
 .text          0x00000000        0x0 build/obj/vectors.o
 .data          0x00000000        0x0 build/obj/vectors.o
 .bss           0x00000000        0x0 build/obj/vectors.o
 .text          0x00000000        0x0 build/obj/chcore.o
 .data          0x00000000        0x0 build/obj/chcore.o
 .bss           0x00000000        0x0 build/obj/chcore.o
 .debug_info    0x00000000      0x75d build/obj/chcore.o
 .debug_abbrev  0x00000000      0x15d build/obj/chcore.o
 .debug_aranges
                0x00000000       0x18 build/obj/chcore.o
 .debug_line    0x00000000      0x1d4 build/obj/chcore.o
 .debug_str     0x00000000      0x62f build/obj/chcore.o
 .comment       0x00000000       0x71 build/obj/chcore.o
 .ARM.attributes
                0x00000000       0x33 build/obj/chcore.o
 .text          0x00000000        0x0 build/obj/chcore_v7m.o
 .data          0x00000000        0x0 build/obj/chcore_v7m.o
 .bss           0x00000000        0x0 build/obj/chcore_v7m.o
 .text          0x00000000        0x0 build/obj/chsys.o
 .data          0x00000000        0x0 build/obj/chsys.o
 .bss           0x00000000        0x0 build/obj/chsys.o
 .text.chSysGetStatusAndLockX
                0x00000000       0x40 build/obj/chsys.o
 .text.chSysRestoreStatusX
                0x00000000       0x50 build/obj/chsys.o
 .text.chSysIsCounterWithinX
                0x00000000       0x20 build/obj/chsys.o
 .text.chSysPolledDelayX
                0x00000000       0x30 build/obj/chsys.o
 .rodata.__func__.5870
                0x00000000        0xc build/obj/chsys.o
 .text          0x00000000        0x0 build/obj/chdebug.o
 .data          0x00000000        0x0 build/obj/chdebug.o
 .bss           0x00000000        0x0 build/obj/chdebug.o
 .text._dbg_check_disable
                0x00000000       0x20 build/obj/chdebug.o
[...]
Memory Configuration

Name             Origin             Length             Attributes
flash            0x08000000         0x00100000
ram              0x20000000         0x0001c000
ethram           0x2001c000         0x00004000
ccmram           0x10000000         0x00010000
*default*        0x00000000         0xffffffff

Linker script and memory map

LOAD build/obj/chcoreasm_v7m.o
LOAD build/obj/crt0.o
LOAD build/obj/vectors.o
LOAD build/obj/chcore.o
LOAD build/obj/chcore_v7m.o
LOAD build/obj/chsys.o
LOAD build/obj/chdebug.o
LOAD build/obj/chtm.o
LOAD build/obj/chstats.o
LOAD build/obj/chschd.o
LOAD build/obj/chvt.o
LOAD build/obj/chthreads.o
LOAD build/obj/chdynamic.o
LOAD build/obj/chregistry.o
LOAD build/obj/chsem.o
LOAD build/obj/chmtx.o
LOAD build/obj/chcond.o
LOAD build/obj/chevents.o
LOAD build/obj/chmsg.o
LOAD build/obj/chmboxes.o
LOAD build/obj/chqueues.o
LOAD build/obj/chmemcore.o
LOAD build/obj/chheap.o
LOAD build/obj/chmempools.o
LOAD build/obj/test.o
LOAD build/obj/testthd.o
LOAD build/obj/testsem.o
LOAD build/obj/testmtx.o
LOAD build/obj/testmsg.o
LOAD build/obj/testmbox.o
LOAD build/obj/testevt.o
LOAD build/obj/testheap.o
LOAD build/obj/testpools.o
LOAD build/obj/testdyn.o
LOAD build/obj/testqueues.o
LOAD build/obj/testbmk.o
LOAD build/obj/hal.o
LOAD build/obj/hal_queues.o
LOAD build/obj/hal_mmcsd.o
LOAD build/obj/adc.o
LOAD build/obj/can.o
LOAD build/obj/dac.o
LOAD build/obj/ext.o
LOAD build/obj/gpt.o
LOAD build/obj/i2c.o
LOAD build/obj/i2s.o
LOAD build/obj/icu.o
LOAD build/obj/mac.o
LOAD build/obj/mmc_spi.o
LOAD build/obj/pal.o
LOAD build/obj/pwm.o
LOAD build/obj/rtc.o
LOAD build/obj/sdc.o
LOAD build/obj/serial.o
LOAD build/obj/serial_usb.o
LOAD build/obj/spi.o
LOAD build/obj/st.o
LOAD build/obj/uart.o
LOAD build/obj/usb.o
LOAD build/obj/osal.o
LOAD build/obj/nvic.o
LOAD build/obj/stm32_dma.o
LOAD build/obj/hal_lld.o
LOAD build/obj/adc_lld.o
LOAD build/obj/ext_lld_isr.o
LOAD build/obj/can_lld.o
LOAD build/obj/ext_lld.o
LOAD build/obj/mac_lld.o
LOAD build/obj/sdc_lld.o
LOAD build/obj/dac_lld.o
LOAD build/obj/pal_lld.o
LOAD build/obj/i2c_lld.o
LOAD build/obj/usb_lld.o
LOAD build/obj/rtc_lld.o
LOAD build/obj/i2s_lld.o
LOAD build/obj/spi_lld.o
LOAD build/obj/gpt_lld.o
LOAD build/obj/icu_lld.o
LOAD build/obj/pwm_lld.o
LOAD build/obj/st_lld.o
LOAD build/obj/serial_lld.o
LOAD build/obj/uart_lld.o
LOAD build/obj/board.o
LOAD build/obj/syscalls.o
LOAD build/obj/chprintf.o
LOAD build/obj/ITM_trace.o
LOAD build/obj/ArrayCopy.o
LOAD build/obj/ArrayList.o
LOAD build/obj/queue.o
LOAD build/obj/main.o
                0x20000000                __ram_start__ = ORIGIN (ram)
                0x0001c000                __ram_size__ = 0x1c000
                0x2001c000                __ram_end__ = (__ram_start__ + __ram_size__)
                0x00000000                . = 0x0
                0x00000000                _text = .

startup         0x08000000      0x1c0
 *(vectors)
 vectors        0x08000000      0x1c0 build/obj/vectors.o
                0x08000000                _vectors

constructors    0x080001c0        0x0
                0x080001c0                PROVIDE (__init_array_start, .)
 *(SORT(.init_array.*))
 *(.init_array)
                0x080001c0                PROVIDE (__init_array_end, .)

destructors     0x080001c0        0x0
                0x080001c0                PROVIDE (__fini_array_start, .)
 *(.fini_array)
 *(SORT(.fini_array.*))
                0x080001c0                PROVIDE (__fini_array_end, .)

.text           0x080001c0     0x2ab4
 *(.text.startup.*)
 .text.startup.main
                0x080001c0       0xa0 build/obj/main.o
                0x080001c0                main
 *(.text)
 .text          0x08000260       0x3e build/obj/chcoreasm_v7m.o
                0x08000260                _port_switch
                0x08000270                _port_thread_start
                0x08000286                _port_switch_from_isr
                0x0800029a                _port_exit_from_isr
 *(.text.*)
 *fill*         0x0800029e        0x2 
 .text.__late_init
                0x080002a0       0x10 build/obj/crt0.o
                0x080002a0                __late_init
 .text._default_exit
                0x080002b0       0x10 build/obj/crt0.o
                0x080002b0                _default_exit
 .text.Reset_Handler
                0x080002c0      0x100 build/obj/crt0.o
                0x080002c0                Reset_Handler
 .text._unhandled_exception
                0x080003c0       0x10 build/obj/vectors.o
                0x080003c0                Vector58
                0x080003c0                VectorE8
                0x080003c0                Vector9C
                0x080003c0                VectorAC
                0x080003c0                DebugMon_Handler
                0x080003c0                Vector1A0
                0x080003c0                Vector5C
                0x080003c0                Vector11C
                0x080003c0                HardFault_Handler
                0x080003c0                Vector1B8
                0x080003c0                Vector19C
                0x080003c0                Vector8C
                0x080003c0                SysTick_Handler
                0x080003c0                PendSV_Handler
                0x080003c0                Vector168
                0x080003c0                NMI_Handler
                0x080003c0                Vector110
                0x080003c0                VectorC8
                0x080003c0                Vector94
                0x080003c0                VectorA8
                0x080003c0                VectorB4
                0x080003c0                Vector160
                0x080003c0                Vector1B0
                0x080003c0                UsageFault_Handler
                0x080003c0                VectorEC
                0x080003c0                Vector40
                0x080003c0                VectorF8
                0x080003c0                Vector108
                0x080003c0                VectorBC
                0x080003c0                Vector190
                0x080003c0                Vector148
                0x080003c0                Vector188
                0x080003c0                Vector198
                0x080003c0                Vector118
                0x080003c0                Vector64
                0x080003c0                VectorCC
                0x080003c0                Vector54
                0x080003c0                Vector98
                0x080003c0                Vector138
                0x080003c0                Vector24
                0x080003c0                Vector1AC
                0x080003c0                Vector178
                0x080003c0                Vector1A4
                0x080003c0                VectorD0
                0x080003c0                Vector1B4
                0x080003c0                Vector140
                0x080003c0                VectorE4
                0x080003c0                VectorC0
                0x080003c0                Vector134
                0x080003c0                VectorF0
                0x080003c0                Vector13C
                0x080003c0                Vector100
                0x080003c0                VectorE0
                0x080003c0                VectorF4
                0x080003c0                MemManage_Handler
                0x080003c0                VectorA0
                0x080003c0                VectorC4
                0x080003c0                Vector180
                0x080003c0                Vector90
                0x080003c0                Vector114
                0x080003c0                Vector164
                0x080003c0                Vector60
                0x080003c0                Vector1C
                0x080003c0                Vector1BC
                0x080003c0                Vector17C
                0x080003c0                Vector48
                0x080003c0                Vector1A8
                0x080003c0                Vector16C
                0x080003c0                VectorD4
                0x080003c0                Vector4C
                0x080003c0                Vector144
                0x080003c0                Vector15C
                0x080003c0                Vector68
                0x080003c0                _unhandled_exception
                0x080003c0                Vector170
                0x080003c0                Vector88
                0x080003c0                Vector104
                0x080003c0                Vector184
                0x080003c0                Vector10C
                0x080003c0                Vector14C
                0x080003c0                BusFault_Handler
                0x080003c0                Vector50
                0x080003c0                Vector194
                0x080003c0                Vector44
                0x080003c0                Vector28
                0x080003c0                VectorB8
                0x080003c0                Vector34
                0x080003c0                VectorA4
                0x080003c0                Vector20
                0x080003c0                Vector18C
                0x080003c0                Vector174
 .text.SVC_Handler
                0x080003d0       0x20 build/obj/chcore_v7m.o
                0x080003d0                SVC_Handler
 .text._port_irq_epilogue
                0x080003f0       0x50 build/obj/chcore_v7m.o
                0x080003f0                _port_irq_epilogue
 .text._idle_thread
                0x08000440       0x20 build/obj/chsys.o
 .text.chSysInit
                0x08000460       0xb0 build/obj/chsys.o
                0x08000460                chSysInit
 .text.chSysHalt
                0x08000510       0x10 build/obj/chsys.o
                0x08000510                chSysHalt
 .text.chSysTimerHandlerI
                0x08000520       0x90 build/obj/chsys.o
                0x08000520                chSysTimerHandlerI
 .text._dbg_check_enable
                0x080005b0       0x20 build/obj/chdebug.o
                0x080005b0                _dbg_check_enable
 .text._dbg_check_lock
                0x080005d0       0x20 build/obj/chdebug.o
                0x080005d0                _dbg_check_lock
 .text._dbg_check_unlock
                0x080005f0       0x30 build/obj/chdebug.o
                0x080005f0                _dbg_check_unlock
 .text._dbg_check_lock_from_isr
                0x08000620       0x30 build/obj/chdebug.o
                0x08000620                _dbg_check_lock_from_isr
 .text._dbg_check_unlock_from_isr
                0x08000650       0x30 build/obj/chdebug.o
                0x08000650                _dbg_check_unlock_from_isr
 .text._dbg_check_enter_isr
                0x08000680       0x30 build/obj/chdebug.o
                0x08000680                _dbg_check_enter_isr
 .text._dbg_check_leave_isr
                0x080006b0       0x30 build/obj/chdebug.o
                0x080006b0                _dbg_check_leave_isr
 .text.chDbgCheckClassI
                0x080006e0       0x20 build/obj/chdebug.o
                0x080006e0                chDbgCheckClassI
 .text.chDbgCheckClassS
                0x08000700       0x20 build/obj/chdebug.o
                0x08000700                chDbgCheckClassS
 .text._dbg_trace_init
                0x08000720       0x10 build/obj/chdebug.o
                0x08000720                _dbg_trace_init
 .text._dbg_trace
                0x08000730       0x40 build/obj/chdebug.o
                0x08000730                _dbg_trace
 .text.chTMObjectInit
                0x08000770       0x20 build/obj/chtm.o
                0x08000770                chTMObjectInit
 .text.chTMStartMeasurementX
                0x08000790       0x10 build/obj/chtm.o
                0x08000790                chTMStartMeasurementX
 .text.chTMStopMeasurementX
                0x080007a0       0x50 build/obj/chtm.o
                0x080007a0                chTMStopMeasurementX
 .text._tm_init
                0x080007f0       0x40 build/obj/chtm.o
                0x080007f0                _tm_init
 .text.chTMChainMeasurementToX
                0x08000830       0x40 build/obj/chtm.o
                0x08000830                chTMChainMeasurementToX
 .text._stats_init
                0x08000870       0x30 build/obj/chstats.o
                0x08000870                _stats_init
 .text._stats_increase_irq
                0x080008a0       0x20 build/obj/chstats.o
                0x080008a0                _stats_increase_irq
 .text._stats_ctxswc
                0x080008c0       0x30 build/obj/chstats.o
                0x080008c0                _stats_ctxswc
 .text._stats_start_measure_crit_thd
                0x080008f0       0x10 build/obj/chstats.o
                0x080008f0                _stats_start_measure_crit_thd
 .text._stats_stop_measure_crit_thd
                0x08000900       0x10 build/obj/chstats.o
                0x08000900                _stats_stop_measure_crit_thd
 .text._stats_start_measure_crit_isr
                0x08000910       0x10 build/obj/chstats.o
                0x08000910                _stats_start_measure_crit_isr
 .text._stats_stop_measure_crit_isr
                0x08000920       0x10 build/obj/chstats.o
                0x08000920                _stats_stop_measure_crit_isr
 .text._scheduler_init
                0x08000930       0x20 build/obj/chschd.o
                0x08000930                _scheduler_init
 .text.chSchReadyI
                0x08000950       0x50 build/obj/chschd.o
                0x08000950                chSchReadyI
 .text.wakeup   0x080009a0       0x70 build/obj/chschd.o
 .text.chSchGoSleepS
                0x08000a10       0x60 build/obj/chschd.o
                0x08000a10                chSchGoSleepS
 .text.chSchGoSleepTimeoutS
                0x08000a70       0x60 build/obj/chschd.o
                0x08000a70                chSchGoSleepTimeoutS
 .text.chSchWakeupS
                0x08000ad0       0x70 build/obj/chschd.o
                0x08000ad0                chSchWakeupS
 .text.chSchIsPreemptionRequired
                0x08000b40       0x20 build/obj/chschd.o
                0x08000b40                chSchIsPreemptionRequired
 .text.chSchDoRescheduleAhead
                0x08000b60       0x70 build/obj/chschd.o
                0x08000b60                chSchDoRescheduleAhead
 .text.chSchDoReschedule
                0x08000bd0       0x10 build/obj/chschd.o
                0x08000bd0                chSchDoReschedule
 .text._vt_init
                0x08000be0       0x20 build/obj/chvt.o
                0x08000be0                _vt_init
 .text.chVTDoSetI
                0x08000c00       0xa0 build/obj/chvt.o
                0x08000c00                chVTDoSetI
 .text.chVTDoResetI
                0x08000ca0       0x80 build/obj/chvt.o
                0x08000ca0                chVTDoResetI
 .text._thread_init
                0x08000d20       0x70 build/obj/chthreads.o
                0x08000d20                _thread_init
 .text.chThdCreateI
                0x08000d90       0x50 build/obj/chthreads.o
                0x08000d90                chThdCreateI
 .text.chThdCreateStatic
                0x08000de0       0x90 build/obj/chthreads.o
                0x08000de0                chThdCreateStatic
 .text.chThdSleep
                0x08000e70       0x60 build/obj/chthreads.o
                0x08000e70                chThdSleep
 .text.chThdExitS
                0x08000ed0       0x50 build/obj/chthreads.o
                0x08000ed0                chThdExitS
 .text.chThdExit
                0x08000f20       0x20 build/obj/chthreads.o
                0x08000f20                chThdExit
 .text.chThdEnqueueTimeoutS
                0x08000f40       0x30 build/obj/chthreads.o
                0x08000f40                chThdEnqueueTimeoutS
 .text.chThdDequeueNextI
                0x08000f70       0x30 build/obj/chthreads.o
                0x08000f70                chThdDequeueNextI
 .text.chMtxObjectInit
                0x08000fa0       0x20 build/obj/chmtx.o
                0x08000fa0                chMtxObjectInit
 .text.chEvtSignalI
                0x08000fc0       0x50 build/obj/chevents.o
                0x08000fc0                chEvtSignalI
 .text.chEvtBroadcastFlagsI
                0x08001010       0x40 build/obj/chevents.o
                0x08001010                chEvtBroadcastFlagsI
 .text.chIQObjectInit
                0x08001050       0x20 build/obj/chqueues.o
                0x08001050                chIQObjectInit
 .text.chIQPutI
                0x08001070       0x50 build/obj/chqueues.o
                0x08001070                chIQPutI
 .text.chIQGetTimeout
                0x080010c0       0x80 build/obj/chqueues.o
                0x080010c0                chIQGetTimeout
 .text.chIQReadTimeout
                0x08001140       0xe0 build/obj/chqueues.o
                0x08001140                chIQReadTimeout
 .text.chOQObjectInit
                0x08001220       0x20 build/obj/chqueues.o
                0x08001220                chOQObjectInit
 .text.chOQPutTimeout
                0x08001240       0xb0 build/obj/chqueues.o
                0x08001240                chOQPutTimeout
 .text.chOQGetI
                0x080012f0       0x40 build/obj/chqueues.o
                0x080012f0                chOQGetI
 .text.chOQWriteTimeout
                0x08001330      0x100 build/obj/chqueues.o
                0x08001330                chOQWriteTimeout
 .text._core_init
                0x08001430       0x30 build/obj/chmemcore.o
                0x08001430                _core_init
 .text.chCoreAllocI
                0x08001460       0x30 build/obj/chmemcore.o
                0x08001460                chCoreAllocI
 .text.chCoreAlloc
                0x08001490       0x50 build/obj/chmemcore.o
                0x08001490                chCoreAlloc
 .text._heap_init
                0x080014e0       0x20 build/obj/chheap.o
                0x080014e0                _heap_init
 .text.chprintf.constprop.0
                0x08001500       0x30 build/obj/hal.o
 .text.halInit  0x08001530       0x50 build/obj/hal.o
                0x08001530                halInit
 .text.readt    0x08001580       0x10 build/obj/serial.o
 .text.read     0x08001590       0x10 build/obj/serial.o
 .text.writet   0x080015a0       0x10 build/obj/serial.o
 .text.write    0x080015b0       0x10 build/obj/serial.o
 .text.gett     0x080015c0       0x10 build/obj/serial.o
 .text.get      0x080015d0       0x10 build/obj/serial.o
 .text.putt     0x080015e0       0x10 build/obj/serial.o
 .text.put      0x080015f0       0x10 build/obj/serial.o
 .text.sdInit   0x08001600       0x10 build/obj/serial.o
                0x08001600                sdInit
 .text.sdObjectInit
                0x08001610       0x40 build/obj/serial.o
                0x08001610                sdObjectInit
 .text.sdIncomingDataI
                0x08001650       0x60 build/obj/serial.o
                0x08001650                sdIncomingDataI
 .text.stInit   0x080016b0       0x10 build/obj/st.o
                0x080016b0                stInit
 .text.stStartAlarm
                0x080016c0       0x30 build/obj/st.o
                0x080016c0                stStartAlarm
 .text.stStopAlarm
                0x080016f0       0x10 build/obj/st.o
                0x080016f0                stStopAlarm
 .text.stSetAlarm
                0x08001700       0x20 build/obj/st.o
                0x08001700                stSetAlarm
 .text.uartInit
                0x08001720       0x10 build/obj/uart.o
                0x08001720                uartInit
 .text.uartObjectInit
                0x08001730       0x10 build/obj/uart.o
                0x08001730                uartObjectInit
 .text.nvicEnableVector
                0x08001740       0x40 build/obj/nvic.o
                0x08001740                nvicEnableVector
 .text.Vector6C
                0x08001780       0x40 build/obj/stm32_dma.o
                0x08001780                Vector6C
 .text.Vector70
                0x080017c0       0x40 build/obj/stm32_dma.o
                0x080017c0                Vector70
 .text.Vector74
                0x08001800       0x40 build/obj/stm32_dma.o
                0x08001800                Vector74
 .text.Vector78
                0x08001840       0x40 build/obj/stm32_dma.o
                0x08001840                Vector78
 .text.Vector7C
                0x08001880       0x40 build/obj/stm32_dma.o
                0x08001880                Vector7C
 .text.Vector80
                0x080018c0       0x40 build/obj/stm32_dma.o
                0x080018c0                Vector80
 .text.Vector84
                0x08001900       0x40 build/obj/stm32_dma.o
                0x08001900                Vector84
 .text.VectorFC
                0x08001940       0x40 build/obj/stm32_dma.o
                0x08001940                VectorFC
 .text.Vector120
                0x08001980       0x40 build/obj/stm32_dma.o
                0x08001980                Vector120
 .text.Vector124
                0x080019c0       0x40 build/obj/stm32_dma.o
                0x080019c0                Vector124
 .text.Vector128
                0x08001a00       0x40 build/obj/stm32_dma.o
                0x08001a00                Vector128
 .text.Vector12C
                0x08001a40       0x40 build/obj/stm32_dma.o
                0x08001a40                Vector12C
 .text.Vector130
                0x08001a80       0x40 build/obj/stm32_dma.o
                0x08001a80                Vector130
 .text.Vector150
                0x08001ac0       0x40 build/obj/stm32_dma.o
                0x08001ac0                Vector150
 .text.Vector154
                0x08001b00       0x40 build/obj/stm32_dma.o
                0x08001b00                Vector154
 .text.Vector158
                0x08001b40       0x40 build/obj/stm32_dma.o
                0x08001b40                Vector158
 .text.dmaInit  0x08001b80       0x50 build/obj/stm32_dma.o
                0x08001b80                dmaInit
 .text.hal_lld_init
                0x08001bd0       0x70 build/obj/hal_lld.o
                0x08001bd0                hal_lld_init
 .text.stm32_clock_init
                0x08001c40       0xd0 build/obj/hal_lld.o
                0x08001c40                stm32_clock_init
 .text._pal_lld_init
                0x08001d10      0x1d0 build/obj/pal_lld.o
                0x08001d10                _pal_lld_init
 .text.VectorB0
                0x08001ee0       0x40 build/obj/st_lld.o
                0x08001ee0                VectorB0
 .text.st_lld_init
                0x08001f20       0x40 build/obj/st_lld.o
                0x08001f20                st_lld_init
 .text.notify2  0x08001f60       0x10 build/obj/serial_lld.o
 .text.VectorD8
                0x08001f70      0x180 build/obj/serial_lld.o
                0x08001f70                VectorD8
 .text.sd_lld_init
                0x080020f0       0x20 build/obj/serial_lld.o
                0x080020f0                sd_lld_init
 .text.VectorDC
                0x08002110       0xc0 build/obj/uart_lld.o
                0x08002110                VectorDC
 .text.uart_lld_init
                0x080021d0       0x20 build/obj/uart_lld.o
                0x080021d0                uart_lld_init
 .text.__early_init
                0x080021f0       0x10 build/obj/board.o
                0x080021f0                __early_init
 .text.boardInit
                0x08002200       0x10 build/obj/board.o
                0x08002200                boardInit
 .text.long_to_string_with_divisor.constprop.0
                0x08002210       0x50 build/obj/chprintf.o
 .text.chvprintf
                0x08002260      0x310 build/obj/chprintf.o
                0x08002260                chvprintf
 .text.get      0x08002570       0x10 build/obj/ITM_trace.o
 .text.reads    0x08002580       0x10 build/obj/ITM_trace.o
 .text.put      0x08002590       0x10 build/obj/ITM_trace.o
 .text.writes   0x080025a0       0x20 build/obj/ITM_trace.o
 .text.itmObjectInit
                0x080025c0       0x10 build/obj/ITM_trace.o
                0x080025c0                itmObjectInit
 .text.chprintf.constprop.0
                0x080025d0       0x30 build/obj/queue.o
 .text.En_queue
                0x08002600       0x50 build/obj/queue.o
                0x08002600                En_queue
 .text.De_queue
                0x08002650       0x50 build/obj/queue.o
                0x08002650                De_queue
 .text.Thread1  0x080026a0       0x40 build/obj/main.o
 .text.producer_thread
                0x080026e0       0x30 build/obj/main.o
 .text.chprintf.constprop.3
                0x08002710       0x30 build/obj/main.o
 .text.consumer_thread
                0x08002740       0x40 build/obj/main.o
 .text.Debug_ITMDebugEnable
                0x08002780       0x40 build/obj/main.o
                0x08002780                Debug_ITMDebugEnable
 .text.Debug_ITMDebugOutputChar
                0x080027c0       0x30 build/obj/main.o
                0x080027c0                Debug_ITMDebugOutputChar
 *(.rodata)
 *(.rodata.*)
 .rodata.str1.4
                0x080027f0        0x5 build/obj/chsys.o
                                  0x8 (size before relaxing)
 *fill*         0x080027f5        0xb 
 .rodata.str1.4
                0x08002800       0x56 build/obj/chdebug.o
                                 0x58 (size before relaxing)
 *fill*         0x08002856        0xa 
 .rodata.__func__.6559
                0x08002860        0xc build/obj/chschd.o
 *fill*         0x0800286c        0x4 
 .rodata.str1.4
                0x08002870        0xf build/obj/chschd.o
                                 0x10 (size before relaxing)
 *fill*         0x0800287f        0x1 
 .rodata.__func__.6561
                0x08002880        0xc build/obj/chvt.o
 *fill*         0x0800288c        0x4 
 .rodata.__func__.6569
                0x08002890       0x10 build/obj/chvt.o
 .rodata.__func__.6048
                0x080028a0       0x14 build/obj/chthreads.o
 *fill*         0x080028b4        0xc 
 .rodata.__func__.6615
                0x080028c0        0xc build/obj/chthreads.o
 *fill*         0x080028cc        0x4 
 .rodata.__func__.6571
                0x080028d0       0x10 build/obj/chthreads.o
 .rodata.__func__.5870
                0x080028e0        0xc build/obj/chthreads.o
 *fill*         0x080028ec        0x4 
 .rodata.__func__.6036
                0x080028f0        0xc build/obj/chthreads.o
 *fill*         0x080028fc        0x4 
 .rodata.ch_debug
                0x08002900       0x18 build/obj/chregistry.o
                0x08002900                ch_debug
 *fill*         0x08002918        0x8 
 .rodata.__func__.6554
                0x08002920       0x10 build/obj/chmtx.o
 .rodata.__func__.6579
                0x08002930       0x18 build/obj/chevents.o
 *fill*         0x08002948        0x8 
 .rodata.__func__.6596
                0x08002950       0x10 build/obj/chevents.o
 .rodata.__func__.6618
                0x08002960       0x14 build/obj/chqueues.o
 *fill*         0x08002974        0xc 
 .rodata.__func__.6582
                0x08002980       0x10 build/obj/chqueues.o
 .rodata.__func__.5870
                0x08002990        0xc build/obj/chqueues.o
 *fill*         0x0800299c        0x4 
 .rodata.__func__.5870
                0x080029a0        0xc build/obj/chmemcore.o
 *fill*         0x080029ac        0x4 
 .rodata.str1.4
                0x080029b0       0x1c build/obj/hal.o
 *fill*         0x080029cc        0x4 
 .rodata.__func__.7120
                0x080029d0       0x10 build/obj/serial.o
 .rodata.vmt    0x080029e0       0x20 build/obj/serial.o
 .rodata.__func__.7066
                0x08002a00       0x10 build/obj/st.o
 .rodata.__func__.7073
                0x08002a10        0xc build/obj/st.o
 *fill*         0x08002a1c        0x4 
 .rodata._stm32_dma_streams
                0x08002a20       0xc0 build/obj/stm32_dma.o
                0x08002a20                _stm32_dma_streams
 .rodata.pal_default_config
                0x08002ae0       0xfc build/obj/board.o
                0x08002ae0                pal_default_config
 *fill*         0x08002bdc        0x4 
 .rodata.str1.4
                0x08002be0        0x7 build/obj/chprintf.o
                                  0x8 (size before relaxing)
 *fill*         0x08002be7        0x9 
 .rodata.vmt    0x08002bf0       0x10 build/obj/ITM_trace.o
 .rodata.str1.4
                0x08002c00       0x1d build/obj/queue.o
                                 0x20 (size before relaxing)
 *fill*         0x08002c1d        0x3 
 .rodata.str1.4
                0x08002c20       0x54 build/obj/main.o
 *(.glue_7t)
 .glue_7t       0x00000000        0x0 linker stubs
 *(.glue_7)
 .glue_7        0x00000000        0x0 linker stubs
 *(.gcc*)

.vfp11_veneer   0x08002c74        0x0
 .vfp11_veneer  0x00000000        0x0 linker stubs

.v4_bx          0x08002c74        0x0
 .v4_bx         0x00000000        0x0 linker stubs

.iplt           0x08002c74        0x0
 .iplt          0x00000000        0x0 build/obj/chcoreasm_v7m.o

.rel.dyn        0x08002c74        0x0
 .rel.iplt      0x00000000        0x0 build/obj/chcoreasm_v7m.o

.ARM.extab
 *(.ARM.extab* .gnu.linkonce.armextab.*)

.ARM.exidx      0x08002c74        0x0
                0x08002c74                PROVIDE (__exidx_start, .)
 *(.ARM.exidx* .gnu.linkonce.armexidx.*)
                0x08002c74                PROVIDE (__exidx_end, .)

.eh_frame_hdr
 *(.eh_frame_hdr)

.eh_frame
 *(.eh_frame)

.textalign      0x08002c74        0x4
                0x08002c78                . = ALIGN (0x8)
 *fill*         0x08002c74        0x4 
                0x08002c78                . = ALIGN (0x4)
                0x08002c78                _etext = .
                0x08002c78                _textdata = _etext

.stacks         0x20000000      0x800
                0x20000000                . = ALIGN (0x8)
                0x20000000                __main_stack_base__ = .
                0x20000400                . = (. + __main_stack_size__)
 *fill*         0x20000000      0x400 
                0x20000400                . = ALIGN (0x8)
                0x20000400                __main_stack_end__ = .
                0x20000400                __process_stack_base__ = .
                0x20000400                __main_thread_stack_base__ = .
                0x20000800                . = (. + __process_stack_size__)
 *fill*         0x20000400      0x400 
                0x20000800                . = ALIGN (0x8)
                0x20000800                __process_stack_end__ = .
                0x20000800                __main_thread_stack_end__ = .

.data           0x20000800        0x0 load address 0x08002c78
                0x20000800                . = ALIGN (0x4)
                0x20000800                PROVIDE (_data, .)
 *(.data)
 *(.data.*)
 *(.ramtext)
                0x20000800                . = ALIGN (0x4)
                0x20000800                PROVIDE (_edata, .)

.igot.plt       0x20000800        0x0 load address 0x08002c78
 .igot.plt      0x00000000        0x0 build/obj/chcoreasm_v7m.o

.bss            0x20000800      0xb80
                0x20000800                . = ALIGN (0x4)
                0x20000800                PROVIDE (_bss_start, .)
 *(.bss)
 *(.bss.*)
 .bss.ch        0x20000800      0x5d8 build/obj/chschd.o
                0x20000800                ch
 .bss.endmem    0x20000dd8        0x4 build/obj/chmemcore.o
 .bss.nextmem   0x20000ddc        0x4 build/obj/chmemcore.o
 .bss.default_heap
                0x20000de0       0x20 build/obj/chheap.o
 .bss.dma_isr_redir
                0x20000e00       0x80 build/obj/stm32_dma.o
 .bss.dma_streams_mask
                0x20000e80        0x4 build/obj/stm32_dma.o
 .bss.SD2       0x20000e84       0x78 build/obj/serial_lld.o
                0x20000e84                SD2
 .bss.UARTD3    0x20000efc       0x1c build/obj/uart_lld.o
                0x20000efc                UARTD3
 .bss.Rdpos     0x20000f18        0x1 build/obj/queue.o
                0x20000f18                Rdpos
 *fill*         0x20000f19        0x3 
 .bss.Queue     0x20000f1c       0x20 build/obj/queue.o
                0x20000f1c                Queue
 .bss.Wrpos     0x20000f3c        0x1 build/obj/queue.o
                0x20000f3c                Wrpos
 *fill*         0x20000f3d        0x3 
 .bss.wa_producer
                0x20000f40      0x168 build/obj/main.o
 .bss.waThread1
                0x200010a8      0x168 build/obj/main.o
 .bss.Debug_ITMDebug
                0x20001210        0x4 build/obj/main.o
 .bss.itm_port  0x20001214        0x4 build/obj/main.o
                0x20001214                itm_port
 .bss.wa_consumer
                0x20001218      0x168 build/obj/main.o
 *(COMMON)
                0x20001380                . = ALIGN (0x4)
                0x20001380                PROVIDE (_bss_end, .)
                0x20001380                PROVIDE (end, .)
                0x20001380                _end = .
                0x20001380                __heap_base__ = _end
                0x2001c000                __heap_end__ = __ram_end__
                0x00000400                __process_stack_size__ = 0x400
                0x00000400                __main_stack_size__ = 0x400
START GROUP
LOAD c:/program files/gnu tools arm embedded/4.9 2014q4/bin/../lib/gcc/arm-none-eabi/4.9.3/armv7e-m\libgcc.a
LOAD c:/program files/gnu tools arm embedded/4.9 2014q4/bin/../lib/gcc/arm-none-eabi/4.9.3/../../../../arm-none-eabi/lib/armv7e-m\libg.a
LOAD c:/program files/gnu tools arm embedded/4.9 2014q4/bin/../lib/gcc/arm-none-eabi/4.9.3/../../../../arm-none-eabi/lib/armv7e-m\libc.a
END GROUP
OUTPUT(build/ch.elf elf32-littlearm)

.ARM.attributes
                0x00000000       0x2f
 .ARM.attributes
                0x00000000       0x21 build/obj/chcoreasm_v7m.o
 .ARM.attributes
                0x00000021       0x33 build/obj/crt0.o
 .ARM.attributes
                0x00000054       0x33 build/obj/vectors.o
 .ARM.attributes
                0x00000087       0x33 build/obj/chcore_v7m.o
 .ARM.attributes
                0x000000ba       0x33 build/obj/chsys.o
 .ARM.attributes
                0x000000ed       0x33 build/obj/chdebug.o
 .ARM.attributes
                0x00000120       0x33 build/obj/chtm.o
 .ARM.attributes
                0x00000153       0x33 build/obj/chstats.o
 .ARM.attributes
                0x00000186       0x33 build/obj/chschd.o
 .ARM.attributes
                0x000001b9       0x33 build/obj/chvt.o
 .ARM.attributes
                0x000001ec       0x33 build/obj/chthreads.o
 .ARM.attributes
                0x0000021f       0x33 build/obj/chregistry.o
 .ARM.attributes
                0x00000252       0x33 build/obj/chmtx.o
 .ARM.attributes
                0x00000285       0x33 build/obj/chevents.o
 .ARM.attributes
                0x000002b8       0x33 build/obj/chqueues.o
 .ARM.attributes
                0x000002eb       0x33 build/obj/chmemcore.o
 .ARM.attributes
                0x0000031e       0x33 build/obj/chheap.o
 .ARM.attributes
                0x00000351       0x33 build/obj/hal.o
 .ARM.attributes
                0x00000384       0x33 build/obj/serial.o
 .ARM.attributes
                0x000003b7       0x33 build/obj/st.o
 .ARM.attributes
                0x000003ea       0x33 build/obj/uart.o
 .ARM.attributes
                0x0000041d       0x33 build/obj/nvic.o
 .ARM.attributes
                0x00000450       0x33 build/obj/stm32_dma.o
 .ARM.attributes
                0x00000483       0x33 build/obj/hal_lld.o
 .ARM.attributes
                0x000004b6       0x33 build/obj/pal_lld.o
 .ARM.attributes
                0x000004e9       0x33 build/obj/st_lld.o
 .ARM.attributes
                0x0000051c       0x33 build/obj/serial_lld.o
 .ARM.attributes
                0x0000054f       0x33 build/obj/uart_lld.o
 .ARM.attributes
                0x00000582       0x33 build/obj/board.o
 .ARM.attributes
                0x000005b5       0x33 build/obj/chprintf.o
 .ARM.attributes
                0x000005e8       0x33 build/obj/ITM_trace.o
 .ARM.attributes
                0x0000061b       0x33 build/obj/queue.o
 .ARM.attributes
                0x0000064e       0x33 build/obj/main.o

.comment        0x00000000       0x70
 .comment       0x00000000       0x70 build/obj/crt0.o
                                 0x71 (size before relaxing)
 .comment       0x00000000       0x71 build/obj/vectors.o
 .comment       0x00000000       0x71 build/obj/chcore_v7m.o
 .comment       0x00000000       0x71 build/obj/chsys.o
 .comment       0x00000000       0x71 build/obj/chdebug.o
 .comment       0x00000000       0x71 build/obj/chtm.o
 .comment       0x00000000       0x71 build/obj/chstats.o
 .comment       0x00000000       0x71 build/obj/chschd.o
 .comment       0x00000000       0x71 build/obj/chvt.o
 .comment       0x00000000       0x71 build/obj/chthreads.o
 .comment       0x00000000       0x71 build/obj/chregistry.o
 .comment       0x00000000       0x71 build/obj/chmtx.o
 .comment       0x00000000       0x71 build/obj/chevents.o
 .comment       0x00000000       0x71 build/obj/chqueues.o
 .comment       0x00000000       0x71 build/obj/chmemcore.o
 .comment       0x00000000       0x71 build/obj/chheap.o
 .comment       0x00000000       0x71 build/obj/hal.o
 .comment       0x00000000       0x71 build/obj/serial.o
 .comment       0x00000000       0x71 build/obj/st.o
 .comment       0x00000000       0x71 build/obj/uart.o
 .comment       0x00000000       0x71 build/obj/nvic.o
 .comment       0x00000000       0x71 build/obj/stm32_dma.o
 .comment       0x00000000       0x71 build/obj/hal_lld.o
 .comment       0x00000000       0x71 build/obj/pal_lld.o
 .comment       0x00000000       0x71 build/obj/st_lld.o
 .comment       0x00000000       0x71 build/obj/serial_lld.o
 .comment       0x00000000       0x71 build/obj/uart_lld.o
 .comment       0x00000000       0x71 build/obj/board.o
 .comment       0x00000000       0x71 build/obj/chprintf.o
 .comment       0x00000000       0x71 build/obj/ITM_trace.o
 .comment       0x00000000       0x71 build/obj/queue.o
 .comment       0x00000000       0x71 build/obj/main.o

.debug_info     0x00000000    0x1da38
 .debug_info    0x00000000      0x2b2 build/obj/crt0.o
 .debug_info    0x000002b2      0x1e7 build/obj/vectors.o
 .debug_info    0x00000499      0xb88 build/obj/chcore_v7m.o
 .debug_info    0x00001021     0x1b45 build/obj/chsys.o
 .debug_info    0x00002b66      0xc35 build/obj/chdebug.o
 .debug_info    0x0000379b      0xa8c build/obj/chtm.o
 .debug_info    0x00004227      0x8c1 build/obj/chstats.o
 .debug_info    0x00004ae8     0x110a build/obj/chschd.o
 .debug_info    0x00005bf2      0xb4a build/obj/chvt.o
 .debug_info    0x0000673c     0x21f2 build/obj/chthreads.o
 .debug_info    0x0000892e      0xb78 build/obj/chregistry.o
 .debug_info    0x000094a6     0x13e7 build/obj/chmtx.o
 .debug_info    0x0000a88d     0x1b7e build/obj/chevents.o
 .debug_info    0x0000c40b     0x14db build/obj/chqueues.o
 .debug_info    0x0000d8e6      0x9e0 build/obj/chmemcore.o
 .debug_info    0x0000e2c6      0xb4d build/obj/chheap.o
 .debug_info    0x0000ee13      0xb90 build/obj/hal.o
 .debug_info    0x0000f9a3     0x17b6 build/obj/serial.o
 .debug_info    0x00011159      0xaca build/obj/st.o
 .debug_info    0x00011c23     0x181f build/obj/uart.o
 .debug_info    0x00013442      0xb04 build/obj/nvic.o
 .debug_info    0x00013f46     0x133f build/obj/stm32_dma.o
 .debug_info    0x00015285      0xa09 build/obj/hal_lld.o
 .debug_info    0x00015c8e      0xd9f build/obj/pal_lld.o
 .debug_info    0x00016a2d      0xc74 build/obj/st_lld.o
 .debug_info    0x000176a1     0x16bb build/obj/serial_lld.o
 .debug_info    0x00018d5c     0x12dd build/obj/uart_lld.o
 .debug_info    0x0001a039      0x8ad build/obj/board.o
 .debug_info    0x0001a8e6      0xd18 build/obj/chprintf.o
 .debug_info    0x0001b5fe      0x9db build/obj/ITM_trace.o
 .debug_info    0x0001bfd9      0xaf2 build/obj/queue.o
 .debug_info    0x0001cacb      0xf6d build/obj/main.o

.debug_abbrev   0x00000000     0x5e95
 .debug_abbrev  0x00000000       0xe5 build/obj/crt0.o
 .debug_abbrev  0x000000e5       0xc7 build/obj/vectors.o
 .debug_abbrev  0x000001ac      0x262 build/obj/chcore_v7m.o
 .debug_abbrev  0x0000040e      0x50f build/obj/chsys.o
 .debug_abbrev  0x0000091d      0x2a0 build/obj/chdebug.o
 .debug_abbrev  0x00000bbd      0x2af build/obj/chtm.o
 .debug_abbrev  0x00000e6c      0x1fb build/obj/chstats.o
 .debug_abbrev  0x00001067      0x41d build/obj/chschd.o
 .debug_abbrev  0x00001484      0x2ec build/obj/chvt.o
 .debug_abbrev  0x00001770      0x4f0 build/obj/chthreads.o
 .debug_abbrev  0x00001c60      0x2ec build/obj/chregistry.o
 .debug_abbrev  0x00001f4c      0x41a build/obj/chmtx.o
 .debug_abbrev  0x00002366      0x3e2 build/obj/chevents.o
 .debug_abbrev  0x00002748      0x431 build/obj/chqueues.o
 .debug_abbrev  0x00002b79      0x2ef build/obj/chmemcore.o
 .debug_abbrev  0x00002e68      0x2bf build/obj/chheap.o
 .debug_abbrev  0x00003127      0x2ad build/obj/hal.o
 .debug_abbrev  0x000033d4      0x3df build/obj/serial.o
 .debug_abbrev  0x000037b3      0x28a build/obj/st.o
 .debug_abbrev  0x00003a3d      0x3b6 build/obj/uart.o
 .debug_abbrev  0x00003df3      0x1fe build/obj/nvic.o
 .debug_abbrev  0x00003ff1      0x2e7 build/obj/stm32_dma.o
 .debug_abbrev  0x000042d8      0x1ea build/obj/hal_lld.o
 .debug_abbrev  0x000044c2      0x244 build/obj/pal_lld.o
 .debug_abbrev  0x00004706      0x262 build/obj/st_lld.o
 .debug_abbrev  0x00004968      0x3f7 build/obj/serial_lld.o
 .debug_abbrev  0x00004d5f      0x3dd build/obj/uart_lld.o
 .debug_abbrev  0x0000513c      0x1c3 build/obj/board.o
 .debug_abbrev  0x000052ff      0x33f build/obj/chprintf.o
 .debug_abbrev  0x0000563e      0x26b build/obj/ITM_trace.o
 .debug_abbrev  0x000058a9      0x29a build/obj/queue.o
 .debug_abbrev  0x00005b43      0x352 build/obj/main.o

.debug_loc      0x00000000     0x53f3
 .debug_loc     0x00000000       0xba build/obj/crt0.o
 .debug_loc     0x000000ba       0xc1 build/obj/chcore_v7m.o
 .debug_loc     0x0000017b      0x2ac build/obj/chsys.o
 .debug_loc     0x00000427       0xb7 build/obj/chtm.o
 .debug_loc     0x000004de       0x6c build/obj/chstats.o
 .debug_loc     0x0000054a      0x2f8 build/obj/chschd.o
 .debug_loc     0x00000842      0x1ac build/obj/chvt.o
 .debug_loc     0x000009ee      0xba8 build/obj/chthreads.o
 .debug_loc     0x00001596       0x6f build/obj/chregistry.o
 .debug_loc     0x00001605      0x581 build/obj/chmtx.o
 .debug_loc     0x00001b86      0x8c3 build/obj/chevents.o
 .debug_loc     0x00002449      0x7df build/obj/chqueues.o
 .debug_loc     0x00002c28       0xc3 build/obj/chmemcore.o
 .debug_loc     0x00002ceb      0x3cf build/obj/chheap.o
 .debug_loc     0x000030ba       0x21 build/obj/hal.o
 .debug_loc     0x000030db      0x692 build/obj/serial.o
 .debug_loc     0x0000376d       0x96 build/obj/st.o
 .debug_loc     0x00003803      0x49e build/obj/uart.o
 .debug_loc     0x00003ca1       0xd2 build/obj/nvic.o
 .debug_loc     0x00003d73      0x277 build/obj/stm32_dma.o
 .debug_loc     0x00003fea      0x129 build/obj/pal_lld.o
 .debug_loc     0x00004113      0x3e9 build/obj/serial_lld.o
 .debug_loc     0x000044fc      0x283 build/obj/uart_lld.o
 .debug_loc     0x0000477f      0x909 build/obj/chprintf.o
 .debug_loc     0x00005088      0x170 build/obj/ITM_trace.o
 .debug_loc     0x000051f8       0xb8 build/obj/queue.o
 .debug_loc     0x000052b0      0x143 build/obj/main.o

.debug_aranges  0x00000000      0x9d8
 .debug_aranges
                0x00000000       0x38 build/obj/crt0.o
 .debug_aranges
                0x00000038       0x20 build/obj/vectors.o
 .debug_aranges
                0x00000058       0x28 build/obj/chcore_v7m.o
 .debug_aranges
                0x00000080       0x58 build/obj/chsys.o
 .debug_aranges
                0x000000d8       0x80 build/obj/chdebug.o
 .debug_aranges
                0x00000158       0x40 build/obj/chtm.o
 .debug_aranges
                0x00000198       0x50 build/obj/chstats.o
 .debug_aranges
                0x000001e8       0x70 build/obj/chschd.o
 .debug_aranges
                0x00000258       0x30 build/obj/chvt.o
 .debug_aranges
                0x00000288       0xc8 build/obj/chthreads.o
 .debug_aranges
                0x00000350       0x28 build/obj/chregistry.o
 .debug_aranges
                0x00000378       0x58 build/obj/chmtx.o
 .debug_aranges
                0x000003d0       0xa0 build/obj/chevents.o
 .debug_aranges
                0x00000470       0x68 build/obj/chqueues.o
 .debug_aranges
                0x000004d8       0x38 build/obj/chmemcore.o
 .debug_aranges
                0x00000510       0x40 build/obj/chheap.o
 .debug_aranges
                0x00000550       0x28 build/obj/hal.o
 .debug_aranges
                0x00000578       0x88 build/obj/serial.o
 .debug_aranges
                0x00000600       0x40 build/obj/st.o
 .debug_aranges
                0x00000640       0x78 build/obj/uart.o
 .debug_aranges
                0x000006b8       0x30 build/obj/nvic.o
 .debug_aranges
                0x000006e8       0xb0 build/obj/stm32_dma.o
 .debug_aranges
                0x00000798       0x28 build/obj/hal_lld.o
 .debug_aranges
                0x000007c0       0x28 build/obj/pal_lld.o
 .debug_aranges
                0x000007e8       0x28 build/obj/st_lld.o
 .debug_aranges
                0x00000810       0x40 build/obj/serial_lld.o
 .debug_aranges
                0x00000850       0x58 build/obj/uart_lld.o
 .debug_aranges
                0x000008a8       0x28 build/obj/board.o
 .debug_aranges
                0x000008d0       0x30 build/obj/chprintf.o
 .debug_aranges
                0x00000900       0x40 build/obj/ITM_trace.o
 .debug_aranges
                0x00000940       0x40 build/obj/queue.o
 .debug_aranges
                0x00000980       0x58 build/obj/main.o

.debug_ranges   0x00000000     0x1628
 .debug_ranges  0x00000000       0x58 build/obj/crt0.o
 .debug_ranges  0x00000058       0x10 build/obj/vectors.o
 .debug_ranges  0x00000068       0x18 build/obj/chcore_v7m.o
 .debug_ranges  0x00000080      0x1a0 build/obj/chsys.o
 .debug_ranges  0x00000220       0x88 build/obj/chdebug.o
 .debug_ranges  0x000002a8       0xc0 build/obj/chtm.o
 .debug_ranges  0x00000368       0x40 build/obj/chstats.o
 .debug_ranges  0x000003a8      0x178 build/obj/chschd.o
 .debug_ranges  0x00000520       0xa0 build/obj/chvt.o
 .debug_ranges  0x000005c0      0x358 build/obj/chthreads.o
 .debug_ranges  0x00000918       0x68 build/obj/chregistry.o
 .debug_ranges  0x00000980      0x1f0 build/obj/chmtx.o
 .debug_ranges  0x00000b70      0x1c8 build/obj/chevents.o
 .debug_ranges  0x00000d38      0x1e0 build/obj/chqueues.o
 .debug_ranges  0x00000f18       0x58 build/obj/chmemcore.o
 .debug_ranges  0x00000f70       0x30 build/obj/chheap.o
 .debug_ranges  0x00000fa0       0x18 build/obj/hal.o
 .debug_ranges  0x00000fb8       0x90 build/obj/serial.o
 .debug_ranges  0x00001048       0x60 build/obj/st.o
 .debug_ranges  0x000010a8       0x68 build/obj/uart.o
 .debug_ranges  0x00001110       0x20 build/obj/nvic.o
 .debug_ranges  0x00001130       0xa0 build/obj/stm32_dma.o
 .debug_ranges  0x000011d0       0x38 build/obj/hal_lld.o
 .debug_ranges  0x00001208      0x120 build/obj/pal_lld.o
 .debug_ranges  0x00001328       0x18 build/obj/st_lld.o
 .debug_ranges  0x00001340       0xd0 build/obj/serial_lld.o
 .debug_ranges  0x00001410      0x108 build/obj/uart_lld.o
 .debug_ranges  0x00001518       0x18 build/obj/board.o
 .debug_ranges  0x00001530       0x38 build/obj/chprintf.o
 .debug_ranges  0x00001568       0x30 build/obj/ITM_trace.o
 .debug_ranges  0x00001598       0x30 build/obj/queue.o
 .debug_ranges  0x000015c8       0x60 build/obj/main.o

.debug_line     0x00000000     0x7c71
 .debug_line    0x00000000      0x18c build/obj/crt0.o
 .debug_line    0x0000018c      0x153 build/obj/vectors.o
 .debug_line    0x000002df      0x25d build/obj/chcore_v7m.o
 .debug_line    0x0000053c      0x5c4 build/obj/chsys.o
 .debug_line    0x00000b00      0x3ee build/obj/chdebug.o
 .debug_line    0x00000eee      0x2dd build/obj/chtm.o
 .debug_line    0x000011cb      0x278 build/obj/chstats.o
 .debug_line    0x00001443      0x53d build/obj/chschd.o
 .debug_line    0x00001980      0x357 build/obj/chvt.o
 .debug_line    0x00001cd7      0x82d build/obj/chthreads.o
 .debug_line    0x00002504      0x32d build/obj/chregistry.o
 .debug_line    0x00002831      0x54f build/obj/chmtx.o
 .debug_line    0x00002d80      0x656 build/obj/chevents.o
 .debug_line    0x000033d6      0x559 build/obj/chqueues.o
 .debug_line    0x0000392f      0x2fa build/obj/chmemcore.o
 .debug_line    0x00003c29      0x390 build/obj/chheap.o
 .debug_line    0x00003fb9      0x3e6 build/obj/hal.o
 .debug_line    0x0000439f      0x4f6 build/obj/serial.o
 .debug_line    0x00004895      0x2ff build/obj/st.o
 .debug_line    0x00004b94      0x5cd build/obj/uart.o
 .debug_line    0x00005161      0x259 build/obj/nvic.o
 .debug_line    0x000053ba      0x543 build/obj/stm32_dma.o
 .debug_line    0x000058fd      0x2c9 build/obj/hal_lld.o
 .debug_line    0x00005bc6      0x2e7 build/obj/pal_lld.o
 .debug_line    0x00005ead      0x317 build/obj/st_lld.o
 .debug_line    0x000061c4      0x4d2 build/obj/serial_lld.o
 .debug_line    0x00006696      0x4fe build/obj/uart_lld.o
 .debug_line    0x00006b94      0x2f6 build/obj/board.o
 .debug_line    0x00006e8a      0x3d2 build/obj/chprintf.o
 .debug_line    0x0000725c      0x2af build/obj/ITM_trace.o
 .debug_line    0x0000750b      0x332 build/obj/queue.o
 .debug_line    0x0000783d      0x434 build/obj/main.o

.debug_str      0x00000000     0x2de4
 .debug_str     0x00000000      0x2d8 build/obj/crt0.o
                                0x31d (size before relaxing)
 .debug_str     0x000002d8      0x167 build/obj/vectors.o
                                0x34e (size before relaxing)
 .debug_str     0x0000043f      0x539 build/obj/chcore_v7m.o
                                0x769 (size before relaxing)
 .debug_str     0x00000978      0xb8c build/obj/chsys.o
                               0x1286 (size before relaxing)
 .debug_str     0x00001504       0x89 build/obj/chdebug.o
                                0x7ee (size before relaxing)
 .debug_str     0x0000158d       0x7e build/obj/chtm.o
                                0x761 (size before relaxing)
 .debug_str     0x0000160b       0x3f build/obj/chstats.o
                                0x71d (size before relaxing)
 .debug_str     0x0000164a      0x15b build/obj/chschd.o
                                0x8fe (size before relaxing)
 .debug_str     0x000017a5       0x4b build/obj/chvt.o
                                0x744 (size before relaxing)
 .debug_str     0x000017f0      0x22b build/obj/chthreads.o
                                0xa8a (size before relaxing)
 .debug_str     0x00001a1b       0x41 build/obj/chregistry.o
                                0x812 (size before relaxing)
 .debug_str     0x00001a5c       0xa9 build/obj/chmtx.o
                                0x7f4 (size before relaxing)
 .debug_str     0x00001b05      0x1f0 build/obj/chevents.o
                                0x914 (size before relaxing)
 .debug_str     0x00001cf5      0x172 build/obj/chqueues.o
                                0x89c (size before relaxing)
 .debug_str     0x00001e67       0x73 build/obj/chmemcore.o
                                0x755 (size before relaxing)
 .debug_str     0x00001eda       0xb5 build/obj/chheap.o
                                0x71f (size before relaxing)
 .debug_str     0x00001f8f      0x18f build/obj/hal.o
                                0x7b3 (size before relaxing)
 .debug_str     0x0000211e      0x18f build/obj/serial.o
                                0xa65 (size before relaxing)
 .debug_str     0x000022ad       0x8e build/obj/st.o
                                0x71d (size before relaxing)
 .debug_str     0x0000233b      0x28b build/obj/uart.o
                                0x9c6 (size before relaxing)
 .debug_str     0x000025c6       0x6b build/obj/nvic.o
                                0x752 (size before relaxing)
 .debug_str     0x00002631      0x296 build/obj/stm32_dma.o
                                0xe82 (size before relaxing)
 .debug_str     0x000028c7       0x8b build/obj/hal_lld.o
                                0x7b1 (size before relaxing)
 .debug_str     0x00002952       0xc7 build/obj/pal_lld.o
                                0x88c (size before relaxing)
 .debug_str     0x00002a19       0x74 build/obj/st_lld.o
                                0x922 (size before relaxing)
 .debug_str     0x00002a8d       0x78 build/obj/serial_lld.o
                                0xb7d (size before relaxing)
 .debug_str     0x00002b05       0x7b build/obj/uart_lld.o
                                0xb22 (size before relaxing)
 .debug_str     0x00002b80       0x34 build/obj/board.o
                                0x707 (size before relaxing)
 .debug_str     0x00002bb4       0xd7 build/obj/chprintf.o
                                0x76a (size before relaxing)
 .debug_str     0x00002c8b       0x45 build/obj/ITM_trace.o
                                0x67e (size before relaxing)
 .debug_str     0x00002cd0       0x5c build/obj/queue.o
                                0x70e (size before relaxing)
 .debug_str     0x00002d2c       0xb8 build/obj/main.o
                                0x857 (size before relaxing)

.debug_frame    0x00000000     0x1d40
 .debug_frame   0x00000000       0x50 build/obj/crt0.o
 .debug_frame   0x00000050       0x20 build/obj/vectors.o
 .debug_frame   0x00000070       0x3c build/obj/chcore_v7m.o
 .debug_frame   0x000000ac      0x13c build/obj/chsys.o
 .debug_frame   0x000001e8      0x134 build/obj/chdebug.o
 .debug_frame   0x0000031c       0xc8 build/obj/chtm.o
 .debug_frame   0x000003e4       0x9c build/obj/chstats.o
 .debug_frame   0x00000480      0x194 build/obj/chschd.o
 .debug_frame   0x00000614       0x90 build/obj/chvt.o
 .debug_frame   0x000006a4      0x324 build/obj/chthreads.o
 .debug_frame   0x000009c8       0x50 build/obj/chregistry.o
 .debug_frame   0x00000a18      0x138 build/obj/chmtx.o
 .debug_frame   0x00000b50      0x260 build/obj/chevents.o
 .debug_frame   0x00000db0      0x190 build/obj/chqueues.o
 .debug_frame   0x00000f40       0x68 build/obj/chmemcore.o
 .debug_frame   0x00000fa8       0xe0 build/obj/chheap.o
 .debug_frame   0x00001088       0x74 build/obj/hal.o
 .debug_frame   0x000010fc      0x154 build/obj/serial.o
 .debug_frame   0x00001250       0x84 build/obj/st.o
 .debug_frame   0x000012d4      0x164 build/obj/uart.o
 .debug_frame   0x00001438       0x68 build/obj/nvic.o
 .debug_frame   0x000014a0      0x284 build/obj/stm32_dma.o
 .debug_frame   0x00001724       0x3c build/obj/hal_lld.o
 .debug_frame   0x00001760       0x70 build/obj/pal_lld.o
 .debug_frame   0x000017d0       0x58 build/obj/st_lld.o
 .debug_frame   0x00001828       0xb8 build/obj/serial_lld.o
 .debug_frame   0x000018e0      0x118 build/obj/uart_lld.o
 .debug_frame   0x000019f8       0x30 build/obj/board.o
 .debug_frame   0x00001a28       0xc8 build/obj/chprintf.o
 .debug_frame   0x00001af0       0x7c build/obj/ITM_trace.o
 .debug_frame   0x00001b6c       0xdc build/obj/queue.o
 .debug_frame   0x00001c48       0xf8 build/obj/main.o

Cross Reference Table

Symbol                                            File
BusFault_Handler                                  build/obj/vectors.o
De_queue                                          build/obj/queue.o
                                                  build/obj/main.o
DebugMon_Handler                                  build/obj/vectors.o
Debug_ITMDebugEnable                              build/obj/main.o
Debug_ITMDebugOutputChar                          build/obj/main.o
                                                  build/obj/ITM_trace.o
Debug_ITMDebugOutputString                        build/obj/main.o
Empty_queue                                       build/obj/queue.o
En_queue                                          build/obj/queue.o
                                                  build/obj/main.o
Fill_queue                                        build/obj/queue.o
HardFault_Handler                                 build/obj/vectors.o
MemManage_Handler                                 build/obj/vectors.o
NMI_Handler                                       build/obj/vectors.o
PendSV_Handler                                    build/obj/vectors.o
Queue                                             build/obj/queue.o
Rdpos                                             build/obj/queue.o
ReadPos                                           build/obj/queue.o
Reset_Handler                                     build/obj/crt0.o
SD2                                               build/obj/serial_lld.o
SVC_Handler                                       build/obj/chcore_v7m.o
                                                  build/obj/vectors.o
SysTick_Handler                                   build/obj/vectors.o
TestThread                                        build/obj/test.o
UARTD3                                            build/obj/uart_lld.o
UsageFault_Handler                                build/obj/vectors.o
Vector100                                         build/obj/vectors.o
Vector104                                         build/obj/vectors.o
Vector108                                         build/obj/vectors.o
Vector10C                                         build/obj/vectors.o
Vector110                                         build/obj/vectors.o
Vector114                                         build/obj/vectors.o
Vector118                                         build/obj/vectors.o
Vector11C                                         build/obj/vectors.o
Vector120                                         build/obj/stm32_dma.o
                                                  build/obj/vectors.o
Vector124                                         build/obj/stm32_dma.o
                                                  build/obj/vectors.o
Vector128                                         build/obj/stm32_dma.o
                                                  build/obj/vectors.o
Vector12C                                         build/obj/stm32_dma.o
                                                  build/obj/vectors.o
Vector130                                         build/obj/stm32_dma.o
                                                  build/obj/vectors.o
Vector134                                         build/obj/vectors.o
Vector138                                         build/obj/vectors.o
Vector13C                                         build/obj/vectors.o
Vector140                                         build/obj/vectors.o
Vector144                                         build/obj/vectors.o
Vector148                                         build/obj/vectors.o
Vector14C                                         build/obj/vectors.o
Vector150                                         build/obj/stm32_dma.o
                                                  build/obj/vectors.o
Vector154                                         build/obj/stm32_dma.o
                                                  build/obj/vectors.o
Vector158                                         build/obj/stm32_dma.o
                                                  build/obj/vectors.o
Vector15C                                         build/obj/vectors.o
Vector160                                         build/obj/vectors.o
Vector164                                         build/obj/vectors.o
Vector168                                         build/obj/vectors.o
Vector16C                                         build/obj/vectors.o
Vector170                                         build/obj/vectors.o
Vector174                                         build/obj/vectors.o
Vector178                                         build/obj/vectors.o
Vector17C                                         build/obj/vectors.o
Vector180                                         build/obj/vectors.o
Vector184                                         build/obj/vectors.o
Vector188                                         build/obj/vectors.o
Vector18C                                         build/obj/vectors.o
Vector190                                         build/obj/vectors.o
Vector194                                         build/obj/vectors.o
Vector198                                         build/obj/vectors.o
Vector19C                                         build/obj/vectors.o
Vector1A0                                         build/obj/vectors.o
Vector1A4                                         build/obj/vectors.o
Vector1A8                                         build/obj/vectors.o
Vector1AC                                         build/obj/vectors.o
Vector1B0                                         build/obj/vectors.o
Vector1B4                                         build/obj/vectors.o
Vector1B8                                         build/obj/vectors.o
Vector1BC                                         build/obj/vectors.o
Vector1C                                          build/obj/vectors.o
Vector20                                          build/obj/vectors.o
Vector24                                          build/obj/vectors.o
Vector28                                          build/obj/vectors.o
Vector34                                          build/obj/vectors.o
Vector40                                          build/obj/vectors.o
Vector44                                          build/obj/vectors.o
Vector48                                          build/obj/vectors.o
Vector4C                                          build/obj/vectors.o
Vector50                                          build/obj/vectors.o
Vector54                                          build/obj/vectors.o
Vector58                                          build/obj/vectors.o
Vector5C                                          build/obj/vectors.o
Vector60                                          build/obj/vectors.o
Vector64                                          build/obj/vectors.o
Vector68                                          build/obj/vectors.o
Vector6C                                          build/obj/stm32_dma.o
                                                  build/obj/vectors.o
Vector70                                          build/obj/stm32_dma.o
                                                  build/obj/vectors.o
Vector74                                          build/obj/stm32_dma.o
                                                  build/obj/vectors.o
Vector78                                          build/obj/stm32_dma.o
                                                  build/obj/vectors.o
Vector7C                                          build/obj/stm32_dma.o
                                                  build/obj/vectors.o
Vector80                                          build/obj/stm32_dma.o
                                                  build/obj/vectors.o
Vector84                                          build/obj/stm32_dma.o
                                                  build/obj/vectors.o
Vector88                                          build/obj/vectors.o
Vector8C                                          build/obj/vectors.o
Vector90                                          build/obj/vectors.o
Vector94                                          build/obj/vectors.o
Vector98                                          build/obj/vectors.o
Vector9C                                          build/obj/vectors.o
VectorA0                                          build/obj/vectors.o
VectorA4                                          build/obj/vectors.o
VectorA8                                          build/obj/vectors.o
VectorAC                                          build/obj/vectors.o
VectorB0                                          build/obj/st_lld.o
                                                  build/obj/vectors.o
VectorB4                                          build/obj/vectors.o
VectorB8                                          build/obj/vectors.o
VectorBC                                          build/obj/vectors.o
VectorC0                                          build/obj/vectors.o
VectorC4                                          build/obj/vectors.o
VectorC8                                          build/obj/vectors.o
VectorCC                                          build/obj/vectors.o
VectorD0                                          build/obj/vectors.o
VectorD4                                          build/obj/vectors.o
VectorD8                                          build/obj/serial_lld.o
                                                  build/obj/vectors.o
VectorDC                                          build/obj/uart_lld.o
                                                  build/obj/vectors.o
VectorE0                                          build/obj/vectors.o
VectorE4                                          build/obj/vectors.o
VectorE8                                          build/obj/vectors.o
VectorEC                                          build/obj/vectors.o
VectorF0                                          build/obj/vectors.o
VectorF4                                          build/obj/vectors.o
VectorF8                                          build/obj/vectors.o
VectorFC                                          build/obj/stm32_dma.o
                                                  build/obj/vectors.o
WritePos                                          build/obj/queue.o
Wrpos                                             build/obj/queue.o
__early_init                                      build/obj/board.o
                                                  build/obj/crt0.o
__fini_array_end                                  build/obj/crt0.o
__fini_array_start                                build/obj/crt0.o
__heap_base__                                     build/obj/chmemcore.o
__heap_end__                                      build/obj/chmemcore.o
__init_array_end                                  build/obj/crt0.o
__init_array_start                                build/obj/crt0.o
__late_init                                       build/obj/crt0.o
__main_stack_base__                               build/obj/crt0.o
__main_stack_end__                                build/obj/vectors.o
                                                  build/obj/crt0.o
__main_thread_stack_base__                        build/obj/chsys.o
__malloc_av_                                      c:/program files/gnu tools arm embedded/4.9 2014q4/bin/../lib/gcc/arm-none-eabi/4.9.3/../../../../arm-none-eabi/lib/armv7e-m\libg.a(lib_a-mallocr.o)
                                                  c:/program files/gnu tools arm embedded/4.9 2014q4/bin/../lib/gcc/arm-none-eabi/4.9.3/../../../../arm-none-eabi/lib/armv7e-m\libg.a(lib_a-freer.o)
__malloc_current_mallinfo                         c:/program files/gnu tools arm embedded/4.9 2014q4/bin/../lib/gcc/arm-none-eabi/4.9.3/../../../../arm-none-eabi/lib/armv7e-m\libg.a(lib_a-mallocr.o)
                                                  c:/program files/gnu tools arm embedded/4.9 2014q4/bin/../lib/gcc/arm-none-eabi/4.9.3/../../../../arm-none-eabi/lib/armv7e-m\libg.a(lib_a-freer.o)
__malloc_lock                                     c:/program files/gnu tools arm embedded/4.9 2014q4/bin/../lib/gcc/arm-none-eabi/4.9.3/../../../../arm-none-eabi/lib/armv7e-m\libg.a(lib_a-mlock.o)
                                                  c:/program files/gnu tools arm embedded/4.9 2014q4/bin/../lib/gcc/arm-none-eabi/4.9.3/../../../../arm-none-eabi/lib/armv7e-m\libg.a(lib_a-freer.o)
                                                  c:/program files/gnu tools arm embedded/4.9 2014q4/bin/../lib/gcc/arm-none-eabi/4.9.3/../../../../arm-none-eabi/lib/armv7e-m\libg.a(lib_a-mallocr.o)
__malloc_max_sbrked_mem                           c:/program files/gnu tools arm embedded/4.9 2014q4/bin/../lib/gcc/arm-none-eabi/4.9.3/../../../../arm-none-eabi/lib/armv7e-m\libg.a(lib_a-mallocr.o)
__malloc_max_total_mem                            c:/program files/gnu tools arm embedded/4.9 2014q4/bin/../lib/gcc/arm-none-eabi/4.9.3/../../../../arm-none-eabi/lib/armv7e-m\libg.a(lib_a-mallocr.o)
__malloc_sbrk_base                                c:/program files/gnu tools arm embedded/4.9 2014q4/bin/../lib/gcc/arm-none-eabi/4.9.3/../../../../arm-none-eabi/lib/armv7e-m\libg.a(lib_a-mallocr.o)
                                                  c:/program files/gnu tools arm embedded/4.9 2014q4/bin/../lib/gcc/arm-none-eabi/4.9.3/../../../../arm-none-eabi/lib/armv7e-m\libg.a(lib_a-freer.o)
__malloc_top_pad                                  c:/program files/gnu tools arm embedded/4.9 2014q4/bin/../lib/gcc/arm-none-eabi/4.9.3/../../../../arm-none-eabi/lib/armv7e-m\libg.a(lib_a-mallocr.o)
                                                  c:/program files/gnu tools arm embedded/4.9 2014q4/bin/../lib/gcc/arm-none-eabi/4.9.3/../../../../arm-none-eabi/lib/armv7e-m\libg.a(lib_a-freer.o)
__malloc_trim_threshold                           c:/program files/gnu tools arm embedded/4.9 2014q4/bin/../lib/gcc/arm-none-eabi/4.9.3/../../../../arm-none-eabi/lib/armv7e-m\libg.a(lib_a-mallocr.o)
                                                  c:/program files/gnu tools arm embedded/4.9 2014q4/bin/../lib/gcc/arm-none-eabi/4.9.3/../../../../arm-none-eabi/lib/armv7e-m\libg.a(lib_a-freer.o)
__malloc_unlock                                   c:/program files/gnu tools arm embedded/4.9 2014q4/bin/../lib/gcc/arm-none-eabi/4.9.3/../../../../arm-none-eabi/lib/armv7e-m\libg.a(lib_a-mlock.o)
                                                  c:/program files/gnu tools arm embedded/4.9 2014q4/bin/../lib/gcc/arm-none-eabi/4.9.3/../../../../arm-none-eabi/lib/armv7e-m\libg.a(lib_a-freer.o)
                                                  c:/program files/gnu tools arm embedded/4.9 2014q4/bin/../lib/gcc/arm-none-eabi/4.9.3/../../../../arm-none-eabi/lib/armv7e-m\libg.a(lib_a-mallocr.o)
__process_stack_base__                            build/obj/crt0.o
__process_stack_end__                             build/obj/crt0.o
_bss_end                                          build/obj/crt0.o
_bss_start                                        build/obj/crt0.o
_calloc_r                                         c:/program files/gnu tools arm embedded/4.9 2014q4/bin/../lib/gcc/arm-none-eabi/4.9.3/../../../../arm-none-eabi/lib/armv7e-m\libg.a(lib_a-callocr.o)
                                                  c:/program files/gnu tools arm embedded/4.9 2014q4/bin/../lib/gcc/arm-none-eabi/4.9.3/../../../../arm-none-eabi/lib/armv7e-m\libg.a(lib_a-calloc.o)
_close_r                                          build/obj/syscalls.o
_core_init                                        build/obj/chmemcore.o
                                                  build/obj/chsys.o
_data                                             build/obj/crt0.o
_dbg_check_disable                                build/obj/chdebug.o
_dbg_check_enable                                 build/obj/chdebug.o
                                                  build/obj/chsys.o
_dbg_check_enter_isr                              build/obj/chdebug.o
                                                  build/obj/uart_lld.o
                                                  build/obj/serial_lld.o
                                                  build/obj/st_lld.o
                                                  build/obj/stm32_dma.o
_dbg_check_leave_isr                              build/obj/chdebug.o
                                                  build/obj/uart_lld.o
                                                  build/obj/serial_lld.o
                                                  build/obj/st_lld.o
                                                  build/obj/stm32_dma.o
_dbg_check_lock                                   build/obj/chdebug.o
                                                  build/obj/uart_lld.o
                                                  build/obj/uart.o
                                                  build/obj/serial.o
                                                  build/obj/testbmk.o
                                                  build/obj/testqueues.o
                                                  build/obj/testevt.o
                                                  build/obj/testmbox.o
                                                  build/obj/testmtx.o
                                                  build/obj/testsem.o
                                                  build/obj/testthd.o
                                                  build/obj/test.o
                                                  build/obj/chmempools.o
                                                  build/obj/chmemcore.o
                                                  build/obj/chqueues.o
                                                  build/obj/chmboxes.o
                                                  build/obj/chmsg.o
                                                  build/obj/chevents.o
                                                  build/obj/chcond.o
                                                  build/obj/chmtx.o
                                                  build/obj/chsem.o
                                                  build/obj/chregistry.o
                                                  build/obj/chdynamic.o
                                                  build/obj/chthreads.o
                                                  build/obj/chsys.o
                                                  build/obj/chcoreasm_v7m.o
_dbg_check_lock_from_isr                          build/obj/chdebug.o
                                                  build/obj/serial_lld.o
                                                  build/obj/st_lld.o
                                                  build/obj/chschd.o
                                                  build/obj/chsys.o
_dbg_check_suspend                                build/obj/chdebug.o
_dbg_check_unlock                                 build/obj/chdebug.o
                                                  build/obj/uart_lld.o
                                                  build/obj/uart.o
                                                  build/obj/serial.o
                                                  build/obj/testbmk.o
                                                  build/obj/testqueues.o
                                                  build/obj/testevt.o
                                                  build/obj/testmbox.o
                                                  build/obj/testmtx.o
                                                  build/obj/testsem.o
                                                  build/obj/testthd.o
                                                  build/obj/test.o
                                                  build/obj/chmempools.o
                                                  build/obj/chmemcore.o
                                                  build/obj/chqueues.o
                                                  build/obj/chmboxes.o
                                                  build/obj/chmsg.o
                                                  build/obj/chevents.o
                                                  build/obj/chcond.o
                                                  build/obj/chmtx.o
                                                  build/obj/chsem.o
                                                  build/obj/chregistry.o
                                                  build/obj/chdynamic.o
                                                  build/obj/chthreads.o
                                                  build/obj/chsys.o
                                                  build/obj/chcoreasm_v7m.o
_dbg_check_unlock_from_isr                        build/obj/chdebug.o
                                                  build/obj/serial_lld.o
                                                  build/obj/st_lld.o
                                                  build/obj/chschd.o
                                                  build/obj/chsys.o
_dbg_trace                                        build/obj/chdebug.o
                                                  build/obj/chschd.o
_dbg_trace_init                                   build/obj/chdebug.o
                                                  build/obj/chsys.o
_default_exit                                     build/obj/crt0.o
_edata                                            build/obj/crt0.o
_free_r                                           c:/program files/gnu tools arm embedded/4.9 2014q4/bin/../lib/gcc/arm-none-eabi/4.9.3/../../../../arm-none-eabi/lib/armv7e-m\libg.a(lib_a-freer.o)
                                                  c:/program files/gnu tools arm embedded/4.9 2014q4/bin/../lib/gcc/arm-none-eabi/4.9.3/../../../../arm-none-eabi/lib/armv7e-m\libg.a(lib_a-mallocr.o)
                                                  c:/program files/gnu tools arm embedded/4.9 2014q4/bin/../lib/gcc/arm-none-eabi/4.9.3/../../../../arm-none-eabi/lib/armv7e-m\libg.a(lib_a-malloc.o)
_fstat_r                                          build/obj/syscalls.o
_global_impure_ptr                                c:/program files/gnu tools arm embedded/4.9 2014q4/bin/../lib/gcc/arm-none-eabi/4.9.3/../../../../arm-none-eabi/lib/armv7e-m\libg.a(lib_a-impure.o)
_heap_init                                        build/obj/chheap.o
                                                  build/obj/chsys.o
_impure_ptr                                       c:/program files/gnu tools arm embedded/4.9 2014q4/bin/../lib/gcc/arm-none-eabi/4.9.3/../../../../arm-none-eabi/lib/armv7e-m\libg.a(lib_a-impure.o)
                                                  c:/program files/gnu tools arm embedded/4.9 2014q4/bin/../lib/gcc/arm-none-eabi/4.9.3/../../../../arm-none-eabi/lib/armv7e-m\libg.a(lib_a-malloc.o)
                                                  c:/program files/gnu tools arm embedded/4.9 2014q4/bin/../lib/gcc/arm-none-eabi/4.9.3/../../../../arm-none-eabi/lib/armv7e-m\libg.a(lib_a-calloc.o)
_isatty_r                                         build/obj/syscalls.o
_lseek_r                                          build/obj/syscalls.o
_malloc_r                                         c:/program files/gnu tools arm embedded/4.9 2014q4/bin/../lib/gcc/arm-none-eabi/4.9.3/../../../../arm-none-eabi/lib/armv7e-m\libg.a(lib_a-mallocr.o)
                                                  c:/program files/gnu tools arm embedded/4.9 2014q4/bin/../lib/gcc/arm-none-eabi/4.9.3/../../../../arm-none-eabi/lib/armv7e-m\libg.a(lib_a-malloc.o)
                                                  c:/program files/gnu tools arm embedded/4.9 2014q4/bin/../lib/gcc/arm-none-eabi/4.9.3/../../../../arm-none-eabi/lib/armv7e-m\libg.a(lib_a-callocr.o)
_malloc_trim_r                                    c:/program files/gnu tools arm embedded/4.9 2014q4/bin/../lib/gcc/arm-none-eabi/4.9.3/../../../../arm-none-eabi/lib/armv7e-m\libg.a(lib_a-freer.o)
_open_r                                           build/obj/syscalls.o
_pal_lld_init                                     build/obj/pal_lld.o
                                                  build/obj/hal.o
_pal_lld_setgroupmode                             build/obj/pal_lld.o
                                                  build/obj/pal.o
_port_exit_from_isr                               build/obj/chcoreasm_v7m.o
                                                  build/obj/chcore_v7m.o
_port_irq_epilogue                                build/obj/chcore_v7m.o
                                                  build/obj/uart_lld.o
                                                  build/obj/serial_lld.o
                                                  build/obj/st_lld.o
                                                  build/obj/stm32_dma.o
_port_switch                                      build/obj/chcoreasm_v7m.o
                                                  build/obj/chschd.o
_port_switch_from_isr                             build/obj/chcoreasm_v7m.o
                                                  build/obj/chcore_v7m.o
_port_thread_start                                build/obj/chcoreasm_v7m.o
                                                  build/obj/chthreads.o
_read_r                                           build/obj/syscalls.o
_sbrk_r                                           build/obj/syscalls.o
                                                  c:/program files/gnu tools arm embedded/4.9 2014q4/bin/../lib/gcc/arm-none-eabi/4.9.3/../../../../arm-none-eabi/lib/armv7e-m\libg.a(lib_a-freer.o)
                                                  c:/program files/gnu tools arm embedded/4.9 2014q4/bin/../lib/gcc/arm-none-eabi/4.9.3/../../../../arm-none-eabi/lib/armv7e-m\libg.a(lib_a-mallocr.o)
_scheduler_init                                   build/obj/chschd.o
                                                  build/obj/chsys.o
_stats_ctxswc                                     build/obj/chstats.o
                                                  build/obj/chschd.o
_stats_increase_irq                               build/obj/chstats.o
                                                  build/obj/uart_lld.o
                                                  build/obj/serial_lld.o
                                                  build/obj/st_lld.o
                                                  build/obj/stm32_dma.o
_stats_init                                       build/obj/chstats.o
                                                  build/obj/chsys.o
_stats_start_measure_crit_isr                     build/obj/chstats.o
                                                  build/obj/serial_lld.o
                                                  build/obj/st_lld.o
                                                  build/obj/chschd.o
                                                  build/obj/chsys.o
_stats_start_measure_crit_thd                     build/obj/chstats.o
                                                  build/obj/uart_lld.o
                                                  build/obj/uart.o
                                                  build/obj/serial.o
                                                  build/obj/testbmk.o
                                                  build/obj/testqueues.o
                                                  build/obj/testevt.o
                                                  build/obj/testmbox.o
                                                  build/obj/testmtx.o
                                                  build/obj/testsem.o
                                                  build/obj/testthd.o
                                                  build/obj/test.o
                                                  build/obj/chmempools.o
                                                  build/obj/chmemcore.o
                                                  build/obj/chqueues.o
                                                  build/obj/chmboxes.o
                                                  build/obj/chmsg.o
                                                  build/obj/chevents.o
                                                  build/obj/chcond.o
                                                  build/obj/chmtx.o
                                                  build/obj/chsem.o
                                                  build/obj/chregistry.o
                                                  build/obj/chdynamic.o
                                                  build/obj/chthreads.o
                                                  build/obj/chsys.o
                                                  build/obj/chcoreasm_v7m.o
_stats_stop_measure_crit_isr                      build/obj/chstats.o
                                                  build/obj/serial_lld.o
                                                  build/obj/st_lld.o
                                                  build/obj/chschd.o
                                                  build/obj/chsys.o
_stats_stop_measure_crit_thd                      build/obj/chstats.o
                                                  build/obj/uart_lld.o
                                                  build/obj/uart.o
                                                  build/obj/serial.o
                                                  build/obj/testbmk.o
                                                  build/obj/testqueues.o
                                                  build/obj/testevt.o
                                                  build/obj/testmbox.o
                                                  build/obj/testmtx.o
                                                  build/obj/testsem.o
                                                  build/obj/testthd.o
                                                  build/obj/test.o
                                                  build/obj/chmempools.o
                                                  build/obj/chmemcore.o
                                                  build/obj/chqueues.o
                                                  build/obj/chmboxes.o
                                                  build/obj/chmsg.o
                                                  build/obj/chevents.o
                                                  build/obj/chcond.o
                                                  build/obj/chmtx.o
                                                  build/obj/chsem.o
                                                  build/obj/chregistry.o
                                                  build/obj/chdynamic.o
                                                  build/obj/chthreads.o
                                                  build/obj/chsys.o
                                                  build/obj/chcoreasm_v7m.o
_stm32_dma_streams                                build/obj/stm32_dma.o
_test_assert                                      build/obj/test.o
                                                  build/obj/testqueues.o
                                                  build/obj/testdyn.o
                                                  build/obj/testpools.o
                                                  build/obj/testheap.o
                                                  build/obj/testevt.o
                                                  build/obj/testmbox.o
                                                  build/obj/testmtx.o
                                                  build/obj/testsem.o
                                                  build/obj/testthd.o
_test_assert_sequence                             build/obj/test.o
                                                  build/obj/testqueues.o
                                                  build/obj/testdyn.o
                                                  build/obj/testevt.o
                                                  build/obj/testmbox.o
                                                  build/obj/testmsg.o
                                                  build/obj/testmtx.o
                                                  build/obj/testsem.o
                                                  build/obj/testthd.o
_test_assert_time_window                          build/obj/test.o
                                                  build/obj/testevt.o
                                                  build/obj/testsem.o
                                                  build/obj/testthd.o
_test_fail                                        build/obj/test.o
_textdata                                         build/obj/crt0.o
_thread_init                                      build/obj/chthreads.o
                                                  build/obj/chsys.o
_thread_memfill                                   build/obj/chthreads.o
                                                  build/obj/chdynamic.o
_tm_init                                          build/obj/chtm.o
                                                  build/obj/chsys.o
_unhandled_exception                              build/obj/vectors.o
_vectors                                          build/obj/vectors.o
_vt_init                                          build/obj/chvt.o
                                                  build/obj/chsys.o
_write_r                                          build/obj/syscalls.o
add                                               build/obj/ArrayList.o
arrayCopy                                         build/obj/ArrayCopy.o
                                                  build/obj/ArrayList.o
boardInit                                         build/obj/board.o
                                                  build/obj/hal.o
calloc                                            c:/program files/gnu tools arm embedded/4.9 2014q4/bin/../lib/gcc/arm-none-eabi/4.9.3/../../../../arm-none-eabi/lib/armv7e-m\libg.a(lib_a-calloc.o)
                                                  build/obj/ArrayList.o
                                                  build/obj/ArrayCopy.o
ch                                                build/obj/chschd.o
                                                  build/obj/main.o
                                                  build/obj/uart_lld.o
                                                  build/obj/uart.o
                                                  build/obj/serial.o
                                                  build/obj/testbmk.o
                                                  build/obj/testqueues.o
                                                  build/obj/testdyn.o
                                                  build/obj/testevt.o
                                                  build/obj/testmbox.o
                                                  build/obj/testmsg.o
                                                  build/obj/testmtx.o
                                                  build/obj/testsem.o
                                                  build/obj/testthd.o
                                                  build/obj/test.o
                                                  build/obj/chmempools.o
                                                  build/obj/chmemcore.o
                                                  build/obj/chqueues.o
                                                  build/obj/chmboxes.o
                                                  build/obj/chmsg.o
                                                  build/obj/chevents.o
                                                  build/obj/chcond.o
                                                  build/obj/chmtx.o
                                                  build/obj/chsem.o
                                                  build/obj/chregistry.o
                                                  build/obj/chdynamic.o
                                                  build/obj/chthreads.o
                                                  build/obj/chvt.o
                                                  build/obj/chstats.o
                                                  build/obj/chtm.o
                                                  build/obj/chdebug.o
                                                  build/obj/chsys.o
chCondBroadcast                                   build/obj/chcond.o
                                                  build/obj/testmtx.o
chCondBroadcastI                                  build/obj/chcond.o
chCondObjectInit                                  build/obj/chcond.o
                                                  build/obj/testmtx.o
chCondSignal                                      build/obj/chcond.o
                                                  build/obj/testmtx.o
chCondSignalI                                     build/obj/chcond.o
                                                  build/obj/testmtx.o
chCondWait                                        build/obj/chcond.o
                                                  build/obj/testmtx.o
chCondWaitS                                       build/obj/chcond.o
chCondWaitTimeout                                 build/obj/chcond.o
                                                  build/obj/testmtx.o
chCondWaitTimeoutS                                build/obj/chcond.o
chCoreAlloc                                       build/obj/chmemcore.o
                                                  build/obj/syscalls.o
                                                  build/obj/chheap.o
chCoreAllocI                                      build/obj/chmemcore.o
chCoreGetStatusX                                  build/obj/chmemcore.o
                                                  build/obj/testheap.o
chDbgCheckClassI                                  build/obj/chdebug.o
                                                  build/obj/serial_lld.o
                                                  build/obj/uart.o
                                                  build/obj/serial.o
                                                  build/obj/testqueues.o
                                                  build/obj/testmbox.o
                                                  build/obj/testsem.o
                                                  build/obj/test.o
                                                  build/obj/chmempools.o
                                                  build/obj/chmemcore.o
                                                  build/obj/chqueues.o
                                                  build/obj/chmboxes.o
                                                  build/obj/chmsg.o
                                                  build/obj/chevents.o
                                                  build/obj/chcond.o
                                                  build/obj/chsem.o
                                                  build/obj/chthreads.o
                                                  build/obj/chvt.o
                                                  build/obj/chschd.o