13:26:17 **** Incremental Build of configuration Default for project RT-STM32F407-DISCOVERY ****
make all 
Compiling chcore.c
Compiling chcore_v7m.c
Compiling chsys.c
Compiling chdebug.c
Compiling chtm.c
Compiling chstats.c
Compiling chschd.c
Compiling chvt.c
Compiling chthreads.c
Compiling chdynamic.c
Compiling chregistry.c
Compiling chsem.c
Compiling chmtx.c
Compiling chcond.c
Compiling chevents.c
Compiling chmsg.c
Compiling chmboxes.c
Compiling chqueues.c
Compiling chmemcore.c
Compiling chheap.c
Compiling chmempools.c
Compiling test.c
Compiling testthd.c
Compiling testsem.c
Compiling testmtx.c
Compiling testmsg.c
Compiling testmbox.c
Compiling testevt.c
Compiling testheap.c
Compiling testpools.c
Compiling testdyn.c
Compiling testqueues.c
Compiling testbmk.c
Compiling hal.c
Compiling hal_queues.c
Compiling hal_mmcsd.c
Compiling adc.c
Compiling can.c
Compiling dac.c
Compiling ext.c
Compiling gpt.c
Compiling i2c.c
Compiling i2s.c
Compiling icu.c
Compiling mac.c
Compiling mmc_spi.c
Compiling pal.c
Compiling pwm.c
Compiling rtc.c
Compiling sdc.c
Compiling serial.c
Compiling serial_usb.c
Compiling spi.c
Compiling st.c
Compiling uart.c
Compiling usb.c
Compiling osal.c
Compiling nvic.c
Compiling stm32_dma.c
Compiling hal_lld.c
Compiling adc_lld.c
Compiling ext_lld_isr.c
Compiling can_lld.c
Compiling ext_lld.c
Compiling mac_lld.c
Compiling sdc_lld.c
Compiling dac_lld.c
Compiling pal_lld.c
Compiling i2c_lld.c
Compiling usb_lld.c
Compiling rtc_lld.c
Compiling i2s_lld.c
Compiling spi_lld.c
Compiling gpt_lld.c
Compiling icu_lld.c
Compiling pwm_lld.c
Compiling st_lld.c
Compiling serial_lld.c
Compiling uart_lld.c
../../../os/hal/ports/STM32/LLD/USARTv1/uart_lld.c: In function 'serve_usart_irq':
../../../os/hal/ports/STM32/LLD/USARTv1/uart_lld.c:349:6: warning: "/*" within comment [-Wcomment]
      /* Receiver in active state, a callback is generated, if enabled, after
 ^
../../../os/hal/ports/STM32/LLD/USARTv1/uart_lld.c:355:6: warning: "/*" within comment [-Wcomment]
      /* If the callback didn't explicitly change state then the receiver
 ^
../../../os/hal/ports/STM32/LLD/USARTv1/uart_lld.c: In function 'uart_lld_start':
../../../os/hal/ports/STM32/LLD/USARTv1/uart_lld.c:571:12: warning: unused variable 'b' [-Wunused-variable]
       bool b;
            ^
Compiling board.c
Compiling lwipthread.c
Compiling sys_arch.c
Compiling etharp.c
Compiling dhcp.c
Compiling dns.c
Compiling init.c
Compiling mem.c
Compiling memp.c
Compiling netif.c
Compiling pbuf.c
Compiling raw.c
Compiling stats.c
Compiling sys.c
Compiling tcp.c
Compiling tcp_in.c
Compiling tcp_out.c
Compiling udp.c
Compiling autoip.c
Compiling icmp.c
Compiling igmp.c
Compiling inet.c
Compiling inet_chksum.c
Compiling ip.c
Compiling ip_addr.c
Compiling ip_frag.c
Compiling def.c
Compiling timers.c
Compiling api_lib.c
Compiling api_msg.c
Compiling err.c
Compiling netbuf.c
Compiling netdb.c
Compiling netifapi.c
Compiling sockets.c
Compiling tcpip.c
Compiling evtimer.c
Compiling syscalls.c
In file included from ../../../os/various/syscalls.c:70:0:
./Verventa-master.h:44:9: warning: pointer targets in initialization differ in signedness [-Wpointer-sign]
         {"main.cfg", &main_cfg[0]},
         ^
./Verventa-master.h:44:9: warning: (near initialization for 'lcfg_table[0].name') [-Wpointer-sign]
./Verventa-master.h:45:9: warning: pointer targets in initialization differ in signedness [-Wpointer-sign]
         {"modbus.cfg", &modbus_cfg[0]}
         ^
./Verventa-master.h:45:9: warning: (near initialization for 'lcfg_table[1].name') [-Wpointer-sign]
../../../os/various/syscalls.c:79:0: warning: "EOF" redefined
 #define EOF '\0'
 ^
In file included from ../../../os/rt/include/chdebug.h:36:0,
                 from ../../../os/rt/include/ch.h:70,
                 from ../../../os/various/syscalls.c:66:
c:\program files\gnu tools arm embedded\4.9 2014q4\arm-none-eabi\include\stdio.h:101:0: note: this is the location of the previous definition
 #define EOF (-1)
 ^
../../../os/various/syscalls.c: In function '_open_r':
../../../os/various/syscalls.c:92:3: warning: array subscript has type 'char' [-Wchar-subscripts]
   if(strcmp(lcfg_table[i].name, file) == 0) return fd = i;
   ^
../../../os/various/syscalls.c:92:13: warning: pointer targets in passing argument 1 of 'strcmp' differ in signedness [-Wpointer-sign]
   if(strcmp(lcfg_table[i].name, file) == 0) return fd = i;
             ^
In file included from c:\program files\gnu tools arm embedded\4.9 2014q4\arm-none-eabi\include\stdlib.h:11:0,
                 from ../../../os/various/syscalls.c:58:
c:\program files\gnu tools arm embedded\4.9 2014q4\arm-none-eabi\include\string.h:28:6: note: expected 'const char *' but argument is of type 'const unsigned char * const'
 int  _EXFUN(strcmp,(const char *, const char *));
      ^
../../../os/various/syscalls.c: In function '_read_r':
../../../os/various/syscalls.c:123:4: warning: array subscript has type 'char' [-Wchar-subscripts]
    if(lcfg_table[file].data[i] != EOF){
    ^
../../../os/various/syscalls.c:124:5: warning: array subscript has type 'char' [-Wchar-subscripts]
     *ptr = lcfg_table[file].data[i++];
     ^
../../../os/various/syscalls.c:132:3: warning: array subscript has type 'char' [-Wchar-subscripts]
   }while((len > 0) && (lcfg_table[file].data[i] != EOF));
   ^
Compiling chprintf.c
Compiling mbascii.c
Compiling mbfunccoils_m.c
Compiling mbfuncdisc_m.c
Compiling mbfuncholding_m.c
FreeModbus/modbus/functions/mbfuncholding_m.c: In function 'eMBMasterFuncWriteMultipleHoldingRegister':
FreeModbus/modbus/functions/mbfuncholding_m.c:212:52: warning: unused parameter 'pucFrame' [-Wunused-parameter]
 eMBMasterFuncWriteMultipleHoldingRegister( UCHAR * pucFrame, USHORT * usLen )
                                                    ^
Compiling mbfuncinput_m.c
Compiling mbfuncother.c
Compiling mbutils.c
Compiling mbcrc.c
Compiling mbrtu_m.c
FreeModbus/modbus/rtu/mbrtu_m.c: In function 'xMBMasterRTUTransmitFSM':
FreeModbus/modbus/rtu/mbrtu_m.c:309:5: warning: enumeration value 'STATE_M_TX_XFWR' not handled in switch [-Wswitch]
     switch ( eSndState )
     ^
Compiling mb_m.c
FreeModbus/modbus/mb_m.c: In function 'eMBMasterPoll':
FreeModbus/modbus/mb_m.c:356:4: warning: enumeration value 'EV_NO_ERROR' not handled in switch [-Wswitch]
    switch (errorType) {
    ^
FreeModbus/modbus/mb_m.c:279:9: warning: enumeration value 'EV_MASTER_PROCESS_SUCESS' not handled in switch [-Wswitch]
         switch ( eEvent )
         ^
FreeModbus/modbus/mb_m.c:279:9: warning: enumeration value 'EV_MASTER_ERROR_RESPOND_TIMEOUT' not handled in switch [-Wswitch]
FreeModbus/modbus/mb_m.c:279:9: warning: enumeration value 'EV_MASTER_ERROR_RECEIVE_DATA' not handled in switch [-Wswitch]
FreeModbus/modbus/mb_m.c:279:9: warning: enumeration value 'EV_MASTER_ERROR_EXECUTE_FUNCTION' not handled in switch [-Wswitch]
Compiling user_mb_app_m.c
Compiling port.c
Compiling portevent_m.c
FreeModbus/port/rtt/portevent_m.c: In function 'vMBMasterErrorCBRespondTimeout':
FreeModbus/port/rtt/portevent_m.c:115:43: warning: unused parameter 'ucDestAddress' [-Wunused-parameter]
 void vMBMasterErrorCBRespondTimeout(UCHAR ucDestAddress, const UCHAR* pucPDUData,
                                           ^
FreeModbus/port/rtt/portevent_m.c:115:71: warning: unused parameter 'pucPDUData' [-Wunused-parameter]
 void vMBMasterErrorCBRespondTimeout(UCHAR ucDestAddress, const UCHAR* pucPDUData,
                                                                       ^
FreeModbus/port/rtt/portevent_m.c:116:16: warning: unused parameter 'ucPDULength' [-Wunused-parameter]
         USHORT ucPDULength) {
                ^
FreeModbus/port/rtt/portevent_m.c: In function 'vMBMasterErrorCBReceiveData':
FreeModbus/port/rtt/portevent_m.c:138:40: warning: unused parameter 'ucDestAddress' [-Wunused-parameter]
 void vMBMasterErrorCBReceiveData(UCHAR ucDestAddress, const UCHAR* pucPDUData,
                                        ^
FreeModbus/port/rtt/portevent_m.c:138:68: warning: unused parameter 'pucPDUData' [-Wunused-parameter]
 void vMBMasterErrorCBReceiveData(UCHAR ucDestAddress, const UCHAR* pucPDUData,
                                                                    ^
FreeModbus/port/rtt/portevent_m.c:139:16: warning: unused parameter 'ucPDULength' [-Wunused-parameter]
         USHORT ucPDULength) {
                ^
FreeModbus/port/rtt/portevent_m.c: In function 'vMBMasterErrorCBExecuteFunction':
FreeModbus/port/rtt/portevent_m.c:161:44: warning: unused parameter 'ucDestAddress' [-Wunused-parameter]
 void vMBMasterErrorCBExecuteFunction(UCHAR ucDestAddress, const UCHAR* pucPDUData,
                                            ^
FreeModbus/port/rtt/portevent_m.c:161:72: warning: unused parameter 'pucPDUData' [-Wunused-parameter]
 void vMBMasterErrorCBExecuteFunction(UCHAR ucDestAddress, const UCHAR* pucPDUData,
                                                                        ^
FreeModbus/port/rtt/portevent_m.c:162:16: warning: unused parameter 'ucPDULength' [-Wunused-parameter]
         USHORT ucPDULength) {
                ^
FreeModbus/port/rtt/portevent_m.c: In function 'eMBMasterWaitRequestFinish':
FreeModbus/port/rtt/portevent_m.c:207:5: warning: enumeration value 'EV_MASTER_READY' not handled in switch [-Wswitch]
     switch (recvedEvent)
     ^
FreeModbus/port/rtt/portevent_m.c:207:5: warning: enumeration value 'EV_MASTER_FRAME_RECEIVED' not handled in switch [-Wswitch]
FreeModbus/port/rtt/portevent_m.c:207:5: warning: enumeration value 'EV_MASTER_EXECUTE' not handled in switch [-Wswitch]
FreeModbus/port/rtt/portevent_m.c:207:5: warning: enumeration value 'EV_MASTER_FRAME_SENT' not handled in switch [-Wswitch]
FreeModbus/port/rtt/portevent_m.c:207:5: warning: enumeration value 'EV_MASTER_ERROR_PROCESS' not handled in switch [-Wswitch]
FreeModbus/port/rtt/portevent_m.c:207:5: warning: 'recvedEvent' may be used uninitialized in this function [-Wmaybe-uninitialized]
Compiling portserial_m.c
FreeModbus/port/rtt/portserial_m.c: In function 'xMBMasterPortSerialInit':
FreeModbus/port/rtt/portserial_m.c:51:18: warning: unused variable 'bStatus' [-Wunused-variable]
  BOOL            bStatus = FALSE;
                  ^
FreeModbus/port/rtt/portserial_m.c:48:36: warning: unused parameter 'ucPORT' [-Wunused-parameter]
 BOOL xMBMasterPortSerialInit(UCHAR ucPORT, ULONG ulBaudRate, UCHAR ucDataBits,
                                    ^
FreeModbus/port/rtt/portserial_m.c:48:68: warning: unused parameter 'ucDataBits' [-Wunused-parameter]
 BOOL xMBMasterPortSerialInit(UCHAR ucPORT, ULONG ulBaudRate, UCHAR ucDataBits,
                                                                    ^
FreeModbus/port/rtt/portserial_m.c:49:19: warning: unused parameter 'eParity' [-Wunused-parameter]
         eMBParity eParity)
                   ^
FreeModbus/port/rtt/portserial_m.c: At top level:
FreeModbus/port/rtt/portserial_m.c:40:13: warning: 'prvvUARTTxReadyISR' declared 'static' but never defined [-Wunused-function]
 static void prvvUARTTxReadyISR(void);
             ^
FreeModbus/port/rtt/portserial_m.c:41:13: warning: 'prvvUARTRxISR' declared 'static' but never defined [-Wunused-function]
 static void prvvUARTRxISR(void);
             ^
Compiling porttimer_m.c
FreeModbus/port/rtt/porttimer_m.c: In function 'timer_timeout_ind':
FreeModbus/port/rtt/porttimer_m.c:104:37: warning: unused parameter 'parameter' [-Wunused-parameter]
 static void timer_timeout_ind(void* parameter)
                                     ^
Compiling stubs.c
stubs.c: In function '__cxa_pure_virtual':
stubs.c:37:3: warning: implicit declaration of function 'chDbgPanic' [-Wimplicit-function-declaration]
   chDbgPanic("__cxa_pure_virtual() #1");
   ^
Compiling ITM_trace.c
Compiling web.c
web/web.c: In function 'http_server_serve':
web/web.c:558:6: warning: 'return' with a value, in function returning void
      return ERR_OK;
      ^
web/web.c:605:19: warning: assignment makes pointer from integer without a cast
       filename[i] = *(buf + FilenameOffset + i);
                   ^
web/web.c:625:6: warning: 'return' with a value, in function returning void
      return ERR_OK;
      ^
web/web.c:466:12: warning: variable 'ptr' set but not used [-Wunused-but-set-variable]
   char*    ptr;
            ^
web/web.c: At top level:
web/web.c:56:19: warning: 'ContentLengthOffset' defined but not used [-Wunused-variable]
 static uint32_t   ContentLengthOffset;
                   ^
web/web.c: In function 'http_server_serve':
web/web.c:608:14: warning: array subscript is above array bounds [-Warray-bounds]
      filename[i] = 0x0;
              ^
Compiling fs.c
In file included from web/src/fs.c:35:0:
./web/inc/fsdata.h:1284:14: warning: missing initializer for field 'http_header_included' of 'const struct fsdata_file' [-Wmissing-field-initializers]
 const struct fsdata_file file_img_splash_screen_jpg[] = {{NULL, data_img_splash_screen_jpg, data_img_splash_screen_jpg + 23, sizeof(data_img_splash_screen_jpg) - 23}};
              ^
In file included from web/src/fs.c:35:0:
./web/inc/fsdata.h:47:8: note: 'http_header_included' declared here
   u8_t http_header_included;
        ^
In file included from web/src/fs.c:35:0:
./web/inc/fsdata.h:1285:14: warning: pointer targets in initialization differ in signedness [-Wpointer-sign]
 const struct fsdata_file file_upload_html[] = {{file_img_splash_screen_jpg, data_upload_html, data_upload_html + 13, sizeof(data_upload_html) - 13}};
              ^
./web/inc/fsdata.h:1285:14: warning: (near initialization for 'file_upload_html[0].name') [-Wpointer-sign]
./web/inc/fsdata.h:1285:14: warning: pointer targets in initialization differ in signedness [-Wpointer-sign]
./web/inc/fsdata.h:1285:14: warning: (near initialization for 'file_upload_html[0].data') [-Wpointer-sign]
./web/inc/fsdata.h:1285:14: warning: missing initializer for field 'http_header_included' of 'const struct fsdata_file' [-Wmissing-field-initializers]
In file included from web/src/fs.c:35:0:
./web/inc/fsdata.h:47:8: note: 'http_header_included' declared here
   u8_t http_header_included;
        ^
In file included from web/src/fs.c:35:0:
./web/inc/fsdata.h:1286:14: warning: missing initializer for field 'http_header_included' of 'const struct fsdata_file' [-Wmissing-field-initializers]
 const struct fsdata_file file_404_html[] = {{file_upload_html, data_404_html, data_404_html + 10, sizeof(data_404_html) - 10}};
              ^
In file included from web/src/fs.c:35:0:
./web/inc/fsdata.h:47:8: note: 'http_header_included' declared here
   u8_t http_header_included;
        ^
In file included from web/src/fs.c:35:0:
./web/inc/fsdata.h:1287:14: warning: missing initializer for field 'http_header_included' of 'const struct fsdata_file' [-Wmissing-field-initializers]
 const struct fsdata_file file_Verventa_Master_html[] = {{file_404_html, data_Verventa_Master_html, data_Verventa_Master_html + 22, sizeof(data_Verventa_Master_html) - 22}};
              ^
In file included from web/src/fs.c:35:0:
./web/inc/fsdata.h:47:8: note: 'http_header_included' declared here
   u8_t http_header_included;
        ^
Compiling ArrayList.c
ArrayList.c: In function 'add':
ArrayList.c:82:4: warning: 'return' with no value, in function returning non-void [-Wreturn-type]
    return;
    ^
ArrayList.c: In function 'insert':
ArrayList.c:113:4: warning: 'return' with no value, in function returning non-void [-Wreturn-type]
    return;
    ^
Compiling lcfg_static.c
lcfg_static.c:58:8: warning: function declaration isn't a prototype [-Wstrict-prototypes]
 struct lcfg_string *  lcfg_string_new();
        ^
lcfg_static.c:348:21: warning: function declaration isn't a prototype [-Wstrict-prototypes]
 struct lcfg_string *lcfg_string_new()
                     ^
lcfg_static.c: In function 'lcfg_string_find':
lcfg_static.c:408:16: warning: comparison between signed and unsigned integer expressions [-Wsign-compare]
  for( i = 0; i < s->size; i++ )
                ^
lcfg_static.c: In function 'lcfg_scanner_token_read':
lcfg_static.c:692:7: warning: array subscript has type 'char' [-Wchar-subscripts]
       if( isalpha(c) )
       ^
lcfg_static.c:700:8: warning: array subscript has type 'char' [-Wchar-subscripts]
        lcfg_error_set(s->lcfg, "parse error: invalid input character `%c' (0x%02x) near line %d, col %d", isprint(c) ? c : '.', c, s->line, s->col);
        ^
lcfg_static.c:716:6: warning: array subscript has type 'char' [-Wchar-subscripts]
      lcfg_error_set(s->lcfg, "parse error: invalid input character `%c' (0x%02x) near line %d, col %d", isprint(c) ? c : '.', c, s->line, s->col);
      ^
lcfg_static.c:743:5: warning: array subscript has type 'char' [-Wchar-subscripts]
     if( isalnum(c) || c == '-' || c == '_' )
     ^
lcfg_static.c:800:5: warning: array subscript has type 'char' [-Wchar-subscripts]
     if( !isxdigit(c) )
     ^
lcfg_static.c:809:5: warning: array subscript has type 'char' [-Wchar-subscripts]
     if( !isxdigit(c) )
     ^
lcfg_static.c:823:3: warning: array subscript has type 'char' [-Wchar-subscripts]
   chprintf((BaseSequentialStream *)&itm_port,"read %c at line %d column %d, new state is %s\n", isprint(c) ? c : '.', s->line, s->col, state_map[state]);
   ^
lcfg_static.c: In function 'lcfg_parser_accept':
lcfg_static.c:1217:16: warning: comparison between signed and unsigned integer expressions [-Wsign-compare]
  for( i = 0; i < p->value_length; i++ )
                ^
lcfg_static.c: In function 'lcfg_parser_get':
lcfg_static.c:1233:16: warning: comparison between signed and unsigned integer expressions [-Wsign-compare]
  for( i = 0; i < p->value_length; i++ )
                ^
lcfg_static.c: In function 'lcfg_parser_delete':
lcfg_static.c:1256:16: warning: comparison between signed and unsigned integer expressions [-Wsign-compare]
  for( i = 0; i < p->value_length; i++ )
                ^
Compiling main.c
main.c: In function 'Thread1':
main.c:110:1: warning: no return statement in function returning non-void [-Wreturn-type]
 }
 ^
main.c: In function 'modbus_thread':
main.c:115:23: warning: unused variable 'errorCode' [-Wunused-variable]
   eMBMasterReqErrCode errorCode = MB_MRE_NO_ERR;
                       ^
main.c:136:1: warning: no return statement in function returning non-void [-Wreturn-type]
 }
 ^
main.c: In function 'modbusreq_thread':
main.c:167:2: warning: implicit declaration of function 'display_holding' [-Wimplicit-function-declaration]
  display_holding();
  ^
main.c:140:23: warning: variable 'errorCode' set but not used [-Wunused-but-set-variable]
   eMBMasterReqErrCode errorCode = MB_MRE_NO_ERR;
                       ^
main.c:171:1: warning: no return statement in function returning non-void [-Wreturn-type]
 }
 ^
main.c: In function 'example_visitor':
main.c:178:15: warning: comparison between signed and unsigned integer expressions [-Wsign-compare]
  for(i = 0; i < len; i++){
               ^
main.c:180:3: warning: implicit declaration of function 'isprint' [-Wimplicit-function-declaration]
   chprintf((BaseSequentialStream *)&itm_port, "value: %c\n", isprint(c) ? c : '.');
   ^
main.c:173:81: warning: unused parameter 'user_data' [-Wunused-parameter]
 enum lcfg_status example_visitor(const char *key, void *data, size_t len, void *user_data){
                                                                                 ^
main.c: At top level:
main.c:186:13: warning: 'setup_Config' defined but not used [-Wunused-function]
 static void setup_Config(void){
             ^
Linking build/ch.elf
Creating build/ch.hex
Creating build/ch.bin
Creating build/ch.dmp

   text	   data	    bss	    dec	    hex	filename
 117888	   2828	  97900	 218616	  355f8	build/ch.elf
Creating build/ch.list

Done
sed -i 's#c:#/cygdrive/c#g' .dep/chcoreasm_v7m.o.d .dep/crt0.o.d .dep/vectors.o.d .dep/chcore.o.d .dep/chcore_v7m.o.d .dep/chsys.o.d .dep/chdebug.o.d .dep/chtm.o.d .dep/chstats.o.d .dep/chschd.o.d .dep/chvt.o.d .dep/chthreads.o.d .dep/chdynamic.o.d .dep/chregistry.o.d .dep/chsem.o.d .dep/chmtx.o.d .dep/chcond.o.d .dep/chevents.o.d .dep/chmsg.o.d .dep/chmboxes.o.d .dep/chqueues.o.d .dep/chmemcore.o.d .dep/chheap.o.d .dep/chmempools.o.d .dep/test.o.d .dep/testthd.o.d .dep/testsem.o.d .dep/testmtx.o.d .dep/testmsg.o.d .dep/testmbox.o.d .dep/testevt.o.d .dep/testheap.o.d .dep/testpools.o.d .dep/testdyn.o.d .dep/testqueues.o.d .dep/testbmk.o.d .dep/hal.o.d .dep/hal_queues.o.d .dep/hal_mmcsd.o.d .dep/adc.o.d .dep/can.o.d .dep/dac.o.d .dep/ext.o.d .dep/gpt.o.d .dep/i2c.o.d .dep/i2s.o.d .dep/icu.o.d .dep/mac.o.d .dep/mmc_spi.o.d .dep/pal.o.d .dep/pwm.o.d .dep/rtc.o.d .dep/sdc.o.d .dep/serial.o.d .dep/serial_usb.o.d .dep/spi.o.d .dep/st.o.d .dep/uart.o.d .dep/usb.o.d .dep/osal.o.d .dep/nvic.o.d .dep/stm32_dma.o.d .dep/hal_lld.o.d .dep/adc_lld.o.d .dep/ext_lld_isr.o.d .dep/can_lld.o.d .dep/ext_lld.o.d .dep/mac_lld.o.d .dep/sdc_lld.o.d .dep/dac_lld.o.d .dep/pal_lld.o.d .dep/i2c_lld.o.d .dep/usb_lld.o.d .dep/rtc_lld.o.d .dep/i2s_lld.o.d .dep/spi_lld.o.d .dep/gpt_lld.o.d .dep/icu_lld.o.d .dep/pwm_lld.o.d .dep/st_lld.o.d .dep/serial_lld.o.d .dep/uart_lld.o.d .dep/board.o.d .dep/lwipthread.o.d .dep/sys_arch.o.d .dep/etharp.o.d .dep/dhcp.o.d .dep/dns.o.d .dep/init.o.d .dep/mem.o.d .dep/memp.o.d .dep/netif.o.d .dep/pbuf.o.d .dep/raw.o.d .dep/stats.o.d .dep/sys.o.d .dep/tcp.o.d .dep/tcp_in.o.d .dep/tcp_out.o.d .dep/udp.o.d .dep/autoip.o.d .dep/icmp.o.d .dep/igmp.o.d .dep/inet.o.d .dep/inet_chksum.o.d .dep/ip.o.d .dep/ip_addr.o.d .dep/ip_frag.o.d .dep/def.o.d .dep/timers.o.d .dep/api_lib.o.d .dep/api_msg.o.d .dep/err.o.d .dep/netbuf.o.d .dep/netdb.o.d .dep/netifapi.o.d .dep/sockets.o.d .dep/tcpip.o.d .dep/evtimer.o.d .dep/syscalls.o.d .dep/chprintf.o.d .dep/mbascii.o.d .dep/mbfunccoils_m.o.d .dep/mbfuncdiag.o.d .dep/mbfuncdisc_m.o.d .dep/mbfuncholding_m.o.d .dep/mbfuncinput_m.o.d .dep/mbfuncother.o.d .dep/mbutils.o.d .dep/mbcrc.o.d .dep/mbrtu_m.o.d .dep/mb_m.o.d .dep/user_mb_app_m.o.d .dep/port.o.d .dep/portevent_m.o.d .dep/portserial_m.o.d .dep/porttimer_m.o.d .dep/stubs.o.d .dep/ITM_trace.o.d .dep/web.o.d .dep/fs.o.d .dep/ArrayCopy.o.d .dep/ArrayList.o.d .dep/lcfg_static.o.d .dep/main.o.d

13:27:18 Build Finished (took 1m:770ms)

