08:04:58 **** Build of configuration Default for project RT-STM32F407-DISCOVERY-ARRAYLIST ****
make all 
Compiler Options
arm-none-eabi-gcc -c -mcpu=cortex-m4 -O2 -ggdb -fomit-frame-pointer -falign-functions=16 -ffunction-sections -fdata-sections -fno-common -Wall -Wextra -Wstrict-prototypes -Wa,-alms=build/lst/ -DCORTEX_USE_FPU=FALSE -DTHUMB_PRESENT -mno-thumb-interwork -DTHUMB_NO_INTERWORKING -MD -MP -MF .dep/build.d -I. -I../../../os/ext/CMSIS/include -I../../../os/ext/CMSIS/ST -I../../../os/common/ports/ARMCMx/devices/STM32F4xx -I../../../os/rt/ports/ARMCMx -I../../../os/rt/ports/ARMCMx/compilers/GCC -I../../../os/rt/include -I../../../test/rt -I../../../os/hal/include -I../../../os/hal/osal/rt -I../../../os/hal/ports/common/ARMCMx -I../../../os/hal/ports/STM32/STM32F4xx -I../../../os/hal/ports/STM32/LLD -I../../../os/hal/ports/STM32/LLD/DACv1 -I../../../os/hal/ports/STM32/LLD/GPIOv2 -I../../../os/hal/ports/STM32/LLD/I2Cv1 -I../../../os/hal/ports/STM32/LLD/OTGv1 -I../../../os/hal/ports/STM32/LLD/RTCv2 -I../../../os/hal/ports/STM32/LLD/SPIv1 -I../../../os/hal/ports/STM32/LLD/TIMv1 -I../../../os/hal/ports/STM32/LLD/USARTv1 -I../../../os/hal/ports/STM32/LLD/FSMCv1 -I../../../os/hal/boards/ST_STM32F4_DISCOVERY -I../../../os/various -I../../../os/hal/lib/streams main.c -o main.o

mkdir -p build/obj
mkdir -p build/lst
Compiling chcoreasm_v7m.s
Compiling crt0.c
Compiling vectors.c
Compiling chcore.c
Compiling chcore_v7m.c
Compiling chsys.c
Compiling chdebug.c
Compiling chtm.c
Compiling chstats.c
Compiling chschd.c
Compiling chvt.c
Compiling chthreads.c
Compiling chdynamic.c
Compiling chregistry.c
Compiling chsem.c
Compiling chmtx.c
Compiling chcond.c
Compiling chevents.c
Compiling chmsg.c
Compiling chmboxes.c
Compiling chqueues.c
Compiling chmemcore.c
Compiling chheap.c
Compiling chmempools.c
Compiling test.c
Compiling testthd.c
Compiling testsem.c
Compiling testmtx.c
Compiling testmsg.c
Compiling testmbox.c
Compiling testevt.c
Compiling testheap.c
Compiling testpools.c
Compiling testdyn.c
Compiling testqueues.c
Compiling testbmk.c
Compiling hal.c
Compiling hal_queues.c
Compiling hal_mmcsd.c
Compiling adc.c
Compiling can.c
Compiling dac.c
Compiling ext.c
Compiling gpt.c
Compiling i2c.c
Compiling i2s.c
Compiling icu.c
Compiling mac.c
Compiling mmc_spi.c
Compiling pal.c
Compiling pwm.c
Compiling rtc.c
Compiling sdc.c
Compiling serial.c
Compiling serial_usb.c
Compiling spi.c
Compiling st.c
Compiling uart.c
Compiling usb.c
Compiling osal.c
Compiling nvic.c
Compiling stm32_dma.c
Compiling hal_lld.c
Compiling adc_lld.c
Compiling ext_lld_isr.c
Compiling can_lld.c
Compiling ext_lld.c
Compiling mac_lld.c
Compiling sdc_lld.c
Compiling dac_lld.c
Compiling pal_lld.c
Compiling i2c_lld.c
Compiling usb_lld.c
Compiling rtc_lld.c
Compiling i2s_lld.c
Compiling spi_lld.c
Compiling gpt_lld.c
Compiling icu_lld.c
Compiling pwm_lld.c
Compiling st_lld.c
Compiling serial_lld.c
Compiling uart_lld.c
../../../os/hal/ports/STM32/LLD/USARTv1/uart_lld.c: In function 'serve_usart_irq':
../../../os/hal/ports/STM32/LLD/USARTv1/uart_lld.c:349:6: warning: "/*" within comment [-Wcomment]
      /* Receiver in active state, a callback is generated, if enabled, after
 ^
../../../os/hal/ports/STM32/LLD/USARTv1/uart_lld.c:355:6: warning: "/*" within comment [-Wcomment]
      /* If the callback didn't explicitly change state then the receiver
 ^
../../../os/hal/ports/STM32/LLD/USARTv1/uart_lld.c: In function 'uart_lld_start':
../../../os/hal/ports/STM32/LLD/USARTv1/uart_lld.c:571:12: warning: unused variable 'b' [-Wunused-variable]
       bool b;
            ^
Compiling board.c
Compiling syscalls.c
In file included from ../../../os/various/syscalls.c:67:0:
./Verventa-master.h:44:9: warning: pointer targets in initialization differ in signedness [-Wpointer-sign]
         {"main.cfg", &main_cfg[0]},
         ^
./Verventa-master.h:44:9: warning: (near initialization for 'lcfg_table[0].name') [-Wpointer-sign]
./Verventa-master.h:45:9: warning: pointer targets in initialization differ in signedness [-Wpointer-sign]
         {"modbus.cfg", &modbus_cfg[0]}
         ^
./Verventa-master.h:45:9: warning: (near initialization for 'lcfg_table[1].name') [-Wpointer-sign]
../../../os/various/syscalls.c: In function '_open_r':
../../../os/various/syscalls.c:87:3: warning: array subscript has type 'char' [-Wchar-subscripts]
   if(strcmp(lcfg_table[i].name, file) == 0) return fd = i;
   ^
../../../os/various/syscalls.c:87:13: warning: pointer targets in passing argument 1 of 'strcmp' differ in signedness [-Wpointer-sign]
   if(strcmp(lcfg_table[i].name, file) == 0) return fd = i;
             ^
In file included from c:\program files\gnu tools arm embedded\4.9 2014q4\arm-none-eabi\include\stdlib.h:11:0,
                 from ../../../os/various/syscalls.c:57:
c:\program files\gnu tools arm embedded\4.9 2014q4\arm-none-eabi\include\string.h:28:6: note: expected 'const char *' but argument is of type 'const unsigned char * const'
 int  _EXFUN(strcmp,(const char *, const char *));
      ^
../../../os/various/syscalls.c: In function '_read_r':
../../../os/various/syscalls.c:118:4: warning: array subscript has type 'char' [-Wchar-subscripts]
    if(lcfg_table[file].data[i] != EOF){
    ^
../../../os/various/syscalls.c:119:5: warning: array subscript has type 'char' [-Wchar-subscripts]
     *ptr = lcfg_table[file].data[i++];
     ^
../../../os/various/syscalls.c:127:3: warning: array subscript has type 'char' [-Wchar-subscripts]
   }while((len > 0) && (lcfg_table[file].data[i] != EOF));
   ^
Compiling chprintf.c
Compiling ITM_trace.c
Compiling ArrayCopy.c
Compiling ArrayList.c
Compiling queue.c
queue.c: In function 'Fill_queue':
queue.c:29:3: warning: array subscript has type 'char' [-Wchar-subscripts]
   Queue[WritePos] = Element;
   ^
queue.c: In function 'Empty_queue':
queue.c:39:2: warning: array subscript has type 'char' [-Wchar-subscripts]
  Element = Queue[ReadPos];
  ^
Compiling main.c
main.c: In function 'producer_thread':
main.c:78:1: warning: no return statement in function returning non-void [-Wreturn-type]
 }
 ^
main.c: In function 'consumer_thread':
main.c:94:1: warning: no return statement in function returning non-void [-Wreturn-type]
 }
 ^
main.c: In function 'Thread1':
main.c:110:1: warning: no return statement in function returning non-void [-Wreturn-type]
 }
 ^
In file included from main.c:22:0:
main.c: At top level:
ArrayList.h:192:13: warning: 'printElement' declared 'static' but never defined [-Wunused-function]
 static void printElement(const Element* const);
             ^
ArrayList.h:193:13: warning: 'shift' declared 'static' but never defined [-Wunused-function]
 static void shift(DeviceList* const list, int index, int rooms, Shift dir);
             ^
ArrayList.h:194:13: warning: 'wide' declared 'static' but never defined [-Wunused-function]
 static void wide(DeviceList* const);
             ^
Linking build/ch.elf
Creating build/ch.hex
Creating build/ch.bin
Creating build/ch.dmp

   text	   data	    bss	    dec	    hex	filename
  10932	    448	   4996	  16376	   3ff8	build/ch.elf
Creating build/ch.list

Done
sed -i 's#c:#/cygdrive/c#g' .dep/chcoreasm_v7m.o.d .dep/crt0.o.d .dep/vectors.o.d .dep/chcore.o.d .dep/chcore_v7m.o.d .dep/chsys.o.d .dep/chdebug.o.d .dep/chtm.o.d .dep/chstats.o.d .dep/chschd.o.d .dep/chvt.o.d .dep/chthreads.o.d .dep/chdynamic.o.d .dep/chregistry.o.d .dep/chsem.o.d .dep/chmtx.o.d .dep/chcond.o.d .dep/chevents.o.d .dep/chmsg.o.d .dep/chmboxes.o.d .dep/chqueues.o.d .dep/chmemcore.o.d .dep/chheap.o.d .dep/chmempools.o.d .dep/test.o.d .dep/testthd.o.d .dep/testsem.o.d .dep/testmtx.o.d .dep/testmsg.o.d .dep/testmbox.o.d .dep/testevt.o.d .dep/testheap.o.d .dep/testpools.o.d .dep/testdyn.o.d .dep/testqueues.o.d .dep/testbmk.o.d .dep/hal.o.d .dep/hal_queues.o.d .dep/hal_mmcsd.o.d .dep/adc.o.d .dep/can.o.d .dep/dac.o.d .dep/ext.o.d .dep/gpt.o.d .dep/i2c.o.d .dep/i2s.o.d .dep/icu.o.d .dep/mac.o.d .dep/mmc_spi.o.d .dep/pal.o.d .dep/pwm.o.d .dep/rtc.o.d .dep/sdc.o.d .dep/serial.o.d .dep/serial_usb.o.d .dep/spi.o.d .dep/st.o.d .dep/uart.o.d .dep/usb.o.d .dep/osal.o.d .dep/nvic.o.d .dep/stm32_dma.o.d .dep/hal_lld.o.d .dep/adc_lld.o.d .dep/ext_lld_isr.o.d .dep/can_lld.o.d .dep/ext_lld.o.d .dep/mac_lld.o.d .dep/sdc_lld.o.d .dep/dac_lld.o.d .dep/pal_lld.o.d .dep/i2c_lld.o.d .dep/usb_lld.o.d .dep/rtc_lld.o.d .dep/i2s_lld.o.d .dep/spi_lld.o.d .dep/gpt_lld.o.d .dep/icu_lld.o.d .dep/pwm_lld.o.d .dep/st_lld.o.d .dep/serial_lld.o.d .dep/uart_lld.o.d .dep/board.o.d .dep/syscalls.o.d .dep/chprintf.o.d .dep/ITM_trace.o.d .dep/ArrayCopy.o.d .dep/ArrayList.o.d .dep/queue.o.d .dep/main.o.d

08:05:25 Build Finished (took 26s.792ms)

