15:32:59 **** Incremental Build of configuration Default for project RT-STM32F407-DISCOVERY-uHttp ****
make all 
Compiling uhttpd.c
../../../demos/STM32/RT-STM32F407-DISCOVERY-uHttp/uhttp-1.1/uhttpd.c: In function 'CgiClock':
../../../demos/STM32/RT-STM32F407-DISCOVERY-uHttp/uhttp-1.1/uhttpd.c:203:2: warning: #warning Unknown OS, sleep missing [-Wcpp]
 #warning Unknown OS, sleep missing
  ^
../../../demos/STM32/RT-STM32F407-DISCOVERY-uHttp/uhttp-1.1/uhttpd.c: In function 'HttpAuthValidateAll':
../../../demos/STM32/RT-STM32F407-DISCOVERY-uHttp/uhttp-1.1/uhttpd.c:227:47: warning: unused parameter 'req' [-Wunused-parameter]
 static int HttpAuthValidateAll(HTTPD_SESSION *req)
                                               ^
../../../demos/STM32/RT-STM32F407-DISCOVERY-uHttp/uhttp-1.1/uhttpd.c: In function 'HttpLocationRedirNone':
../../../demos/STM32/RT-STM32F407-DISCOVERY-uHttp/uhttp-1.1/uhttpd.c:232:49: warning: unused parameter 'hs' [-Wunused-parameter]
 static int HttpLocationRedirNone(HTTPD_SESSION *hs)
                                                 ^
../../../demos/STM32/RT-STM32F407-DISCOVERY-uHttp/uhttp-1.1/uhttpd.c: In function 'HttpTask':
../../../demos/STM32/RT-STM32F407-DISCOVERY-uHttp/uhttp-1.1/uhttpd.c:664:4: warning: implicit declaration of function 'HttpRegisterRedir' [-Wimplicit-function-declaration]
    HttpRegisterRedir("", "/index.html", 301);
    ^
../../../demos/STM32/RT-STM32F407-DISCOVERY-uHttp/uhttp-1.1/uhttpd.c: At top level:
../../../demos/STM32/RT-STM32F407-DISCOVERY-uHttp/uhttp-1.1/uhttpd.c:134:12: warning: 'CgiGetForm' defined but not used [-Wunused-function]
 static int CgiGetForm(HTTPD_SESSION *hs)
            ^
../../../demos/STM32/RT-STM32F407-DISCOVERY-uHttp/uhttp-1.1/uhttpd.c:193:12: warning: 'CgiClock' defined but not used [-Wunused-function]
 static int CgiClock(HTTPD_SESSION *hs)
            ^
Linking build/ch.elf
Creating build/ch.hex
Creating build/ch.bin
Creating build/ch.dmp

   text	   data	    bss	    dec	    hex	filename
 394052	   3256	  22104	 419412	  66654	build/ch.elf
Creating build/ch.list

Done
sed -i 's#c:#/cygdrive/c#g' .dep/chcoreasm_v7m.o.d .dep/crt0.o.d .dep/vectors.o.d .dep/chcore.o.d .dep/chcore_v7m.o.d .dep/chsys.o.d .dep/chdebug.o.d .dep/chtm.o.d .dep/chstats.o.d .dep/chschd.o.d .dep/chvt.o.d .dep/chthreads.o.d .dep/chdynamic.o.d .dep/chregistry.o.d .dep/chsem.o.d .dep/chmtx.o.d .dep/chcond.o.d .dep/chevents.o.d .dep/chmsg.o.d .dep/chmboxes.o.d .dep/chqueues.o.d .dep/chmemcore.o.d .dep/chheap.o.d .dep/chmempools.o.d .dep/test.o.d .dep/testthd.o.d .dep/testsem.o.d .dep/testmtx.o.d .dep/testmsg.o.d .dep/testmbox.o.d .dep/testevt.o.d .dep/testheap.o.d .dep/testpools.o.d .dep/testdyn.o.d .dep/testqueues.o.d .dep/testbmk.o.d .dep/hal.o.d .dep/hal_queues.o.d .dep/hal_mmcsd.o.d .dep/adc.o.d .dep/can.o.d .dep/dac.o.d .dep/ext.o.d .dep/gpt.o.d .dep/i2c.o.d .dep/i2s.o.d .dep/icu.o.d .dep/mac.o.d .dep/mmc_spi.o.d .dep/pal.o.d .dep/pwm.o.d .dep/rtc.o.d .dep/sdc.o.d .dep/serial.o.d .dep/serial_usb.o.d .dep/spi.o.d .dep/st.o.d .dep/uart.o.d .dep/usb.o.d .dep/osal.o.d .dep/nvic.o.d .dep/stm32_dma.o.d .dep/hal_lld.o.d .dep/adc_lld.o.d .dep/ext_lld_isr.o.d .dep/can_lld.o.d .dep/ext_lld.o.d .dep/mac_lld.o.d .dep/sdc_lld.o.d .dep/dac_lld.o.d .dep/pal_lld.o.d .dep/i2c_lld.o.d .dep/usb_lld.o.d .dep/rtc_lld.o.d .dep/i2s_lld.o.d .dep/spi_lld.o.d .dep/gpt_lld.o.d .dep/icu_lld.o.d .dep/pwm_lld.o.d .dep/st_lld.o.d .dep/serial_lld.o.d .dep/uart_lld.o.d .dep/board.o.d .dep/lwipthread.o.d .dep/sys_arch.o.d .dep/etharp.o.d .dep/dhcp.o.d .dep/dns.o.d .dep/init.o.d .dep/mem.o.d .dep/memp.o.d .dep/netif.o.d .dep/pbuf.o.d .dep/raw.o.d .dep/stats.o.d .dep/sys.o.d .dep/tcp.o.d .dep/tcp_in.o.d .dep/tcp_out.o.d .dep/udp.o.d .dep/autoip.o.d .dep/icmp.o.d .dep/igmp.o.d .dep/inet.o.d .dep/inet_chksum.o.d .dep/ip.o.d .dep/ip_addr.o.d .dep/ip_frag.o.d .dep/def.o.d .dep/timers.o.d .dep/api_lib.o.d .dep/api_msg.o.d .dep/err.o.d .dep/netbuf.o.d .dep/netdb.o.d .dep/netifapi.o.d .dep/sockets.o.d .dep/tcpip.o.d .dep/mediatypes.o.d .dep/uhttpd.o.d .dep/utils.o.d .dep/mtinit.o.d .dep/responses.o.d .dep/io.o.d .dep/htdocs.o.d .dep/mtreg.o.d .dep/mod_cgi_func.o.d .dep/mod_redir.o.d .dep/streamio.o.d .dep/memory_buffer_alloc.o.d .dep/net.o.d .dep/timing.o.d .dep/x509parse.o.d .dep/asn1parse.o.d .dep/certs.o.d .dep/rsa.o.d .dep/bignum.o.d .dep/pem.o.d .dep/md5.o.d .dep/des.o.d .dep/aes.o.d .dep/base64.o.d .dep/pkcs5.o.d .dep/pkcs12.o.d .dep/md.o.d .dep/cipher.o.d .dep/arc4.o.d .dep/sha1.o.d .dep/camellia.o.d .dep/blowfish.o.d .dep/md_wrap.o.d .dep/cipher_wrap.o.d .dep/sha2.o.d .dep/sha4.o.d .dep/entropy.o.d .dep/ctr_drbg.o.d .dep/entropy_poll.o.d .dep/ssl_cache.o.d .dep/ssl_tls.o.d .dep/debug.o.d .dep/dhm.o.d .dep/error.o.d .dep/ssl_cli.o.d .dep/gcm.o.d .dep/evtimer.o.d .dep/syscalls.o.d .dep/chprintf.o.d .dep/ITM_trace.o.d .dep/ArrayCopy.o.d .dep/ArrayList.o.d .dep/queue.o.d .dep/main.o.d

15:33:10 Build Finished (took 10s.78ms)

