09:21:44 **** Build of configuration Default for project Verventa-thermostaat ****
make all 
STM32F437VG_FLASH.ld
Src/system_stm32f4xx.c Src/stm32f4xx_it.c Src/main.c Src/stm32f4xx_sd.c Src/stm32f4xx_hal_msp.c Src/newlib_stubs.c Src/logger.c Src/ntc.c gui/ThermostatDLG.c gui/GUI_verventa.c gui/ModbusDLG.c gui/res/fanBmps.c emWin/stm32_ub_stemwin.c emWin/config/GUIDRV_stm32f407_discovery.c emWin/config/stm32f4xx_rcc.c emWin/config/GUIConf.c emWin/os/GUI_X.c freemodbus-v1.5.0/port/portevent.c freemodbus-v1.5.0/port/portserial.c freemodbus-v1.5.0/port/porttimer.c freemodbus-v1.5.0/port/port.c freemodbus-v1.5.0/modbus/mb.c freemodbus-v1.5.0/modbus/rtu/mbrtu.c freemodbus-v1.5.0/modbus/rtu/mbcrc.c freemodbus-v1.5.0/modbus/ascii/mbascii.c freemodbus-v1.5.0/modbus/functions/mbutils.c freemodbus-v1.5.0/modbus/functions/mbfunccoils.c freemodbus-v1.5.0/modbus/functions/mbfuncdiag.c freemodbus-v1.5.0/modbus/functions/mbfuncother.c freemodbus-v1.5.0/modbus/functions/mbfuncdisc.c freemodbus-v1.5.0/modbus/functions/mbfuncinput.c freemodbus-v1.5.0/modbus/functions/mbfuncholding.c ../STM32Cube_FW_F4_V1.4.0/Drivers/STM32F4xx_HAL_Driver/Src/stm32f4xx_hal_crc.c ../STM32Cube_FW_F4_V1.4.0/Drivers/STM32F4xx_HAL_Driver/Src/stm32f4xx_hal_pwr_ex.c ../STM32Cube_FW_F4_V1.4.0/Drivers/STM32F4xx_HAL_Driver/Src/stm32f4xx_hal_rtc_ex.c ../STM32Cube_FW_F4_V1.4.0/Drivers/STM32F4xx_HAL_Driver/Src/stm32f4xx_hal_ltdc.c ../STM32Cube_FW_F4_V1.4.0/Drivers/STM32F4xx_HAL_Driver/Src/stm32f4xx_ll_sdmmc.c ../STM32Cube_FW_F4_V1.4.0/Drivers/STM32F4xx_HAL_Driver/Src/stm32f4xx_hal_rcc.c ../STM32Cube_FW_F4_V1.4.0/Drivers/STM32F4xx_HAL_Driver/Src/stm32f4xx_hal_sd.c ../STM32Cube_FW_F4_V1.4.0/Drivers/STM32F4xx_HAL_Driver/Src/stm32f4xx_hal_eth.c ../STM32Cube_FW_F4_V1.4.0/Drivers/STM32F4xx_HAL_Driver/Src/stm32f4xx_hal_i2c.c ../STM32Cube_FW_F4_V1.4.0/Drivers/STM32F4xx_HAL_Driver/Src/stm32f4xx_hal_flash_ramfunc.c ../STM32Cube_FW_F4_V1.4.0/Drivers/STM32F4xx_HAL_Driver/Src/stm32f4xx_hal_pwr.c ../STM32Cube_FW_F4_V1.4.0/Drivers/STM32F4xx_HAL_Driver/Src/stm32f4xx_hal_rtc.c ../STM32Cube_FW_F4_V1.4.0/Drivers/STM32F4xx_HAL_Driver/Src/stm32f4xx_hal_i2c_ex.c ../STM32Cube_FW_F4_V1.4.0/Drivers/STM32F4xx_HAL_Driver/Src/stm32f4xx_hal_cortex.c ../STM32Cube_FW_F4_V1.4.0/Drivers/STM32F4xx_HAL_Driver/Src/stm32f4xx_ll_fmc.c ../STM32Cube_FW_F4_V1.4.0/Drivers/STM32F4xx_HAL_Driver/Src/stm32f4xx_hal_pccard.c ../STM32Cube_FW_F4_V1.4.0/Drivers/STM32F4xx_HAL_Driver/Src/stm32f4xx_hal_i2s.c ../STM32Cube_FW_F4_V1.4.0/Drivers/STM32F4xx_HAL_Driver/Src/stm32f4xx_hal_spi.c ../STM32Cube_FW_F4_V1.4.0/Drivers/STM32F4xx_HAL_Driver/Src/stm32f4xx_hal_uart.c ../STM32Cube_FW_F4_V1.4.0/Drivers/STM32F4xx_HAL_Driver/Src/stm32f4xx_hal_wwdg.c ../STM32Cube_FW_F4_V1.4.0/Drivers/STM32F4xx_HAL_Driver/Src/stm32f4xx_hal_rng.c ../STM32Cube_FW_F4_V1.4.0/Drivers/STM32F4xx_HAL_Driver/Src/stm32f4xx_hal_flash_ex.c ../STM32Cube_FW_F4_V1.4.0/Drivers/STM32F4xx_HAL_Driver/Src/stm32f4xx_ll_usb.c ../STM32Cube_FW_F4_V1.4.0/Drivers/STM32F4xx_HAL_Driver/Src/stm32f4xx_hal_i2s_ex.c ../STM32Cube_FW_F4_V1.4.0/Drivers/STM32F4xx_HAL_Driver/Src/stm32f4xx_ll_fsmc.c ../STM32Cube_FW_F4_V1.4.0/Drivers/STM32F4xx_HAL_Driver/Src/stm32f4xx_hal_irda.c ../STM32Cube_FW_F4_V1.4.0/Drivers/STM32F4xx_HAL_Driver/Src/stm32f4xx_hal_flash.c ../STM32Cube_FW_F4_V1.4.0/Drivers/STM32F4xx_HAL_Driver/Src/stm32f4xx_hal_sdram.c ../STM32Cube_FW_F4_V1.4.0/Drivers/STM32F4xx_HAL_Driver/Src/stm32f4xx_hal_dac_ex.c ../STM32Cube_FW_F4_V1.4.0/Drivers/STM32F4xx_HAL_Driver/Src/stm32f4xx_hal_usart.c ../STM32Cube_FW_F4_V1.4.0/Drivers/STM32F4xx_HAL_Driver/Src/stm32f4xx_hal_sram.c ../STM32Cube_FW_F4_V1.4.0/Drivers/STM32F4xx_HAL_Driver/Src/stm32f4xx_hal_dma_ex.c ../STM32Cube_FW_F4_V1.4.0/Drivers/STM32F4xx_HAL_Driver/Src/stm32f4xx_hal_hash_ex.c ../STM32Cube_FW_F4_V1.4.0/Drivers/STM32F4xx_HAL_Driver/Src/stm32f4xx_hal_nor.c ../STM32Cube_FW_F4_V1.4.0/Drivers/STM32F4xx_HAL_Driver/Src/stm32f4xx_hal_can.c ../STM32Cube_FW_F4_V1.4.0/Drivers/STM32F4xx_HAL_Driver/Src/stm32f4xx_hal_dac.c ../STM32Cube_FW_F4_V1.4.0/Drivers/STM32F4xx_HAL_Driver/Src/stm32f4xx_hal_hcd.c ../STM32Cube_FW_F4_V1.4.0/Drivers/STM32F4xx_HAL_Driver/Src/stm32f4xx_hal_dma.c ../STM32Cube_FW_F4_V1.4.0/Drivers/STM32F4xx_HAL_Driver/Src/stm32f4xx_hal_adc_ex.c ../STM32Cube_FW_F4_V1.4.0/Drivers/STM32F4xx_HAL_Driver/Src/stm32f4xx_hal_tim_ex.c ../STM32Cube_FW_F4_V1.4.0/Drivers/STM32F4xx_HAL_Driver/Src/stm32f4xx_hal_cryp_ex.c ../STM32Cube_FW_F4_V1.4.0/Drivers/STM32F4xx_HAL_Driver/Src/stm32f4xx_hal_sai.c ../STM32Cube_FW_F4_V1.4.0/Drivers/STM32F4xx_HAL_Driver/Src/stm32f4xx_hal_dma2d.c ../STM32Cube_FW_F4_V1.4.0/Drivers/STM32F4xx_HAL_Driver/Src/stm32f4xx_hal_iwdg.c ../STM32Cube_FW_F4_V1.4.0/Drivers/STM32F4xx_HAL_Driver/Src/stm32f4xx_hal_smartcard.c ../STM32Cube_FW_F4_V1.4.0/Drivers/STM32F4xx_HAL_Driver/Src/stm32f4xx_hal_adc.c ../STM32Cube_FW_F4_V1.4.0/Drivers/STM32F4xx_HAL_Driver/Src/stm32f4xx_hal_pcd_ex.c ../STM32Cube_FW_F4_V1.4.0/Drivers/STM32F4xx_HAL_Driver/Src/stm32f4xx_hal_tim.c ../STM32Cube_FW_F4_V1.4.0/Drivers/STM32F4xx_HAL_Driver/Src/stm32f4xx_hal_gpio.c ../STM32Cube_FW_F4_V1.4.0/Drivers/STM32F4xx_HAL_Driver/Src/stm32f4xx_hal_nand.c ../STM32Cube_FW_F4_V1.4.0/Drivers/STM32F4xx_HAL_Driver/Src/stm32f4xx_hal_cryp.c ../STM32Cube_FW_F4_V1.4.0/Drivers/STM32F4xx_HAL_Driver/Src/stm32f4xx_hal.c ../STM32Cube_FW_F4_V1.4.0/Drivers/STM32F4xx_HAL_Driver/Src/stm32f4xx_hal_rcc_ex.c ../STM32Cube_FW_F4_V1.4.0/Drivers/STM32F4xx_HAL_Driver/Src/stm32f4xx_hal_hash.c ../STM32Cube_FW_F4_V1.4.0/Drivers/STM32F4xx_HAL_Driver/Src/stm32f4xx_hal_pcd.c ../STM32Cube_FW_F4_V1.4.0/Drivers/STM32F4xx_HAL_Driver/Src/stm32f4xx_hal_dcmi.c ../STM32Cube_FW_F4_V1.4.0/Middlewares/Third_Party/FatFs/src/diskio.c ../STM32Cube_FW_F4_V1.4.0/Middlewares/Third_Party/FatFs/src/ff_gen_drv.c ../STM32Cube_FW_F4_V1.4.0/Middlewares/Third_Party/FatFs/src/ff.c ../STM32Cube_FW_F4_V1.4.0/Middlewares/Third_Party/FatFs/src/drivers/sd/sd_diskio.c ./drivers/display/ili_9341.c ./drivers/display/FT6206.c
sed -i 's#c:#/cygdrive/c#g' out_A/startup_stm32f407xx.d out_A/system_stm32f4xx.d out_A/stm32f4xx_it.d out_A/main.d out_A/stm32f4xx_sd.d out_A/stm32f4xx_hal_msp.d out_A/newlib_stubs.d out_A/logger.d out_A/ntc.d out_A/ThermostatDLG.d out_A/GUI_verventa.d out_A/ModbusDLG.d out_A/fanBmps.d out_A/stm32_ub_stemwin.d out_A/GUIDRV_stm32f407_discovery.d out_A/stm32f4xx_rcc.d out_A/GUIConf.d out_A/GUI_X.d out_A/portevent.d out_A/portserial.d out_A/porttimer.d out_A/port.d out_A/mb.d out_A/mbrtu.d out_A/mbcrc.d out_A/mbascii.d out_A/mbutils.d out_A/mbfunccoils.d out_A/mbfuncdiag.d out_A/mbfuncother.d out_A/mbfuncdisc.d out_A/mbfuncinput.d out_A/mbfuncholding.d out_A/stm32f4xx_hal_crc.d out_A/stm32f4xx_hal_pwr_ex.d out_A/stm32f4xx_hal_rtc_ex.d out_A/stm32f4xx_hal_ltdc.d out_A/stm32f4xx_ll_sdmmc.d out_A/stm32f4xx_hal_rcc.d out_A/stm32f4xx_hal_sd.d out_A/stm32f4xx_hal_eth.d out_A/stm32f4xx_hal_i2c.d out_A/stm32f4xx_hal_flash_ramfunc.d out_A/stm32f4xx_hal_pwr.d out_A/stm32f4xx_hal_rtc.d out_A/stm32f4xx_hal_i2c_ex.d out_A/stm32f4xx_hal_cortex.d out_A/stm32f4xx_ll_fmc.d out_A/stm32f4xx_hal_pccard.d out_A/stm32f4xx_hal_i2s.d out_A/stm32f4xx_hal_spi.d out_A/stm32f4xx_hal_uart.d out_A/stm32f4xx_hal_wwdg.d out_A/stm32f4xx_hal_rng.d out_A/stm32f4xx_hal_flash_ex.d out_A/stm32f4xx_ll_usb.d out_A/stm32f4xx_hal_i2s_ex.d out_A/stm32f4xx_ll_fsmc.d out_A/stm32f4xx_hal_irda.d out_A/stm32f4xx_hal_flash.d out_A/stm32f4xx_hal_sdram.d out_A/stm32f4xx_hal_dac_ex.d out_A/stm32f4xx_hal_usart.d out_A/stm32f4xx_hal_sram.d out_A/stm32f4xx_hal_dma_ex.d out_A/stm32f4xx_hal_hash_ex.d out_A/stm32f4xx_hal_nor.d out_A/stm32f4xx_hal_can.d out_A/stm32f4xx_hal_dac.d out_A/stm32f4xx_hal_hcd.d out_A/stm32f4xx_hal_dma.d out_A/stm32f4xx_hal_adc_ex.d out_A/stm32f4xx_hal_tim_ex.d out_A/stm32f4xx_hal_cryp_ex.d out_A/stm32f4xx_hal_sai.d out_A/stm32f4xx_hal_dma2d.d out_A/stm32f4xx_hal_iwdg.d out_A/stm32f4xx_hal_smartcard.d out_A/stm32f4xx_hal_adc.d out_A/stm32f4xx_hal_pcd_ex.d out_A/stm32f4xx_hal_tim.d out_A/stm32f4xx_hal_gpio.d out_A/stm32f4xx_hal_nand.d out_A/stm32f4xx_hal_cryp.d out_A/stm32f4xx_hal.d out_A/stm32f4xx_hal_rcc_ex.d out_A/stm32f4xx_hal_hash.d out_A/stm32f4xx_hal_pcd.d out_A/stm32f4xx_hal_dcmi.d out_A/diskio.d out_A/ff_gen_drv.d out_A/ff.d out_A/sd_diskio.d out_A/ili_9341.d out_A/FT6206.d out_A/test.d
Size of modules:
arm-none-eabi-size -B -t --common out_A/startup_stm32f407xx.o out_A/system_stm32f4xx.o out_A/stm32f4xx_it.o out_A/main.o out_A/stm32f4xx_sd.o out_A/stm32f4xx_hal_msp.o out_A/newlib_stubs.o out_A/logger.o out_A/ntc.o out_A/ThermostatDLG.o out_A/GUI_verventa.o out_A/ModbusDLG.o out_A/fanBmps.o out_A/stm32_ub_stemwin.o out_A/GUIDRV_stm32f407_discovery.o out_A/stm32f4xx_rcc.o out_A/GUIConf.o out_A/GUI_X.o out_A/portevent.o out_A/portserial.o out_A/porttimer.o out_A/port.o out_A/mb.o out_A/mbrtu.o out_A/mbcrc.o out_A/mbascii.o out_A/mbutils.o out_A/mbfunccoils.o out_A/mbfuncdiag.o out_A/mbfuncother.o out_A/mbfuncdisc.o out_A/mbfuncinput.o out_A/mbfuncholding.o out_A/stm32f4xx_hal_crc.o out_A/stm32f4xx_hal_pwr_ex.o out_A/stm32f4xx_hal_rtc_ex.o out_A/stm32f4xx_hal_ltdc.o out_A/stm32f4xx_ll_sdmmc.o out_A/stm32f4xx_hal_rcc.o out_A/stm32f4xx_hal_sd.o out_A/stm32f4xx_hal_eth.o out_A/stm32f4xx_hal_i2c.o out_A/stm32f4xx_hal_flash_ramfunc.o out_A/stm32f4xx_hal_pwr.o out_A/stm32f4xx_hal_rtc.o out_A/stm32f4xx_hal_i2c_ex.o out_A/stm32f4xx_hal_cortex.o out_A/stm32f4xx_ll_fmc.o out_A/stm32f4xx_hal_pccard.o out_A/stm32f4xx_hal_i2s.o out_A/stm32f4xx_hal_spi.o out_A/stm32f4xx_hal_uart.o out_A/stm32f4xx_hal_wwdg.o out_A/stm32f4xx_hal_rng.o out_A/stm32f4xx_hal_flash_ex.o out_A/stm32f4xx_ll_usb.o out_A/stm32f4xx_hal_i2s_ex.o out_A/stm32f4xx_ll_fsmc.o out_A/stm32f4xx_hal_irda.o out_A/stm32f4xx_hal_flash.o out_A/stm32f4xx_hal_sdram.o out_A/stm32f4xx_hal_dac_ex.o out_A/stm32f4xx_hal_usart.o out_A/stm32f4xx_hal_sram.o out_A/stm32f4xx_hal_dma_ex.o out_A/stm32f4xx_hal_hash_ex.o out_A/stm32f4xx_hal_nor.o out_A/stm32f4xx_hal_can.o out_A/stm32f4xx_hal_dac.o out_A/stm32f4xx_hal_hcd.o out_A/stm32f4xx_hal_dma.o out_A/stm32f4xx_hal_adc_ex.o out_A/stm32f4xx_hal_tim_ex.o out_A/stm32f4xx_hal_cryp_ex.o out_A/stm32f4xx_hal_sai.o out_A/stm32f4xx_hal_dma2d.o out_A/stm32f4xx_hal_iwdg.o out_A/stm32f4xx_hal_smartcard.o out_A/stm32f4xx_hal_adc.o out_A/stm32f4xx_hal_pcd_ex.o out_A/stm32f4xx_hal_tim.o out_A/stm32f4xx_hal_gpio.o out_A/stm32f4xx_hal_nand.o out_A/stm32f4xx_hal_cryp.o out_A/stm32f4xx_hal.o out_A/stm32f4xx_hal_rcc_ex.o out_A/stm32f4xx_hal_hash.o out_A/stm32f4xx_hal_pcd.o out_A/stm32f4xx_hal_dcmi.o out_A/diskio.o out_A/ff_gen_drv.o out_A/ff.o out_A/sd_diskio.o out_A/ili_9341.o out_A/FT6206.o out_A/test.o  
   text	   data	    bss	    dec	    hex	filename
    490	      0	      0	    490	    1ea	out_A/startup_stm32f407xx.o
    180	     20	      0	    200	     c8	out_A/system_stm32f4xx.o
    235	      0	     17	    252	     fc	out_A/stm32f4xx_it.o
   2563	     85	   4163	   6811	   1a9b	out_A/main.o
    818	      0	    344	   1162	    48a	out_A/stm32f4xx_sd.o
    812	      0	      0	    812	    32c	out_A/stm32f4xx_hal_msp.o
    383	      4	      8	    395	    18b	out_A/newlib_stubs.o
    107	      0	    560	    667	    29b	out_A/logger.o
    266	      0	    564	    830	    33e	out_A/ntc.o
   2412	      0	     55	   2467	    9a3	out_A/ThermostatDLG.o
   1812	      0	    124	   1936	    790	out_A/GUI_verventa.o
    707	      0	      4	    711	    2c7	out_A/ModbusDLG.o
  34910	      0	      0	  34910	   885e	out_A/fanBmps.o
    138	      0	      1	    139	     8b	out_A/stm32_ub_stemwin.o
    220	      0	      0	    220	     dc	out_A/GUIDRV_stm32f407_discovery.o
   2775	     16	      0	   2791	    ae7	out_A/stm32f4xx_rcc.o
     16	  51200	      0	  51216	   c810	out_A/GUIConf.o
     42	      0	      4	     46	     2e	out_A/GUI_X.o
     72	      0	      2	     74	     4a	out_A/portevent.o
    638	     16	     17	    671	    29f	out_A/portserial.o
    107	      0	      0	    107	     6b	out_A/porttimer.o
      8	      0	      0	      8	      8	out_A/port.o
    648	    129	     51	    828	    33c	out_A/mb.o
    985	      0	    266	   1251	    4e3	out_A/mbrtu.o
    564	      0	      0	    564	    234	out_A/mbcrc.o
      0	      0	      0	      0	      0	out_A/mbascii.o
    192	      0	      0	    192	     c0	out_A/mbutils.o
    270	      0	      0	    270	    10e	out_A/mbfunccoils.o
      0	      0	      0	      0	      0	out_A/mbfuncdiag.o
     96	      0	     34	    130	     82	out_A/mbfuncother.o
    106	      0	      0	    106	     6a	out_A/mbfuncdisc.o
     88	      0	      0	     88	     58	out_A/mbfuncinput.o
    374	      0	      0	    374	    176	out_A/mbfuncholding.o
    307	      0	      0	    307	    133	out_A/stm32f4xx_hal_crc.o
    730	      0	      0	    730	    2da	out_A/stm32f4xx_hal_pwr_ex.o
   3170	      0	      0	   3170	    c62	out_A/stm32f4xx_hal_rtc_ex.o
      0	      0	      0	      0	      0	out_A/stm32f4xx_hal_ltdc.o
    684	      0	      0	    684	    2ac	out_A/stm32f4xx_ll_sdmmc.o
   2721	      0	      0	   2721	    aa1	out_A/stm32f4xx_hal_rcc.o
   5564	      0	      0	   5564	   15bc	out_A/stm32f4xx_hal_sd.o
      0	      0	      0	      0	      0	out_A/stm32f4xx_hal_eth.o
   7203	      0	      0	   7203	   1c23	out_A/stm32f4xx_hal_i2c.o
      0	      0	      0	      0	      0	out_A/stm32f4xx_hal_flash_ramfunc.o
    789	      0	      0	    789	    315	out_A/stm32f4xx_hal_pwr.o
   3591	      0	      0	   3591	    e07	out_A/stm32f4xx_hal_rtc.o
    346	      0	      0	    346	    15a	out_A/stm32f4xx_hal_i2c_ex.o
    812	      0	      0	    812	    32c	out_A/stm32f4xx_hal_cortex.o
   3886	      0	      0	   3886	    f2e	out_A/stm32f4xx_ll_fmc.o
      0	      0	      0	      0	      0	out_A/stm32f4xx_hal_pccard.o
      0	      0	      0	      0	      0	out_A/stm32f4xx_hal_i2s.o
      0	      0	      0	      0	      0	out_A/stm32f4xx_hal_spi.o
   3854	      0	      0	   3854	    f0e	out_A/stm32f4xx_hal_uart.o
    480	      0	      0	    480	    1e0	out_A/stm32f4xx_hal_wwdg.o
      0	      0	      0	      0	      0	out_A/stm32f4xx_hal_rng.o
   1744	      0	      0	   1744	    6d0	out_A/stm32f4xx_hal_flash_ex.o
      0	      0	      0	      0	      0	out_A/stm32f4xx_ll_usb.o
      0	      0	      0	      0	      0	out_A/stm32f4xx_hal_i2s_ex.o
      0	      0	      0	      0	      0	out_A/stm32f4xx_ll_fsmc.o
      0	      0	      0	      0	      0	out_A/stm32f4xx_hal_irda.o
   1173	      0	     32	   1205	    4b5	out_A/stm32f4xx_hal_flash.o
      0	      0	      0	      0	      0	out_A/stm32f4xx_hal_sdram.o
      0	      0	      0	      0	      0	out_A/stm32f4xx_hal_dac_ex.o
   3125	      0	      0	   3125	    c35	out_A/stm32f4xx_hal_usart.o
    728	      0	      0	    728	    2d8	out_A/stm32f4xx_hal_sram.o
    400	      0	      0	    400	    190	out_A/stm32f4xx_hal_dma_ex.o
   3048	      0	      0	   3048	    be8	out_A/stm32f4xx_hal_hash_ex.o
   1300	      0	      0	   1300	    514	out_A/stm32f4xx_hal_nor.o
      0	      0	      0	      0	      0	out_A/stm32f4xx_hal_can.o
      0	      0	      0	      0	      0	out_A/stm32f4xx_hal_dac.o
      0	      0	      0	      0	      0	out_A/stm32f4xx_hal_hcd.o
   7393	      0	      0	   7393	   1ce1	out_A/stm32f4xx_hal_dma.o
   1696	      0	      0	   1696	    6a0	out_A/stm32f4xx_hal_adc_ex.o
   4960	      0	      0	   4960	   1360	out_A/stm32f4xx_hal_tim_ex.o
      0	      0	      0	      0	      0	out_A/stm32f4xx_hal_cryp_ex.o
      0	      0	      0	      0	      0	out_A/stm32f4xx_hal_sai.o
      0	      0	      0	      0	      0	out_A/stm32f4xx_hal_dma2d.o
      0	      0	      0	      0	      0	out_A/stm32f4xx_hal_iwdg.o
      0	      0	      0	      0	      0	out_A/stm32f4xx_hal_smartcard.o
   2461	      0	      0	   2461	    99d	out_A/stm32f4xx_hal_adc.o
      0	      0	      0	      0	      0	out_A/stm32f4xx_hal_pcd_ex.o
  19251	      0	      0	  19251	   4b33	out_A/stm32f4xx_hal_tim.o
   1178	      0	      0	   1178	    49a	out_A/stm32f4xx_hal_gpio.o
      0	      0	      0	      0	      0	out_A/stm32f4xx_hal_nand.o
      0	      0	      0	      0	      0	out_A/stm32f4xx_hal_cryp.o
    456	      0	      4	    460	    1cc	out_A/stm32f4xx_hal.o
   1134	      0	      0	   1134	    46e	out_A/stm32f4xx_hal_rcc_ex.o
   3178	      0	      0	   3178	    c6a	out_A/stm32f4xx_hal_hash.o
      0	      0	      0	      0	      0	out_A/stm32f4xx_hal_pcd.o
      0	      0	      0	      0	      0	out_A/stm32f4xx_hal_dcmi.o
    132	      0	      0	    132	     84	out_A/diskio.o
    124	      0	     12	    136	     88	out_A/ff_gen_drv.o
  10951	      0	     30	  10981	   2ae5	out_A/ff.o
    208	     21	      0	    229	     e5	out_A/sd_diskio.o
    406	      0	      0	    406	    196	out_A/ili_9341.o
    662	      0	     32	    694	    2b6	out_A/FT6206.o
     22	      0	      0	     22	     16	out_A/test.o
 152901	  51491	   6324	 210716	  3371c	(TOTALS)
 
Size of target .elf file:
arm-none-eabi-size -B out_A/Verventa-thermostaat.elf
   text	   data	    bss	    dec	    hex	filename
 219588	  54372	   7768	 281728	  44c80	out_A/Verventa-thermostaat.elf
 

09:21:52 Build Finished (took 7s.709ms)

